
[7m[1m[36m RUN [39m[22m[27m [36mv1.6.1[39m [90mC:/Users/Admin/Desktop/Programa 01 - copia[39m

 [32mΓ£ô[39m tests/unit/InvoiceDetails.test.js [2m ([22m[2m2 tests[22m[2m)[22m[90m 64[2mms[22m[39m
 [32mΓ£ô[39m tests/unit/InvoiceDeletion.test.js [2m ([22m[2m3 tests[22m[2m)[22m[90m 73[2mms[22m[39m
 [32mΓ£ô[39m tests/unit/expenses.test.js [2m ([22m[2m5 tests[22m[2m)[22m[90m 83[2mms[22m[39m
[90mstdout[2m | tests/unit/db.manager.test.js[2m > [22m[2mprocessInvoice - Persistencia ACID[2m > [22m[2mdebe usar EFECTIVO_USD por defecto si no se especifica el m├⌐todo[22m[39m
Test IDs: { paciente: [33m1[39m, medico: [33m1[39m }

[90mstdout[2m | tests/unit/db.manager.test.js[2m > [22m[2mprocessInvoice - Persistencia ACID[2m > [22m[2mdebe registrar gasto extra de servicio y reflejarlo en contabilidad[22m[39m
Gasto Test IDs: { p: [33m1[39m, m: [33m1[39m, s: [33m1[39m }

 [32mΓ£ô[39m tests/unit/db.manager.test.js [2m ([22m[2m8 tests[22m[2m)[22m[90m 113[2mms[22m[39m
 [32mΓ£ô[39m tests/unit/rentals.test.js [2m ([22m[2m4 tests[22m[2m)[22m[90m 23[2mms[22m[39m
 [32mΓ£ô[39m tests/unit/serviceLogic.test.js [2m ([22m[2m9 tests[22m[2m)[22m[90m 35[2mms[22m[39m
 [32mΓ£ô[39m tests/supplies.test.js [2m ([22m[2m17 tests[22m[2m)[22m[90m 230[2mms[22m[39m
 [33mΓ¥»[39m tests/integration/doctorDb.integration.test.js [2m ([22m[2m0 test[22m[2m)[22m
 [32mΓ£ô[39m tests/integration/persistence.test.js [2m ([22m[2m1 test[22m[2m)[22m[33m 616[2mms[22m[39m
 [32mΓ£ô[39m tests/integration/auth.test.js [2m ([22m[2m3 tests[22m[2m)[22m[33m 1321[2mms[22m[39m
 [32mΓ£ô[39m tests/reportService.test.js [2m ([22m[2m6 tests[22m[2m)[22m[90m 146[2mms[22m[39m
 [32mΓ£ô[39m tests/simulacro_contabilidad.test.ts [2m ([22m[2m1 test[22m[2m)[22m[90m 65[2mms[22m[39m
 [32mΓ£ô[39m src/logic/billingEngine.test.js [2m ([22m[2m10 tests[22m[2m)[22m[90m 34[2mms[22m[39m
 [33mΓ¥»[39m tests/unit/App.test.jsx [2m ([22m[2m0 test[22m[2m)[22m
 [32mΓ£ô[39m tests/contabilidad/dashboard.test.js [2m ([22m[2m5 tests[22m[2m)[22m[90m 148[2mms[22m[39m
[90mstdout[2m | src/components/Billing/InvoiceForm.test.jsx[2m > [22m[2mInvoiceForm[2m > [22m[2mdebe validar que los d├¡gitos sean 4 en pagos electr├│nicos[22m[39m
Metodo Pago Label HTML: <input class="inv-input" placeholder="Ej: 1234" type="text" value="12">

 [32mΓ£ô[39m src/components/Billing/InvoiceForm.test.jsx [2m ([22m[2m6 tests[22m[2m)[22m[33m 1881[2mms[22m[39m
 [33mΓ¥»[39m tests/integration/services.integration.test.jsx [2m ([22m[2m0 test[22m[2m)[22m
[90mstdout[2m | tests/verify_accounting.test.js[2m > [22m[2mVerification of Accounting KPIs[2m > [22m[2mshould reflect insumo cost and extra service cost in operative stats but not in global stats[22m[39m
STATS GLOBAL: {
  ingresos_totales: [33m100[39m,
  egresos_totales: [33m16[39m,
  ganancia_neta: [33m84[39m,
  margen_neto: [33m84[39m
}
STATS OPERATIVO: {
  ingresos_totales: [33m100[39m,
  egresos_totales: [33m16[39m,
  ganancia_neta: [33m84[39m,
  margen_neto: [33m84[39m
}
TREND DATA: {
  fecha: [32m'2026-05-03'[39m,
  ingresos_usd: [33m100[39m,
  egresos_usd_global: [33m16[39m,
  egresos_usd_operativo: [33m16[39m,
  egresos_usd: [33m16[39m,
  ganancia_neta_usd: [33m84[39m
}

 [32mΓ£ô[39m tests/verify_accounting.test.js [2m ([22m[2m1 test[22m[2m)[22m[90m 181[2mms[22m[39m
 [32mΓ£ô[39m tests/unit/DoctorService.test.jsx [2m ([22m[2m5 tests[22m[2m)[22m[90m 78[2mms[22m[39m
node.exe : [90mstderr[2m | tests/unit/ServicesUI.test.jsx[2m > [22m[2mServices UI - Functional Button Tests[2m > 
[22m[2mServiceList should call deleteService when clicking trash icon[22m[39m
En línea: 1 Carácter: 1
+ & "C:\Program Files\nodejs/node.exe" "C:\Users\Admin\AppData\Roaming\ ...
+ ~~~~~~~~~~~~~~~~~~~~~~~~~~~~~~~~~~~~~~~~~~~~~~~~~~~~~~~~~~~~~~~~~~~~~
    + CategoryInfo          : NotSpecified: ([90mstderr[2m... icon[22m[39m:String) [], RemoteException
    + FullyQualifiedErrorId : NativeCommandError
 
An update to ServiceList inside a test was not wrapped in act(...).

When testing, code that causes React state updates should be wrapped into act(...):

act(() => {
  /* fire events that update state */
});
/* assert on the output */

This ensures that you're testing the behavior the user would see in the browser. Learn more at 
https://react.dev/link/wrap-tests-with-act
An update to ServiceList inside a test was not wrapped in act(...).

When testing, code that causes React state updates should be wrapped into act(...):

act(() => {
  /* fire events that update state */
});
/* assert on the output */

This ensures that you're testing the behavior the user would see in the browser. Learn more at 
https://react.dev/link/wrap-tests-with-act
An update to ServiceList inside a test was not wrapped in act(...).

When testing, code that causes React state updates should be wrapped into act(...):

act(() => {
  /* fire events that update state */
});
/* assert on the output */

This ensures that you're testing the behavior the user would see in the browser. Learn more at 
https://react.dev/link/wrap-tests-with-act
An update to ServiceList inside a test was not wrapped in act(...).

When testing, code that causes React state updates should be wrapped into act(...):

act(() => {
  /* fire events that update state */
});
/* assert on the output */

This ensures that you're testing the behavior the user would see in the browser. Learn more at 
https://react.dev/link/wrap-tests-with-act

 [32mΓ£ô[39m tests/unit/ServicesUI.test.jsx [2m ([22m[2m3 tests[22m[2m)[22m[33m 1668[2mms[22m[39m
 [32mΓ£ô[39m tests/unit/Dashboard.test.jsx [2m ([22m[2m7 tests[22m[2m)[22m[33m 1597[2mms[22m[39m
 [32mΓ£ô[39m tests/liquidacionService.test.js [2m ([22m[2m4 tests[22m[2m)[22m[90m 31[2mms[22m[39m
 [33mΓ¥»[39m src/App.test.jsx [2m ([22m[2m0 test[22m[2m)[22m
 [32mΓ£ô[39m tests/RentalList.test.jsx [2m ([22m[2m3 tests[22m[2m)[22m[33m 2758[2mms[22m[39m
 [33mΓ¥»[39m tests/InvoiceHistory.test.jsx [2m ([22m[2m0 test[22m[2m)[22m
 [32mΓ£ô[39m tests/unit/Jornadas.test.jsx [2m ([22m[2m3 tests[22m[2m)[22m[90m 15[2mms[22m[39m
[90mstdout[2m | tests/unit/BrowserPersistence.test.js[2m > [22m[2mBrowser Persistence (localStorage)[2m > [22m[2mshould update a doctor in localStorage[22m[39m
DB Local Actualizada (localStorage):
ΓöîΓöÇΓöÇΓöÇΓöÇΓöÇΓöÇΓöÇΓöÇΓöÇΓö¼ΓöÇΓöÇΓöÇΓöÇΓö¼ΓöÇΓöÇΓöÇΓöÇΓöÇΓöÇΓöÇΓöÇΓöÇΓöÇΓöÇΓöÇΓöÇΓöÇΓöÇΓöÇΓöÇΓöÇΓöÇΓöÇΓöÇΓöÇΓöÇΓöÇΓö¼ΓöÇΓöÇΓöÇΓöÇΓöÇΓöÇΓöÇΓöÇΓöÇΓöÇΓöÇΓöÇΓö¼ΓöÇΓöÇΓöÇΓöÇΓöÇΓöÇΓöÇΓöÇΓöÇΓöÇΓöÇΓöÇΓöÇΓöÇΓöÇΓöÇΓö¼ΓöÇΓöÇΓöÇΓöÇΓöÇΓöÇΓöÇΓöÇΓöÇΓöÇΓöÇΓöÇΓöÇΓöÇΓöÇΓöÇΓöÇΓöÇΓöÇΓöÇΓöÇΓöÇΓöÇΓöÇΓöÇΓö¼ΓöÇΓöÇΓöÇΓöÇΓöÇΓöÇΓöÇΓöÇΓöÇΓöÇΓöÇΓöÇΓöÇΓöÇΓöÇΓö¼ΓöÇΓöÇΓöÇΓöÇΓöÇΓöÇΓöÇΓöÇΓöÉ
Γöé (index) Γöé id Γöé nombre                 Γöé cedula_rif Γöé telefono       Γöé correo                  Γöé especialidad  Γöé activo Γöé
Γö£ΓöÇΓöÇΓöÇΓöÇΓöÇΓöÇΓöÇΓöÇΓöÇΓö╝ΓöÇΓöÇΓöÇΓöÇΓö╝ΓöÇΓöÇΓöÇΓöÇΓöÇΓöÇΓöÇΓöÇΓöÇΓöÇΓöÇΓöÇΓöÇΓöÇΓöÇΓöÇΓöÇΓöÇΓöÇΓöÇΓöÇΓöÇΓöÇΓöÇΓö╝ΓöÇΓöÇΓöÇΓöÇΓöÇΓöÇΓöÇΓöÇΓöÇΓöÇΓöÇΓöÇΓö╝ΓöÇΓöÇΓöÇΓöÇΓöÇΓöÇΓöÇΓöÇΓöÇΓöÇΓöÇΓöÇΓöÇΓöÇΓöÇΓöÇΓö╝ΓöÇΓöÇΓöÇΓöÇΓöÇΓöÇΓöÇΓöÇΓöÇΓöÇΓöÇΓöÇΓöÇΓöÇΓöÇΓöÇΓöÇΓöÇΓöÇΓöÇΓöÇΓöÇΓöÇΓöÇΓöÇΓö╝ΓöÇΓöÇΓöÇΓöÇΓöÇΓöÇΓöÇΓöÇΓöÇΓöÇΓöÇΓöÇΓöÇΓöÇΓöÇΓö╝ΓöÇΓöÇΓöÇΓöÇΓöÇΓöÇΓöÇΓöÇΓöñ
Γöé 0       Γöé [33m1[39m  Γöé [32m'Updated via Test'[39m     Γöé [32m'V-12345'[39m  Γöé [32m'0412-5551234'[39m Γöé [32m'house@princeton.com'[39m   Γöé [32m'Diagn├│stico'[39m Γöé [33m1[39m      Γöé
Γöé 1       Γöé [33m2[39m  Γöé [32m'Dra. Allison Cameron'[39m Γöé [32m'V-67890'[39m  Γöé [32m'0424-5556789'[39m Γöé [32m'cameron@princeton.com'[39m Γöé [32m'Inmunolog├¡a'[39m Γöé [33m1[39m      Γöé
ΓööΓöÇΓöÇΓöÇΓöÇΓöÇΓöÇΓöÇΓöÇΓöÇΓö┤ΓöÇΓöÇΓöÇΓöÇΓö┤ΓöÇΓöÇΓöÇΓöÇΓöÇΓöÇΓöÇΓöÇΓöÇΓöÇΓöÇΓöÇΓöÇΓöÇΓöÇΓöÇΓöÇΓöÇΓöÇΓöÇΓöÇΓöÇΓöÇΓöÇΓö┤ΓöÇΓöÇΓöÇΓöÇΓöÇΓöÇΓöÇΓöÇΓöÇΓöÇΓöÇΓöÇΓö┤ΓöÇΓöÇΓöÇΓöÇΓöÇΓöÇΓöÇΓöÇΓöÇΓöÇΓöÇΓöÇΓöÇΓöÇΓöÇΓöÇΓö┤ΓöÇΓöÇΓöÇΓöÇΓöÇΓöÇΓöÇΓöÇΓöÇΓöÇΓöÇΓöÇΓöÇΓöÇΓöÇΓöÇΓöÇΓöÇΓöÇΓöÇΓöÇΓöÇΓöÇΓöÇΓöÇΓö┤ΓöÇΓöÇΓöÇΓöÇΓöÇΓöÇΓöÇΓöÇΓöÇΓöÇΓöÇΓöÇΓöÇΓöÇΓöÇΓö┤ΓöÇΓöÇΓöÇΓöÇΓöÇΓöÇΓöÇΓöÇΓöÿ

[90mstdout[2m | tests/unit/BrowserPersistence.test.js[2m > [22m[2mBrowser Persistence (localStorage)[2m > [22m[2mshould delete (deactivate) a doctor in localStorage[22m[39m
DB Local Actualizada (localStorage):
ΓöîΓöÇΓöÇΓöÇΓöÇΓöÇΓöÇΓöÇΓöÇΓöÇΓö¼ΓöÇΓöÇΓöÇΓöÇΓö¼ΓöÇΓöÇΓöÇΓöÇΓöÇΓöÇΓöÇΓöÇΓöÇΓöÇΓöÇΓöÇΓöÇΓöÇΓöÇΓöÇΓöÇΓöÇΓöÇΓöÇΓöÇΓöÇΓöÇΓöÇΓö¼ΓöÇΓöÇΓöÇΓöÇΓöÇΓöÇΓöÇΓöÇΓöÇΓöÇΓöÇΓöÇΓö¼ΓöÇΓöÇΓöÇΓöÇΓöÇΓöÇΓöÇΓöÇΓöÇΓöÇΓöÇΓöÇΓöÇΓöÇΓöÇΓöÇΓö¼ΓöÇΓöÇΓöÇΓöÇΓöÇΓöÇΓöÇΓöÇΓöÇΓöÇΓöÇΓöÇΓöÇΓöÇΓöÇΓöÇΓöÇΓöÇΓöÇΓöÇΓöÇΓöÇΓöÇΓöÇΓöÇΓö¼ΓöÇΓöÇΓöÇΓöÇΓöÇΓöÇΓöÇΓöÇΓöÇΓöÇΓöÇΓöÇΓöÇΓöÇΓöÇΓö¼ΓöÇΓöÇΓöÇΓöÇΓöÇΓöÇΓöÇΓöÇΓöÉ
Γöé (index) Γöé id Γöé nombre                 Γöé cedula_rif Γöé telefono       Γöé correo                  Γöé especialidad  Γöé activo Γöé
Γö£ΓöÇΓöÇΓöÇΓöÇΓöÇΓöÇΓöÇΓöÇΓöÇΓö╝ΓöÇΓöÇΓöÇΓöÇΓö╝ΓöÇΓöÇΓöÇΓöÇΓöÇΓöÇΓöÇΓöÇΓöÇΓöÇΓöÇΓöÇΓöÇΓöÇΓöÇΓöÇΓöÇΓöÇΓöÇΓöÇΓöÇΓöÇΓöÇΓöÇΓö╝ΓöÇΓöÇΓöÇΓöÇΓöÇΓöÇΓöÇΓöÇΓöÇΓöÇΓöÇΓöÇΓö╝ΓöÇΓöÇΓöÇΓöÇΓöÇΓöÇΓöÇΓöÇΓöÇΓöÇΓöÇΓöÇΓöÇΓöÇΓöÇΓöÇΓö╝ΓöÇΓöÇΓöÇΓöÇΓöÇΓöÇΓöÇΓöÇΓöÇΓöÇΓöÇΓöÇΓöÇΓöÇΓöÇΓöÇΓöÇΓöÇΓöÇΓöÇΓöÇΓöÇΓöÇΓöÇΓöÇΓö╝ΓöÇΓöÇΓöÇΓöÇΓöÇΓöÇΓöÇΓöÇΓöÇΓöÇΓöÇΓöÇΓöÇΓöÇΓöÇΓö╝ΓöÇΓöÇΓöÇΓöÇΓöÇΓöÇΓöÇΓöÇΓöñ
Γöé 0       Γöé [33m2[39m  Γöé [32m'Dra. Allison Cameron'[39m Γöé [32m'V-67890'[39m  Γöé [32m'0424-5556789'[39m Γöé [32m'cameron@princeton.com'[39m Γöé [32m'Inmunolog├¡a'[39m Γöé [33m1[39m      Γöé
ΓööΓöÇΓöÇΓöÇΓöÇΓöÇΓöÇΓöÇΓöÇΓöÇΓö┤ΓöÇΓöÇΓöÇΓöÇΓö┤ΓöÇΓöÇΓöÇΓöÇΓöÇΓöÇΓöÇΓöÇΓöÇΓöÇΓöÇΓöÇΓöÇΓöÇΓöÇΓöÇΓöÇΓöÇΓöÇΓöÇΓöÇΓöÇΓöÇΓöÇΓö┤ΓöÇΓöÇΓöÇΓöÇΓöÇΓöÇΓöÇΓöÇΓöÇΓöÇΓöÇΓöÇΓö┤ΓöÇΓöÇΓöÇΓöÇΓöÇΓöÇΓöÇΓöÇΓöÇΓöÇΓöÇΓöÇΓöÇΓöÇΓöÇΓöÇΓö┤ΓöÇΓöÇΓöÇΓöÇΓöÇΓöÇΓöÇΓöÇΓöÇΓöÇΓöÇΓöÇΓöÇΓöÇΓöÇΓöÇΓöÇΓöÇΓöÇΓöÇΓöÇΓöÇΓöÇΓöÇΓöÇΓö┤ΓöÇΓöÇΓöÇΓöÇΓöÇΓöÇΓöÇΓöÇΓöÇΓöÇΓöÇΓöÇΓöÇΓöÇΓöÇΓö┤ΓöÇΓöÇΓöÇΓöÇΓöÇΓöÇΓöÇΓöÇΓöÿ
M├⌐dico 1 desactivado.

 [32mΓ£ô[39m tests/unit/BrowserPersistence.test.js [2m ([22m[2m3 tests[22m[2m)[22m[90m 37[2mms[22m[39m
 [32mΓ£ô[39m tests/unit/PatientService.test.jsx [2m ([22m[2m3 tests[22m[2m)[22m[90m 24[2mms[22m[39m
 [32mΓ£ô[39m tests/backupService.test.js [2m ([22m[2m4 tests[22m[2m)[22m[90m 18[2mms[22m[39m
[90mstdout[2m | tests/backupService.test.js[2m > [22m[2mBackup Service[2m > [22m[2mdebe simular el backup en entorno de pruebas (mock)[22m[39m
[BackupService] Simulando backup en el navegador...

 [32mΓ£ô[39m tests/unit/accounting.test.js [2m ([22m[2m3 tests[22m[2m)[22m[90m 14[2mms[22m[39m
 [32mΓ£ô[39m tests/unit/PatientDeletion.test.jsx [2m ([22m[2m2 tests[22m[2m)[22m[90m 56[2mms[22m[39m
[90mstderr[2m | tests/unit/PatientDeletion.test.jsx[2m > [22m[2mServicio de Pacientes - Borrado Seguro[2m > 
[22m[2mdebe manejar errores en el borrado[22m[39m
Error in deletePatient: Error: Database Error
    at Proxy.<anonymous> [90m(C:\Users\Admin\Desktop\Programa 01 - 
copia\[39mtests\unit\PatientDeletion.test.jsx:27:13[90m)[39m
    at Proxy.mockCall [90m(file:///C:/Users/Admin/Desktop/Programa%2001%20-%20copia/[39mnode_modules/[4m@vitest/spy
[24m/dist/index.js:50:17[90m)[39m
    at Proxy.spy [90m(file:///C:/Users/Admin/Desktop/Programa%2001%20-%20copia/[39mnode_modules/[4mtinyspy[24m/dist
/index.js:42:80[90m)[39m
    at Module.deletePatient [90m(C:\Users\Admin\Desktop\Programa 01 - 
copia\[39msrc\logic\patientService.js:129:15[90m)[39m
    at [90mC:\Users\Admin\Desktop\Programa 01 - copia\[39mtests\unit\PatientDeletion.test.jsx:30:20
    at runTest [90m(file:///C:/Users/Admin/Desktop/Programa%2001%20-%20copia/[39mnode_modules/[4m@vitest/runner[24m
/dist/index.js:781:11[90m)[39m
    at runSuite [90m(file:///C:/Users/Admin/Desktop/Programa%2001%20-%20copia/[39mnode_modules/[4m@vitest/runner[24
m/dist/index.js:909:15[90m)[39m
    at runSuite [90m(file:///C:/Users/Admin/Desktop/Programa%2001%20-%20copia/[39mnode_modules/[4m@vitest/runner[24
m/dist/index.js:909:15[90m)[39m
    at runFiles [90m(file:///C:/Users/Admin/Desktop/Programa%2001%20-%20copia/[39mnode_modules/[4m@vitest/runner[24
m/dist/index.js:958:5[90m)[39m
    at startTests [90m(file:///C:/Users/Admin/Desktop/Programa%2001%20-%20copia/[39mnode_modules/[4m@vitest/runner[
24m/dist/index.js:967:3[90m)[39m


[31mΓÄ»ΓÄ»ΓÄ»ΓÄ»ΓÄ»ΓÄ»[1m[7m Failed Suites 5 [27m[22mΓÄ»ΓÄ»ΓÄ»ΓÄ»ΓÄ»ΓÄ»ΓÄ»[39m

[31m[1m[7m FAIL [27m[22m[39m src/App.test.jsx [2m[ src/App.test.jsx ][22m
[31m[1m[7m FAIL [27m[22m[39m tests/InvoiceHistory.test.jsx [2m[ tests/InvoiceHistory.test.jsx ][22m
[31m[1m[7m FAIL [27m[22m[39m tests/integration/services.integration.test.jsx [2m[ 
tests/integration/services.integration.test.jsx ][22m
[31m[1m[7m FAIL [27m[22m[39m tests/unit/App.test.jsx [2m[ tests/unit/App.test.jsx ][22m
[31m[1mError[22m: Transform failed with 6 errors:
C:/Users/Admin/Desktop/Programa 01 - copia/src/components/Billing/InvoiceHistory.jsx:27:8: ERROR: The symbol 
"selectedInvoice" has already been declared
C:/Users/Admin/Desktop/Programa 01 - copia/src/components/Billing/InvoiceHistory.jsx:27:8: ERROR: The symbol 
"setSelectedInvoice" has already been declared
C:/Users/Admin/Desktop/Programa 01 - copia/src/components/Billing/InvoiceHistory.jsx:28:8: ERROR: The symbol 
"invoiceDetails" has already been declared
C:/Users/Admin/Desktop/Programa 01 - copia/src/components/Billing/InvoiceHistory.jsx:28:8: ERROR: The symbol 
"setInvoiceDetails" has already been declared
C:/Users/Admin/Desktop/Programa 01 - copia/src/components/Billing/InvoiceHistory.jsx:29:8: ERROR: The symbol 
"isDetailModalOpen" has already been declared
...[39m
[90m [2mΓ¥»[22m failureErrorWithLog node_modules/esbuild/lib/main.js:[2m1472:15[22m[39m
[90m [2mΓ¥»[22m node_modules/esbuild/lib/main.js:[2m755:50[22m[39m
[90m [2mΓ¥»[22m responseCallbacks.<computed> node_modules/esbuild/lib/main.js:[2m622:9[22m[39m
[90m [2mΓ¥»[22m handleIncomingPacket node_modules/esbuild/lib/main.js:[2m677:12[22m[39m
[90m [2mΓ¥»[22m Socket.readFromStdout node_modules/esbuild/lib/main.js:[2m600:7[22m[39m
[90m [2mΓ¥»[22m Socket.emit node:events:[2m519:28[22m[39m

[31m[2mΓÄ»ΓÄ»ΓÄ»ΓÄ»ΓÄ»ΓÄ»ΓÄ»ΓÄ»ΓÄ»ΓÄ»ΓÄ»ΓÄ»ΓÄ»ΓÄ»ΓÄ»ΓÄ»ΓÄ»ΓÄ»ΓÄ»ΓÄ»ΓÄ»ΓÄ»ΓÄ»ΓÄ»[1/5]ΓÄ»[22m[39m

[31m[1m[7m FAIL [27m[22m[39m tests/integration/doctorDb.integration.test.js [2m[ 
tests/integration/doctorDb.integration.test.js ][22m
[31m[1mError[22m: Failed to parse source for import analysis because the content contains invalid JS syntax. If you 
are using JSX, make sure to name the file with the .jsx or .tsx extension.[39m
[90m [2mΓ¥»[22m TransformPluginContext._formatError 
../Programa%2001%20-%20copia/node_modules/vite/dist/node/chunks/dep-BK3b2jBa.js:[2m49258:41[22m[39m
[90m [2mΓ¥»[22m TransformPluginContext.error 
../Programa%2001%20-%20copia/node_modules/vite/dist/node/chunks/dep-BK3b2jBa.js:[2m49253:16[22m[39m
[90m [2mΓ¥»[22m TransformPluginContext.transform 
../Programa%2001%20-%20copia/node_modules/vite/dist/node/chunks/dep-BK3b2jBa.js:[2m64259:14[22m[39m
[90m [2mΓ¥»[22m PluginContainer.transform 
../Programa%2001%20-%20copia/node_modules/vite/dist/node/chunks/dep-BK3b2jBa.js:[2m49099:18[22m[39m
[90m [2mΓ¥»[22m loadAndTransform 
../Programa%2001%20-%20copia/node_modules/vite/dist/node/chunks/dep-BK3b2jBa.js:[2m51978:27[22m[39m

[31m[2mΓÄ»ΓÄ»ΓÄ»ΓÄ»ΓÄ»ΓÄ»ΓÄ»ΓÄ»ΓÄ»ΓÄ»ΓÄ»ΓÄ»ΓÄ»ΓÄ»ΓÄ»ΓÄ»ΓÄ»ΓÄ»ΓÄ»ΓÄ»ΓÄ»ΓÄ»ΓÄ»ΓÄ»[2/5]ΓÄ»[22m[39m

[2m Test Files [22m [1m[31m5 failed[39m[22m[2m | [22m[1m[32m26 passed[39m[22m[90m (31)[39m
[2m      Tests [22m [1m[32m121 passed[39m[22m[90m (121)[39m
[2m   Start at [22m 19:46:19
[2m   Duration [22m 31.16s[2m (transform 7.89s, setup 19.66s, collect 12.01s, tests 11.31s, environment 107.91s, prepare 20.35s)[22m

