
[7m[1m[36m RUN [39m[22m[27m [36mv1.6.1[39m [90mC:/Users/Admin/Desktop/Programa 01[39m

 [33mΓ¥»[39m src/db/manager.test.js [2m ([22m[2m4 tests[22m [2m|[22m [31m3 failed[39m [2m|[22m [33m1 skipped[39m[2m)[22m[90m 49[2mms[22m[39m
[31m   [33mΓ¥»[31m src/db/manager.test.js[2m > [22mprocessInvoice - Persistencia ACID[2m > [22mdebe crear una factura con transacci├│n ACID[39m
[31m     ΓåÆ Cannot read properties of null (reading 'prepare')[39m
[31m   [33mΓ¥»[31m src/db/manager.test.js[2m > [22mprocessInvoice - Persistencia ACID[2m > [22mdebe reducir el stock de insumos al procesar factura[39m
[31m     ΓåÆ Cannot read properties of null (reading 'prepare')[39m
[31m   [33mΓ¥»[31m src/db/manager.test.js[2m > [22mprocessInvoice - Persistencia ACID[2m > [22mdebe crear asientos contables de ingreso y comisi├│n[39m
[31m     ΓåÆ Cannot read properties of null (reading 'prepare')[39m
 [32mΓ£ô[39m src/logic/billingEngine.test.js [2m ([22m[2m10 tests[22m[2m)[22m[90m 75[2mms[22m[39m
 [33mΓ¥»[39m tests/unit/serviceLogic.test.js [2m ([22m[2m9 tests[22m [2m|[22m [31m5 failed[39m[2m)[22m[90m 118[2mms[22m[39m
[31m   [33mΓ¥»[31m tests/unit/serviceLogic.test.js[2m > [22mServiceLogic - Backend Node Tests[2m > [22mregisterService[2m > [22mshould register a service with insumos successfully[39m
[31m     ΓåÆ expected "spy" to be called with arguments: [ 1, [ { id_insumo: 1, ΓÇª(1) }, ΓÇª(1) ] ][90m

Received: 

[31m[90m

Number of calls: [1m0[22m
[31m[39m
[31m   [33mΓ¥»[31m tests/unit/serviceLogic.test.js[2m > [22mServiceLogic - Backend Node Tests[2m > [22mregisterService[2m > [22mshould return error if nombre is missing[39m
[31m     ΓåÆ expected 'Nombre y precio son obligatorios.' to contain 'nombre'[39m
[31m   [33mΓ¥»[31m tests/unit/serviceLogic.test.js[2m > [22mServiceLogic - Backend Node Tests[2m > [22mregisterService[2m > [22mshould return error if precio_usd is negative[39m
[31m     ΓåÆ expected true to be false // Object.is equality[39m
[31m   [33mΓ¥»[31m tests/unit/serviceLogic.test.js[2m > [22mServiceLogic - Backend Node Tests[2m > [22mupdateService[2m > [22mshould update service and recalculate insumos[39m
[31m     ΓåÆ expected "spy" to be called with arguments: [ 1, [ { id_insumo: 1, ΓÇª(1) }, ΓÇª(1) ] ][90m

Received: 

[1m  1st spy call:

[22m[2m  Array [[22m
[2m    1,[22m
[32m-   Array [[90m
[32m-     Object {[90m
[32m-       "cantidad": 2,[90m
[32m-       "id_insumo": 1,[90m
[32m-     },[90m
[32m-     Object {[90m
[32m-       "cantidad": 1,[90m
[32m-       "id_insumo": 2,[90m
[32m-     },[90m
[32m-   ],[90m
[31m+   Array [],[90m
[2m  ][22m
[31m[90m

Number of calls: [1m1[22m
[31m[39m
[31m   [33mΓ¥»[31m tests/unit/serviceLogic.test.js[2m > [22mServiceLogic - Backend Node Tests[2m > [22mgetServices[2m > [22mshould return all services with insumos[39m
[31m     ΓåÆ expected undefined to deeply equal [ { id_insumo: 1, cantidad: 2 } ][39m
[90mstdout[2m | src/logic/serviceLogic.test.js[2m > [22m[2mserviceLogic[2m > [22m[2mdebe eliminar un servicio[22m[39m
Servicio 1 eliminado de local.

 [32mΓ£ô[39m src/logic/serviceLogic.test.js [2m ([22m[2m5 tests[22m[2m)[22m[90m 63[2mms[22m[39m
 [33mΓ¥»[39m tests/unit/ServicesUI.test.jsx [2m ([22m[2m3 tests[22m [2m|[22m [31m1 failed[39m[2m)[22m[33m 1628[2mms[22m[39m
[31m   [33mΓ¥»[31m tests/unit/ServicesUI.test.jsx[2m > [22mServices UI - Functional Button Tests[2m > [22mServiceList should call deleteService when clicking trash icon[39m
[31m     ΓåÆ expected "bound " to be called at least once[39m
 [33mΓ¥»[39m src/components/Billing/InvoiceForm.test.jsx [2m ([22m[2m4 tests[22m [2m|[22m [31m1 failed[39m[2m)[22m[33m 2881[2mms[22m[39m
[31m   [33mΓ¥»[31m src/components/Billing/InvoiceForm.test.jsx[2m > [22mInvoiceForm[2m > [22mdebe permitir agregar servicios a la factura[39m
[31m     ΓåÆ Found multiple elements with the role "combobox"

Here are the matching elements:

Ignored nodes: comments, script, style
[36m<select>[31m
  [36m<option[31m
    [33mvalue[31m=[32m""[31m
  [36m>[31m
    [0mSeleccione un m├⌐dico...[0m
  [36m</option>[31m
  [36m<option[31m
    [33mvalue[31m=[32m"1"[31m
  [36m>[31m
    [0mDr. House[0m
    [0m ([0m
    [0mMedicina General[0m
    [0m) - [0m
    [0m10[0m
    [0m% comisi├│n[0m
  [36m</option>[31m
[36m</select>[31m

Ignored nodes: comments, script, style
[36m<select[31m
  [33mclass[31m=[32m"form-input"[31m
  [33mstyle[31m=[32m"flex: 2 1 0%;"[31m
[36m>[31m
  [36m<option[31m
    [33mdisabled[31m=[32m""[31m
    [33mselected[31m=[32m""[31m
    [33mvalue[31m=[32m""[31m
  [36m>[31m
    [0mSeleccione un servicio...[0m
  [36m</option>[31m
  [36m<option[31m
    [33mvalue[31m=[32m"1"[31m
  [36m>[31m
    [0mConsulta General[0m
    [0m - $[0m
    [0m30.00[0m
    [0m ([0m
    [0mExento[0m
    [0m)[0m
  [36m</option>[31m
  [36m<option[31m
    [33mvalue[31m=[32m"2"[31m
  [36m>[31m
    [0mElectrocardiograma[0m
    [0m - $[0m
    [0m50.00[0m
    [0m ([0m
    [0mIVA 16%[0m
    [0m)[0m
  [36m</option>[31m
[36m</select>[31m

(If this is intentional, then use the `*AllBy*` variant of the query (like `queryAllByText`, `getAllByText`, or `findAllByText`)).

Ignored nodes: comments, script, style
[36m<body>[31m
  [36m<div>[31m
    [36m<div[31m
      [33mclass[31m=[32m"patient-list animate-in"[31m
    [36m>[31m
      [36m<div[31m
        [33mclass[31m=[32m"patient-form-grid"[31m
        [33mstyle[31m=[32m"margin-top: 0px; margin-bottom: 20px;"[31m
      [36m>[31m
        [36m<div[31m
          [33mclass[31m=[32m"form-group full-width"[31m
        [36m>[31m
          [36m<label>[31m
            [0mPaciente *[0m
          [36m</label>[31m
          [36m<div[31m
            [33mstyle[31m=[32m"position: relative;"[31m
          [36m>[31m
            [36m<input[31m
              [33mautocomplete[31m=[32m"off"[31m
              [33mplaceholder[31m=[32m"Buscar paciente por nombre o c├⌐dula..."[31m
              [33mtype[31m=[32m"text"[31m
              [33mvalue[31m=[32m""[31m
            [36m/>[31m
          [36m</div>[31m
        [36m</div>[31m
        [36m<div[31m
          [33mclass[31m=[32m"form-group"[31m
        [36m>[31m
          [36m<label>[31m
            [0mM├⌐dico Tratante *[0m
          [36m</label>[31m
          [36m<select>[31m
            [36m<option[31m
              [33mvalue[31m=[32m""[31m
            [36m>[31m
              [0mSeleccione un m├⌐dico...[0m
            [36m</option>[31m
            [36m<option[31m
              [33mvalue[31m=[32m"1"[31m
            [36m>[31m
              [0mDr. House[0m
              [0m ([0m
              [0mMedicina General[0m
              [0m) - [0m
              [0m10[0m
              [0m% comisi├│n[0m
            [36m</option>[31m
          [36m</select>[31m
        [36m</div>[31m
        [36m<div[31m
          [33mclass[31m=[32m"form-group"[31m
        [36m>[31m
          [36m<label>[31m
            [0mTasa de Cambio (USD ΓåÆ VES) *[0m
          [36m</label>[31m
          [36m<input[31m
            [33mid[31m=[32m"exchange-rate-input"[31m
            [33minputmode[31m=[32m"decimal"[31m
            [33mplaceholder[31m=[32m"Ej: 144.50"[31m
            [33mtype[31m=[32m"text"[31m
            [33mvalue[31m=[32m"36"[31m
          [36m/>[31m
          [36m<span[31m
            [33mstyle[31m=[32m"font-size: 0.82rem; color: var(--text-secondary); margin-top: 4px; display: block;"[31m
          [36m>[31m
            [0m1 USD = [0m
            [0m36.00[0m
            [0m VES[0m
          [36m</span>[31m
        [36m</div>[31m
      [36m</div>[31m
      [36m<hr[31m
        [33mstyle[31m=[32m"margin: 20px 0px; border-color: var(--border-color);"[31m
      [36m/>[31m
      [36m<div[31m
        [33mclass[31m=[32m"form-group"[31m
      [36m>[31m
        [36m<label>[31m
          [0mAgregar Servicios[0m
        [36m</label>[31m
        [36m<div[31m
          [33mstyle[31m=[32m"display: flex; gap: 10px;"[31m
        [36m>[31m
          [36m<select[31m
            [33mclass[31m=[32m"form-input"[31m
            [33mstyle[31m=[32m"flex: 2 1 0%;"[31m
          [36m>[31m
            [36m<option[31m
              [33mdisabled[31m=[32m""[31m
              [33mselected[31m=[32m""[31m
              [33mvalue[31m=[32m""[31m
            [36m>[31m
              [0mSeleccione un servicio...[0m
            [36m</option>[31m
            [36m<option[31m
              [33mvalue[31m=[32m"1"[31m
            [36m>[31m
              [0mConsulta General[0m
              [0m - $[0m
              [0m30.00[0m
              [0m ([0m
              [0mExento[0m
              [0m)[0m
            [36m</option>[31m
            [36m<option[31m
              [33mvalue[31m=[32m"2"[31m
            [36m>[31m
              [0mElectrocardiograma[0m
              [0m - $[0m
              [0m50.00[0m
              [0m ([0m
              [0mIVA 16%[0m
              [0m)[0m
            [36m</option>[31m
          [36m</select>[31m
        [36m</div>[31m
      [36m</div>[31m
      [36m<div[31m
        [33mclass[31m=[32m"totals-panel glassmorphism"[31m
        [33mstyle[31m=[32m"margin-top: 20px; padding: 20px; border-radius: 12px; background: var(--bg-secondary); border: 1px solid var(--border-color);"[31m
      [36m>[31m
        [36m<div[31m
          [33mstyle[31m=[32m"display: grid; grid-template-columns: 1fr 1fr; gap: 30px;"[31m
        [36m>[31m
          [36m<div>[31m
            [36m<h4[31m
              [33mstyle[31m=[32m"margin-bottom: 15px;"[31m
            [36m>[31m
              [0mResumen en USD[0m
            [36m</h4>[31m
            [36m<div[31m
              [33mstyle[31m=[32m"display: flex; justify-content: space-between; margin-bottom: 8px;"[31m
            [36m>[31m
              [36m<span>[31m
                [0mSubtotal:[0m
              [36m</span>[31m
              [36m<span>[31m
                [0m$[0m
                [0m0.00[0m
              [36m</span>[31m
            [36m</div>[31m
            [36m<div[31m
              [33mstyle[31m=[32m"display: flex; justify-content: space-between; margin-bottom: 8px;"[31m
            [36m>[31m
              [36m<span>[31m
                [0mIVA (16%):[0m
              [36m</span>[31m
              [36m<span>[31m
                [0m$[0m
                [0m0.00[0m
              [36m</span>[31m
            [36m</div>[31m
            [36m<div[31m
              [33mstyle[31m=[32m"display: flex; justify-content: space-between; margin-bottom: 8px; font-weight: 700; font-size: 1.1rem;"[31m
            [36m>[31m
              [36m<span>[31m
                [0mTotal USD:[0m
              [36m</span>[31m
              [36m<span[31m
                [33mclass[31m=[32m"text-cyan"[31m
              [36m>[31m
                [0m$[0m
                [0m0.00[0m
              [36m</span>[31m
            [36m</div>[31m
          [36m</div>[31m
          [36m<div>[31m
            [36m<h4[31m
              [33mstyle[31m=[32m"margin-bottom: 15px;"[31m
            [36m>[31m
              [0mTotal en VES[0m
            [36m</h4>[31m
            [36m<div[31m
              [33mstyle[31m=[32m"display: flex; justify-content: space-between; font-weight: 700; font-size: 1.3rem;"[31m
            [36m>[31m
              [36m<span>[31m
                [0mTotal:[0m
              [36m</span>[31m
              [36m<span[31m
                [33mclass[31m=[32m"text-cyan"[31m
              [36m>[31m
                [0mBs. [0m
                [0m0.00[0m
              [36m</span>[31m
            [36m</div>[31m
            [36m<div[31m
              [33mstyle[31m=[32m"font-size: 0.85rem; color: var(--text-secondary); margin-top: 5px;"[31m
            [36m>[31m
              [0mTasa: [0m
              [0m36[0m
              [0m VES/USD[0m
            [36m</div>[31m
          [36m</div>[31m
        [36m</div>[31m
      [36m</div>[31m
      [36m<div[31m
        [33mclass[31m=[32m"form-actions"[31m
        [33mstyle[31m=[32m"margin-top: 20px; display: flex; gap: 10px; justify-content: flex-end;"[31m
      [36m>[31m
        [36m<button[31m
          [33mclass[31m=[32m"btn-primary"[31m
        [36m>[31m
          [0m≡ƒÆ╛ Procesar Factura[0m
        [36m</button>[31m
      [36m</div>[31m
    [36m</div>[31m
  [36m</div>[31m
[36m</body>[31m

Ignored nodes: comments, script, style
[36m<html>[31m
  [36m<head />[31m
  [36m<body>[31m
    [36m<div>[31m
      [36m<div[31m
        [33mclass[31m=[32m"patient-list animate-in"[31m
      [36m>[31m
        [36m<div[31m
          [33mclass[31m=[32m"patient-form-grid"[31m
          [33mstyle[31m=[32m"margin-top: 0px; margin-bottom: 20px;"[31m
        [36m>[31m
          [36m<div[31m
            [33mclass[31m=[32m"form-group full-width"[31m
          [36m>[31m
            [36m<label>[31m
              [0mPaciente *[0m
            [36m</label>[31m
            [36m<div[31m
              [33mstyle[31m=[32m"position: relative;"[31m
            [36m>[31m
              [36m<input[31m
                [33mautocomplete[31m=[32m"off"[31m
                [33mplaceholder[31m=[32m"Buscar paciente por nombre o c├⌐dula..."[31m
                [33mtype[31m=[32m"text"[31m
                [33mvalue[31m=[32m""[31m
              [36m/>[31m
            [36m</div>[31m
          [36m</div>[31m
          [36m<div[31m
            [33mclass[31m=[32m"form-group"[31m
          [36m>[31m
            [36m<label>[31m
              [0mM├⌐dico Tratante *[0m
            [36m</label>[31m
            [36m<select>[31m
              [36m<option[31m
                [33mvalue[31m=[32m""[31m
              [36m>[31m
                [0mSeleccione un m├⌐dico...[0m
              [36m</option>[31m
              [36m<option[31m
                [33mvalue[31m=[32m"1"[31m
              [36m>[31m
                [0mDr. House[0m
                [0m ([0m
                [0mMedicina General[0m
                [0m) - [0m
                [0m10[0m
                [0m% comisi├│n[0m
              [36m</option>[31m
            [36m</select>[31m
          [36m</div>[31m
          [36m<div[31m
            [33mclass[31m=[32m"form-group"[31m
          [36m>[31m
            [36m<label>[31m
              [0mTasa de Cambio (USD ΓåÆ VES) *[0m
            [36m</label>[31m
            [36m<input[31m
              [33mid[31m=[32m"exchange-rate-input"[31m
              [33minputmode[31m=[32m"decimal"[31m
              [33mplaceholder[31m=[32m"Ej: 144.50"[31m
              [33mtype[31m=[32m"text"[31m
              [33mvalue[31m=[32m"36"[31m
            [36m/>[31m
            [36m<span[31m
              [33mstyle[31m=[32m"font-size: 0.82rem; color: var(--text-secondary); margin-top: 4px; display: block;"[31m
            [36m>[31m
              [0m1 USD = [0m
              [0m36.00[0m
              [0m VES[0m
            [36m</span>[31m
          [36m</div>[31m
        [36m</div>[31m
        [36m<hr[31m
          [33mstyle[31m=[32m"margin: 20px 0px; border-color: var(--border-color);"[31m
        [36m/>[31m
        [36m<div[31m
          [33mclass[31m=[32m"form-group"[31m
        [36m>[31m
          [36m<label>[31m
            [0mAgregar Servicios[0m
          [36m</label>[31m
          [36m<div[31m
            [33mstyle[31m=[32m"display: flex; gap: 10px;"[31m
          [36m>[31m
            [36m<select[31m
              [33mclass[31m=[32m"form-input"[31m
              [33mstyle[31m=[32m"flex: 2 1 0%;"[31m
            [36m>[31m
              [36m<option[31m
                [33mdisabled[31m=[32m""[31m
                [33mselected[31m=[32m""[31m
                [33mvalue[31m=[32m""[31m
              [36m>[31m
                [0mSeleccione un servicio...[0m
              [36m</option>[31m
              [36m<option[31m
                [33mvalue[31m=[32m"1"[31m
              [36m>[31m
                [0mConsulta General[0m
                [0m - $[0m
                [0m30.00[0m
                [0m ([0m
                [0mExento[0m
                [0m)[0m
              [36m</option>[31m
              [36m<option[31m
                [33mvalue[31m=[32m"2"[31m
              [36m>[31m
                [0mElectrocardiograma[0m
                [0m - $[0m
                [0m50.00[0m
                [0m ([0m
                [0mIVA 16%[0m
                [0m)[0m
              [36m</option>[31m
            [36m</select>[31m
          [36m</div>[31m
        [36m</div>[31m
        [36m<div[31m
          [33mclass[31m=[32m"totals-panel glassmorphism"[31m
          [33mstyle[31m=[32m"margin-top: 20px; padding: 20px; border-radius: 12px; background: var(--bg-secondary); border: 1px solid var(--border-color);"[31m
        [36m>[31m
          [36m<div[31m
            [33mstyle[31m=[32m"display: grid; grid-template-columns: 1fr 1fr; gap: 30px;"[31m
          [36m>[31m
            [36m<div>[31m
              [36m<h4[31m
                [33mstyle[31m=[32m"margin-bottom: 15px;"[31m
              [36m>[31m
                [0mResumen en USD[0m
              [36m</h4>[31m
              [36m<div[31m
                [33mstyle[31m=[32m"display: flex; justify-content: space-between; margin-bottom: 8px;"[31m
              [36m>[31m
                [36m<span>[31m
                  [0mSubtotal:[0m
                [36m</span>[31m
                [36m<span>[31m
                  [0m$[0m
                  [0m0.00[0m
                [36m</span>[31m
              [36m</div>[31m
              [36m<div[31m
                [33mstyle[31m=[32m"display: flex; justify-content: space-between; margin-bottom: 8px;"[31m
              [36m>[31m
                [36m<span>[31m
                  [0mIVA (16%):[0m
                [36m</span>[31m
                [36m<span>[31m
                  [0m$[0m
                  [0m0.00[0m
                [36m</span>[31m
              [36m</div>[31m
              [36m<div[31m
                [33mstyle[31m=[32m"display: flex; justify-content: space-between; margin-bottom: 8px; font-weight: 700; font-size: 1.1rem;"[31m
              [36m>[31m
                [36m<span>[31m
                  [0mTotal USD:[0m
                [36m</span>[31m
                [36m<span[31m
                  [33mclass[31m=[32m"text-cyan"[31m
                [36m>[31m
                  [0m$[0m
                  [0m0.00[0m
                [36m</span>[31m
              [36m</div>[31m
            [36m</div>[31m
            [36m<div>[31m
              [36m<h4[31m
                [33mstyle[31m=[32m"margin-bottom: 15px;"[31m
              [36m>[31m
                [0mTotal en VES[0m
              [36m</h4>[31m
              [36m<div[31m
                [33mstyle[31m=[32m"display: flex; justify-content: space-between; font-weight: 700; font-size: 1.3rem;"[31m
              [36m>[31m
                [36m<span>[31m
                  [0mTotal:[0m
                [36m</span>[31m
                [36m<span[31m
                  [33mclass[31m=[32m"text-cyan"[31m
                [36m>[31m
                  [0mBs. [0m
                  [0m0.00[0m
                [36m</span>[31m
              [36m</div>[31m
              [36m<div[31m
                [33mstyle[31m=[32m"font-size: 0.85rem; color: var(--text-secondary); margin-top: 5px;"[31m
              [36m>[31m
                [0mTasa: [0m
                [0m36[0m
                [0m VES/USD[0m
              [36m</div>[31m
            [36m</div>[31m
          [36m</div>[31m
        [36m</div>[31m
        [36m<div[31m
          [33mclass[31m=[32m"form-actions"[31m
          [33mstyle[31m=[32m"margin-top: 20px; display: flex; gap: 10px; justify-content: flex-end;"[31m
        [36m>[31m
          [36m<button[31m
            [33mclass[31m=[32m"btn-primary"[31m
          [36m>[31m
            [0m≡ƒÆ╛ Procesar Factura[0m
          [36m</button>[31m
        [36m</div>[31m
      [36m</div>[31m
    [36m</div>[31m
  [36m</body>[31m
[36m</html>[31m[39m
 [33mΓ¥»[39m tests/integration/doctorDb.integration.test.js [2m ([22m[2m3 tests[22m [2m|[22m [31m3 failed[39m[2m)[22m[90m 82[2mms[22m[39m
[31m   [33mΓ¥»[31m tests/integration/doctorDb.integration.test.js[2m > [22mDoctor DB Integration (Real SQLite)[2m > [22mshould insert a doctor and retrieve it[39m
[31m     ΓåÆ Cannot read properties of null (reading 'prepare')[39m
[31m   [33mΓ¥»[31m tests/integration/doctorDb.integration.test.js[2m > [22mDoctor DB Integration (Real SQLite)[2m > [22mshould update an existing doctor[39m
[31m     ΓåÆ Cannot read properties of null (reading 'prepare')[39m
[31m   [33mΓ¥»[31m tests/integration/doctorDb.integration.test.js[2m > [22mDoctor DB Integration (Real SQLite)[2m > [22mshould soft-delete (deactivate) a doctor[39m
[31m     ΓåÆ Cannot read properties of null (reading 'prepare')[39m
 [32mΓ£ô[39m tests/unit/DoctorService.test.jsx [2m ([22m[2m5 tests[22m[2m)[22m[90m 65[2mms[22m[39m
 [33mΓ¥»[39m tests/unit/db.manager.test.js [2m ([22m[2m3 tests[22m [2m|[22m [31m3 failed[39m[2m)[22m[90m 113[2mms[22m[39m
[31m   [33mΓ¥»[31m tests/unit/db.manager.test.js[2m > [22mDatabase Manager ACID and Schema Tests[2m > [22mshould initialize the database and load schema correctly[39m
[31m     ΓåÆ Cannot read properties of null (reading 'prepare')[39m
[31m   [33mΓ¥»[31m tests/unit/db.manager.test.js[2m > [22mDatabase Manager ACID and Schema Tests[2m > [22mshould allow successful insertion and retrieval of test entities[39m
[31m     ΓåÆ Cannot read properties of null (reading 'prepare')[39m
[31m   [33mΓ¥»[31m tests/unit/db.manager.test.js[2m > [22mDatabase Manager ACID and Schema Tests[2m > [22mshould support ACID transactions[39m
[31m     ΓåÆ Cannot read properties of null (reading 'prepare')[39m
 [32mΓ£ô[39m tests/unit/BrowserPersistence.test.js [2m ([22m[2m3 tests[22m[2m)[22m[90m 177[2mms[22m[39m
[90mstdout[2m | tests/unit/BrowserPersistence.test.js[2m > [22m[2mBrowser Persistence (localStorage)[2m > [22m[2mshould update a doctor in localStorage[22m[39m
DB Local Actualizada (localStorage):
ΓöîΓöÇΓöÇΓöÇΓöÇΓöÇΓöÇΓöÇΓöÇΓöÇΓö¼ΓöÇΓöÇΓöÇΓöÇΓö¼ΓöÇΓöÇΓöÇΓöÇΓöÇΓöÇΓöÇΓöÇΓöÇΓöÇΓöÇΓöÇΓöÇΓöÇΓöÇΓöÇΓöÇΓöÇΓöÇΓöÇΓöÇΓöÇΓöÇΓöÇΓö¼ΓöÇΓöÇΓöÇΓöÇΓöÇΓöÇΓöÇΓöÇΓöÇΓöÇΓöÇΓöÇΓö¼ΓöÇΓöÇΓöÇΓöÇΓöÇΓöÇΓöÇΓöÇΓöÇΓöÇΓöÇΓöÇΓöÇΓöÇΓöÇΓöÇΓö¼ΓöÇΓöÇΓöÇΓöÇΓöÇΓöÇΓöÇΓöÇΓöÇΓöÇΓöÇΓöÇΓöÇΓöÇΓöÇΓöÇΓöÇΓöÇΓöÇΓöÇΓöÇΓöÇΓöÇΓöÇΓöÇΓö¼ΓöÇΓöÇΓöÇΓöÇΓöÇΓöÇΓöÇΓöÇΓöÇΓöÇΓöÇΓöÇΓöÇΓöÇΓöÇΓö¼ΓöÇΓöÇΓöÇΓöÇΓöÇΓöÇΓöÇΓöÇΓöÇΓöÇΓöÇΓöÇΓöÇΓöÇΓöÇΓöÇΓöÇΓöÇΓöÇΓöÇΓöÇΓö¼ΓöÇΓöÇΓöÇΓöÇΓöÇΓöÇΓöÇΓöÇΓöÉ
Γöé (index) Γöé id Γöé nombre                 Γöé cedula_rif Γöé telefono       Γöé correo                  Γöé especialidad  Γöé porcentaje_comision Γöé activo Γöé
Γö£ΓöÇΓöÇΓöÇΓöÇΓöÇΓöÇΓöÇΓöÇΓöÇΓö╝ΓöÇΓöÇΓöÇΓöÇΓö╝ΓöÇΓöÇΓöÇΓöÇΓöÇΓöÇΓöÇΓöÇΓöÇΓöÇΓöÇΓöÇΓöÇΓöÇΓöÇΓöÇΓöÇΓöÇΓöÇΓöÇΓöÇΓöÇΓöÇΓöÇΓö╝ΓöÇΓöÇΓöÇΓöÇΓöÇΓöÇΓöÇΓöÇΓöÇΓöÇΓöÇΓöÇΓö╝ΓöÇΓöÇΓöÇΓöÇΓöÇΓöÇΓöÇΓöÇΓöÇΓöÇΓöÇΓöÇΓöÇΓöÇΓöÇΓöÇΓö╝ΓöÇΓöÇΓöÇΓöÇΓöÇΓöÇΓöÇΓöÇΓöÇΓöÇΓöÇΓöÇΓöÇΓöÇΓöÇΓöÇΓöÇΓöÇΓöÇΓöÇΓöÇΓöÇΓöÇΓöÇΓöÇΓö╝ΓöÇΓöÇΓöÇΓöÇΓöÇΓöÇΓöÇΓöÇΓöÇΓöÇΓöÇΓöÇΓöÇΓöÇΓöÇΓö╝ΓöÇΓöÇΓöÇΓöÇΓöÇΓöÇΓöÇΓöÇΓöÇΓöÇΓöÇΓöÇΓöÇΓöÇΓöÇΓöÇΓöÇΓöÇΓöÇΓöÇΓöÇΓö╝ΓöÇΓöÇΓöÇΓöÇΓöÇΓöÇΓöÇΓöÇΓöñ
Γöé 0       Γöé [33m1[39m  Γöé [32m'Updated via Test'[39m     Γöé [32m'V-12345'[39m  Γöé [32m'0412-5551234'[39m Γöé [32m'house@princeton.com'[39m   Γöé [32m'Diagn├│stico'[39m Γöé [33m30[39m                  Γöé [33m1[39m      Γöé
Γöé 1       Γöé [33m2[39m  Γöé [32m'Dra. Allison Cameron'[39m Γöé [32m'V-67890'[39m  Γöé [32m'0424-5556789'[39m Γöé [32m'cameron@princeton.com'[39m Γöé [32m'Inmunolog├¡a'[39m Γöé [33m25[39m                  Γöé [33m1[39m      Γöé
ΓööΓöÇΓöÇΓöÇΓöÇΓöÇΓöÇΓöÇΓöÇΓöÇΓö┤ΓöÇΓöÇΓöÇΓöÇΓö┤ΓöÇΓöÇΓöÇΓöÇΓöÇΓöÇΓöÇΓöÇΓöÇΓöÇΓöÇΓöÇΓöÇΓöÇΓöÇΓöÇΓöÇΓöÇΓöÇΓöÇΓöÇΓöÇΓöÇΓöÇΓö┤ΓöÇΓöÇΓöÇΓöÇΓöÇΓöÇΓöÇΓöÇΓöÇΓöÇΓöÇΓöÇΓö┤ΓöÇΓöÇΓöÇΓöÇΓöÇΓöÇΓöÇΓöÇΓöÇΓöÇΓöÇΓöÇΓöÇΓöÇΓöÇΓöÇΓö┤ΓöÇΓöÇΓöÇΓöÇΓöÇΓöÇΓöÇΓöÇΓöÇΓöÇΓöÇΓöÇΓöÇΓöÇΓöÇΓöÇΓöÇΓöÇΓöÇΓöÇΓöÇΓöÇΓöÇΓöÇΓöÇΓö┤ΓöÇΓöÇΓöÇΓöÇΓöÇΓöÇΓöÇΓöÇΓöÇΓöÇΓöÇΓöÇΓöÇΓöÇΓöÇΓö┤ΓöÇΓöÇΓöÇΓöÇΓöÇΓöÇΓöÇΓöÇΓöÇΓöÇΓöÇΓöÇΓöÇΓöÇΓöÇΓöÇΓöÇΓöÇΓöÇΓöÇΓöÇΓö┤ΓöÇΓöÇΓöÇΓöÇΓöÇΓöÇΓöÇΓöÇΓöÿ

[90mstdout[2m | tests/unit/BrowserPersistence.test.js[2m > [22m[2mBrowser Persistence (localStorage)[2m > [22m[2mshould delete (deactivate) a doctor in localStorage[22m[39m
DB Local Actualizada (localStorage):
ΓöîΓöÇΓöÇΓöÇΓöÇΓöÇΓöÇΓöÇΓöÇΓöÇΓö¼ΓöÇΓöÇΓöÇΓöÇΓö¼ΓöÇΓöÇΓöÇΓöÇΓöÇΓöÇΓöÇΓöÇΓöÇΓöÇΓöÇΓöÇΓöÇΓöÇΓöÇΓöÇΓöÇΓöÇΓöÇΓöÇΓöÇΓöÇΓöÇΓöÇΓö¼ΓöÇΓöÇΓöÇΓöÇΓöÇΓöÇΓöÇΓöÇΓöÇΓöÇΓöÇΓöÇΓö¼ΓöÇΓöÇΓöÇΓöÇΓöÇΓöÇΓöÇΓöÇΓöÇΓöÇΓöÇΓöÇΓöÇΓöÇΓöÇΓöÇΓö¼ΓöÇΓöÇΓöÇΓöÇΓöÇΓöÇΓöÇΓöÇΓöÇΓöÇΓöÇΓöÇΓöÇΓöÇΓöÇΓöÇΓöÇΓöÇΓöÇΓöÇΓöÇΓöÇΓöÇΓöÇΓöÇΓö¼ΓöÇΓöÇΓöÇΓöÇΓöÇΓöÇΓöÇΓöÇΓöÇΓöÇΓöÇΓöÇΓöÇΓöÇΓöÇΓö¼ΓöÇΓöÇΓöÇΓöÇΓöÇΓöÇΓöÇΓöÇΓöÇΓöÇΓöÇΓöÇΓöÇΓöÇΓöÇΓöÇΓöÇΓöÇΓöÇΓöÇΓöÇΓö¼ΓöÇΓöÇΓöÇΓöÇΓöÇΓöÇΓöÇΓöÇΓöÉ
Γöé (index) Γöé id Γöé nombre                 Γöé cedula_rif Γöé telefono       Γöé correo                  Γöé especialidad  Γöé porcentaje_comision Γöé activo Γöé
Γö£ΓöÇΓöÇΓöÇΓöÇΓöÇΓöÇΓöÇΓöÇΓöÇΓö╝ΓöÇΓöÇΓöÇΓöÇΓö╝ΓöÇΓöÇΓöÇΓöÇΓöÇΓöÇΓöÇΓöÇΓöÇΓöÇΓöÇΓöÇΓöÇΓöÇΓöÇΓöÇΓöÇΓöÇΓöÇΓöÇΓöÇΓöÇΓöÇΓöÇΓö╝ΓöÇΓöÇΓöÇΓöÇΓöÇΓöÇΓöÇΓöÇΓöÇΓöÇΓöÇΓöÇΓö╝ΓöÇΓöÇΓöÇΓöÇΓöÇΓöÇΓöÇΓöÇΓöÇΓöÇΓöÇΓöÇΓöÇΓöÇΓöÇΓöÇΓö╝ΓöÇΓöÇΓöÇΓöÇΓöÇΓöÇΓöÇΓöÇΓöÇΓöÇΓöÇΓöÇΓöÇΓöÇΓöÇΓöÇΓöÇΓöÇΓöÇΓöÇΓöÇΓöÇΓöÇΓöÇΓöÇΓö╝ΓöÇΓöÇΓöÇΓöÇΓöÇΓöÇΓöÇΓöÇΓöÇΓöÇΓöÇΓöÇΓöÇΓöÇΓöÇΓö╝ΓöÇΓöÇΓöÇΓöÇΓöÇΓöÇΓöÇΓöÇΓöÇΓöÇΓöÇΓöÇΓöÇΓöÇΓöÇΓöÇΓöÇΓöÇΓöÇΓöÇΓöÇΓö╝ΓöÇΓöÇΓöÇΓöÇΓöÇΓöÇΓöÇΓöÇΓöñ
Γöé 0       Γöé [33m2[39m  Γöé [32m'Dra. Allison Cameron'[39m Γöé [32m'V-67890'[39m  Γöé [32m'0424-5556789'[39m Γöé [32m'cameron@princeton.com'[39m Γöé [32m'Inmunolog├¡a'[39m Γöé [33m25[39m                  Γöé [33m1[39m      Γöé
ΓööΓöÇΓöÇΓöÇΓöÇΓöÇΓöÇΓöÇΓöÇΓöÇΓö┤ΓöÇΓöÇΓöÇΓöÇΓö┤ΓöÇΓöÇΓöÇΓöÇΓöÇΓöÇΓöÇΓöÇΓöÇΓöÇΓöÇΓöÇΓöÇΓöÇΓöÇΓöÇΓöÇΓöÇΓöÇΓöÇΓöÇΓöÇΓöÇΓöÇΓö┤ΓöÇΓöÇΓöÇΓöÇΓöÇΓöÇΓöÇΓöÇΓöÇΓöÇΓöÇΓöÇΓö┤ΓöÇΓöÇΓöÇΓöÇΓöÇΓöÇΓöÇΓöÇΓöÇΓöÇΓöÇΓöÇΓöÇΓöÇΓöÇΓöÇΓö┤ΓöÇΓöÇΓöÇΓöÇΓöÇΓöÇΓöÇΓöÇΓöÇΓöÇΓöÇΓöÇΓöÇΓöÇΓöÇΓöÇΓöÇΓöÇΓöÇΓöÇΓöÇΓöÇΓöÇΓöÇΓöÇΓö┤ΓöÇΓöÇΓöÇΓöÇΓöÇΓöÇΓöÇΓöÇΓöÇΓöÇΓöÇΓöÇΓöÇΓöÇΓöÇΓö┤ΓöÇΓöÇΓöÇΓöÇΓöÇΓöÇΓöÇΓöÇΓöÇΓöÇΓöÇΓöÇΓöÇΓöÇΓöÇΓöÇΓöÇΓöÇΓöÇΓöÇΓöÇΓö┤ΓöÇΓöÇΓöÇΓöÇΓöÇΓöÇΓöÇΓöÇΓöÿ
M├⌐dico 1 desactivado.

 [32mΓ£ô[39m tests/unit/PatientService.test.jsx [2m ([22m[2m3 tests[22m[2m)[22m[90m 19[2mms[22m[39m
 [33mΓ¥»[39m tests/integration/services.integration.test.jsx [2m ([22m[2m9 tests[22m [2m|[22m [31m5 failed[39m[2m)[22m[33m 10574[2mms[22m[39m
[31m   [33mΓ¥»[31m tests/integration/services.integration.test.jsx[2m > [22mServices Integration Tests[2m > [22mshould open service form when clicking Nuevo Servicio button[39m
[31m     ΓåÆ Unable to find an element with the text: Registrar Nuevo Servicio. This could be because the text is broken up by multiple elements. In this case, you can provide a function for your text matcher to make your matcher more flexible.

Ignored nodes: comments, script, style
[36m<body>[31m
  [36m<div>[31m
    [36m<div[31m
      [33mclass[31m=[32m"layout-container"[31m
    [36m>[31m
      [36m<nav[31m
        [33mclass[31m=[32m"sidebar"[31m
      [36m>[31m
        [36m<div[31m
          [33mclass[31m=[32m"logo"[31m
        [36m>[31m
          [0mM├⌐dica[0m
          [36m<span>[31m
            [0mERP[0m
          [36m</span>[31m
        [36m</div>[31m
        [36m<ul[31m
          [33mclass[31m=[32m"nav-links"[31m
        [36m>[31m
          [36m<li[31m
            [33mclass[31m=[32m""[31m
          [36m>[31m
            [0mDashboard[0m
          [36m</li>[31m
          [36m<li[31m
            [33mclass[31m=[32m""[31m
          [36m>[31m
            [0mPacientes[0m
          [36m</li>[31m
          [36m<li[31m
            [33mclass[31m=[32m""[31m
          [36m>[31m
            [0mM├⌐dicos[0m
          [36m</li>[31m
          [36m<li[31m
            [33mclass[31m=[32m"active"[31m
          [36m>[31m
            [0mServicios[0m
          [36m</li>[31m
          [36m<li[31m
            [33mclass[31m=[32m""[31m
          [36m>[31m
            [0mFacturaci├│n[0m
          [36m</li>[31m
          [36m<li>[31m
            [0mInventario[0m
          [36m</li>[31m
          [36m<li>[31m
            [0mLiquidaci├│n[0m
          [36m</li>[31m
        [36m</ul>[31m
      [36m</nav>[31m
      [36m<main[31m
        [33mclass[31m=[32m"main-content"[31m
      [36m>[31m
        [36m<header[31m
          [33mclass[31m=[32m"topbar"[31m
        [36m>[31m
          [36m<div[31m
            [33mstyle[31m=[32m"display: flex; align-items: center; gap: 16px;"[31m
          [36m>[31m
            [36m<h2>[31m
              [0mGesti├│n de Servicios[0m
            [36m</h2>[31m
          [36m</div>[31m
          [36m<div[31m
            [33mclass[31m=[32m"user-profile"[31m
          [36m>[31m
            [36m<button[31m
              [33mclass[31m=[32m"theme-toggle"[31m
            [36m>[31m
              [0mΓÿÇ∩╕Å Modo Claro[0m
            [36m</button>[31m
            [36m<div[31m
              [33mclass[31m=[32m"avatar"[31m
            [36m>[31m
              [0mAD[0m
            [36m</div>[31m
            [36m<span>[31m
              [0mAdministrador[0m
            [36m</span>[31m
          [36m</div>[31m
        [36m</header>[31m
        [36m<div[31m
          [33mclass[31m=[32m"patient-list animate-in"[31m
        [36m>[31m
          [36m<div[31m
            [33mclass[31m=[32m"search-bar-container"[31m
          [36m>[31m
            [36m<div[31m
              [33mclass[31m=[32m"search-input-wrapper"[31m
              [33mstyle[31m=[32m"flex: 1 1 0%; position: relative;"[31m
            [36m>[31m
              [36m<input[31m
                [33mclass[31m=[32m"search-input glassmorphism"[31m
                [33mplaceholder[31m=[32m"Buscar por servicio o m├⌐dico..."[31m
                [33mstyle[31m=[32m"width: 100%; border-radius: 12px;"[31m
                [33mtype[31m=[32m"text"[31m
                [33mvalue[31m=[32m""[31m
              [36m/>[31m
            [36m</div>[31m
            [36m<button[31m
              [33mclass[31m=[32m"btn-primary"[31m
            [36m>[31m
              [36m<span>[31m
                [0m+[0m
              [36m</span>[31m
              [0m Nuevo Servicio[0m
            [36m</button>[31m
          [36m</div>[31m
          [36m<div[31m
            [33mclass[31m=[32m"table-wrapper glassmorphism"[31m
          [36m>[31m
            [36m<table[31m
              [33mclass[31m=[32m"modern-table"[31m
            [36m>[31m
              [36m<thead>[31m
                [36m<tr>[31m
                  [36m<th>[31m
                    [0mServicio[0m
                  [36m</th>[31m
                  [36m<th>[31m
                    [0mPrecio (USD)[0m
                  [36m</th>[31m
                  [36m<th>[31m
                    [0mEstatus IVA[0m
                  [36m</th>[31m
                  [36m<th>[31m
                    [0mM├⌐dico Defecto[0m
                  [36m</th>[31m
                  [36m<th>[31m
                    [0mInsumos[0m
                  [36m</th>[31m
                  [36m<th>[31m
                    [0mAcciones[0m
                  [36m</th>[31m
                [36m</tr>[31m
              [36m</thead>[31m
              [36m<tbody>[31m
                [36m<tr>[31m
                  [36m<td>[31m
                    [36m<div[31m
                      [33mstyle[31m=[32m"display: flex; align-items: center; gap: 12px;"[31m
                    [36m>[31m
                      [36m<div[31m
                        [33mclass[31m=[32m"avatar"[31m
                        [33mstyle[31m=[32m"width: 32px; height: 32px; font-size: 0.8rem;"[31m
                      [36m>[31m
                        [0mCO[0m
                      [36m</div>[31m
                      [36m<span[31m
                        [33mstyle[31m=[32m"font-weight: 600;"[31m
                      [36m>[31m
                        [0mConsulta General[0m
                      [36m</span>[31m
                    [36m</div>[31m
                  [36m</td>[31m
                  [36m<td>[31m
                    [36m<span[31m
                      [33mclass[31m=[32m"text-cyan"[31m
                      [33mstyle[31m=[32m"font-weight: 700;"[31m
                    [36m>[31m
                      [0m$[0m
                      [0m30.00[0m
                    [36m</span>[31m
                  [36m</td>[31m
                  [36m<td>[31m
                    [36m<span[31m
                      [33mclass[31m=[32m"status-badge active"[31m
                    [36m>[31m
                      [0mExento[0m
                    [36m</span>[31m
                  [36m</td>[31m
                  [36m<td>[31m
                    [36m<div[31m
                      [33mstyle[31m=[32m"display: flex; flex-direction: column;"[31m
                    [36m>[31m
                      [36m<span[31m
                        [33mstyle[31m=[32m"font-size: 0.9rem;"[31m
                      [36m>[31m
                        [0mNo asignado[0m
                      [36m</span>[31m
                    [36m</div>[31m
                  [36m</td>[31m
                  [36m<td>[31m
                    [36m<div[31m
                      [33mclass[31m=[32m"tooltip-container"[31m
                    [36m>[31m
                      [36m<span[31m
                        [33mclass[31m=[32m"commission-badge"[31m
                      [36m>[31m
                        [0m0[0m
                        [0m ├¡tems[0m
                      [36m</span>[31m
                    [36m</div>[31m
                  [36m</td>[31m
                  [36m<td>[31m
                    [36m<div[31m
                      [33mclass[31m=[32m"action-buttons"[31m
                    [36m>[31m
                      [36m<button[31m
                        [33mclass[31m=[32m"btn-view"[31m
                        [33mtitle[31m=[32m"Editar"[31m
                      [36m>[31m
                        [0mΓ£Å∩╕Å[0m
                      [36m</button>[31m
                      [36m<button[31m
                        [33mclass[31m=[32m"btn-delete"[31m
                        [33mtitle[31m=[32m"Eliminar"[31m
                      [36m>[31m
                        [0m≡ƒùæ∩╕Å[0m
                      [36m</button>[31m
                    [36m</div>[31m
                  [36m</td>[31m
                [36m</tr>[31m
                [36m<tr>[31m
                  [36m<td>[31m
                    [36m<div[31m
                      [33mstyle[31m=[32m"display: flex; align-items: center; gap: 12px;"[31m
                    [36m>[31m
                      [36m<div[31m
                        [33mclass[31m=[32m"avatar"[31m
                        [33mstyle[31m=[32m"width: 32px; height: 32px; font-size: 0.8rem;"[31m
                      [36m>[31m
                        [0mEL[0m
                      [36m</div>[31m
                      [36m<span[31m
                        [33mstyle[31m=[32m"font-weight: 600;"[31m
                      [36m>[31m
                        [0mElectrocardiograma[0m
                      [36m</span>[31m
                    [36m</div>[31m
                  [36m</td>[31m
                  [36m<td>[31m
                    [36m<span[31m
                      [33mclass[31m=[32m"text-cyan"[31m
                      [33mstyle[31m=[32m"font-weight: 700;"[31m
                    [36m>[31m
                      [0m$[0m
                      [0m50.00[0m
                    [36m</span>[31m
                  [36m</td>[31m
                  [36m<td>[31m
                    [36m<span[31m
                      [33mclass[31m=[32m"status-badge inactive"[31m
                    [36m>[31m
                      [0mIVA 16%[0m
                    [36m</span>[31m
                  [36m</td>[31m
                  [36m<td>[31m
                    [36m<div[31m
                      [33mstyle[31m=[32m"display: flex; flex-direction: column;"[31m
                    [36m>[31m
                      [36m<span[31m
                        [33mstyle[31m=[32m"font-size: 0.9rem;"[31m
                      [36m>[31m
                        [0mNo asignado[0m
                      [36m</span>[31m
                    [36m</div>[31m
                  [36m</td>[31m
                  [36m<td>[31m
                    [36m<div[31m
                      [33mclass[31m=[32m"tooltip-container"[31m
                    [36m>[31m
                      [36m<span[31m
                        [33mclass[31m=[32m"commission-badge"[31m
                      [36m>[31m
                        [0m1[0m
                        [0m ├¡tems[0m
                      [36m</span>[31m
                      [36m<div[31m
                        [33mclass[31m=[32m"tooltip-content glassmorphism"[31m
                      [36m>[31m
                        [36m<div[31m
                          [33mstyle[31m=[32m"font-weight: bold; border-bottom: 1px solid var(--border-color); margin-bottom: 5px; padding-bottom: 3px;"[31m
                        [36m>[31m
                          [0mReceta T├⌐cnica[0m
                        [36m</div>[31m
                        [36m<div[31m
                          [33mstyle[31m=[32m"font-size: 0.8rem; display: flex; justify-content: space-between; gap: 10px;"[31m
                        [36m>[31m
                          [36m<span />[31m
                          [36m<span[31m
                            [33mstyle[31m=[32m"font-weight: bold; color: var(--accent-cyan);"[31m
                          [36m>[31m
                            [0mx[0m
                            [0m1[0m
                          [36m</span>[31m
                        [36m</div>[31m
                      [36m</div>[31m
                    [36m</div>[31m
                  [36m</td>[31m
                  [36m<td>[31m
                    [36m<div[31m
                      [33mclass[31m=[32m"action-buttons"[31m
                    [36m>[31m
                      [36m<button[31m
                        [33mclass[31m=[32m"btn-view"[31m
                        [33mtitle[31m=[32m"Editar"[31m
                      [36m>[31m
                        [0mΓ£Å∩╕Å[0m
                      [36m</button>[31m
                      [36m<button[31m
                        [33mclass[31m=[32m"btn-delete"[31m
                        [33mtitle[31m=[32m"Eliminar"[31m
                      [36m>[31m
                        [0m≡ƒùæ∩╕Å[0m
                      [36m</button>[31m
                    [36m</div>[31m
                  [36m</td>[31m
                [36m</tr>[31m
              [36m</tbody>[31m
            [36m</table>[31m
          [36m</div>[31m
        [36m</div>[31m
        [36m<div[31m
          [33mclass[31m=[32m"patient-form-overlay glassmorphism animate-in"[31m
        [36m>[31m
          [36m<div[31m
            [33mclass[31m=[32m"patient-form-modal container-card"[31m
            [33mstyle[31m=[32m"max-width: 700px;"[31m
          [36m>[31m
            [36m<h3>[31m
              [0mNuevo Servicio M├⌐dico[0m
            [36m</h3>[31m
            [36m<p[31m
              [33mclass[31m=[32m"subtitle"[31m
            [36m>[31m
              [0mConfigure el precio y la receta t├⌐cnica del servicio.[0m
            [36m</p>[31m
            [36m<form[31m
              [33mclass[31m=[32m"patient-form-grid"[31m
            [36m>[31m
              [36m<div[31m
                [33mclass[31m=[32m"form-group full-width"[31m
              [36m>[31m
                [36m<label>[31m
                  [0mNombre del Servicio *[0m
                [36m</label>[31m
                [36m<input[31m
                  [33mname[31m=[32m"nombre"[31m
                  [33mplaceholder[31m=[32m"Ej. Consulta Especializada"[31m
                  [33mrequired[31m=[32m""[31m
                  [33mtype[31m=[32m"text"[31m
                  [33mvalue[31m=[32m""[31m
                [36m/>[31m
              [36m</div>[31m
              [36m<div[31m
                [33mclass[31m=[32m"form-group"[31m
              [36m>[31m
                [36m<label>[31m
                  [0mPrecio (USD) *[0m
                [36m</label>[31m
                [36m<input[31m
                  [33mname[31m=[32m"precio_usd"[31m
                  [33mplaceholder[31m=[32m"0.00"[31m
                  [33mrequired[31m=[32m""[31m
                  [33mstep[31m=[32m"0.01"[31m
                  [33mtype[31m=[32m"number"[31m
                  [33mvalue[31m=[32m""[31m
                [36m/>[31m
              [36m</div>[31m
              [36m<div[31m
                [33mclass[31m=[32m"form-group"[31m
              [36m>[31m
                [36m<label>[31m
                  [0mM├⌐dico por defecto[0m
                [36m</label>[31m
                [36m<select[31m
                  [33mname[31m=[32m"id_medico_defecto"[31m
                [36m>[31m
                  [36m<option[31m
                    [33mvalue[31m=[32m""[31m
                  [36m>[31m
                    [0mSeleccione un m├⌐dico...[0m
                  [36m</option>[31m
                  [36m<option[31m
                    [33mvalue[31m=[32m"1"[31m
                  [36m>[31m
                    [0mDr. Gregory House[0m
                  [36m</option>[31m
                  [36m<option[31m
                    [33mvalue[31m=[32m"2"[31m
                  [36m>[31m
                    [0mDra. Allison Cameron[0m
                  [36m</option>[31m
                [36m</select>[31m
              [36m</div>[31m
              [36m<div[31m
                [33mclass[31m=[32m"form-group full-width"[31m
                [33mstyle[31m=[32m"display: flex; align-items: center; gap: 10px;"[31m
              [36m>[31m
                [36m<input[31m
                  [33mchecked[31m=[32m""[31m
                  [33mid[31m=[32m"es_exento"[31m
                  [33mname[31m=[32m"es_exento"[31m
                  [33mtype[31m=[32m"checkbox"[31m
                [36m/>[31m
                [36m<label[31m
                  [33mfor[31m=[32m"es_exento"[31m
                  [33mstyle[31m=[32m"cursor: pointer; margin-bottom: 0px;"[31m
                [36m>[31m
                  [0mServicio Exento de IVA[0m
                [36m</label>[31m
              [36m</div>[31m
              [36m<hr[31m
                [33mclass[31m=[32m"full-width"[31m
                [33mstyle[31m=[32m"margin: 15px 0px; border-top: 1px solid var(--border-color); border-right: 0px; border-bottom: 0px; border-left: 0px; border-image: none;"[31m
              [36m/>[31m
              [36m<div[31m
                [33mclass[31m=[32m"full-width"[31m
              [36m>[31m
                [36m<h4>[31m
                  [0mInsumos Asociados (Receta T├⌐cnica)[0m
                [36m</h4>[31m
                [36m<div[31m
                  [33mstyle[31m=[32m"display: flex; gap: 10px; margin-top: 10px;"[31m
                [36m>[31m
                  [36m<select[31m
                    [33mstyle[31m=[32m"flex: 2 1 0%;"[31m
                  [36m>[31m
                    [36m<option[31m
                      [33mvalue[31m=[32m""[31m
                    [36m>[31m
                      [0mSeleccionar Insumo...[0m
                    [36m</option>[31m
                    [36m<option[31m
                      [33mvalue[31m=[32m"1"[31m
                    [36m>[31m
                      [0mGuantes de L├ítex[0m
                      [0m ([0m
                      [0mPar[0m
                      [0m)[0m
                    [36m</option>[31m
                    [36m<option[31m
                      [33mvalue[31m=[32m"2"[31m
                    [36m>[31m
                      [0mJeringa 5ml[0m
                      [0m ([0m
                      [0mUnidad[0m
                      [0m)[0m
                    [36m</option>[31m
                  [36m</select>[31m
                  [36m<input[31m
                    [33mmin[31m=[32m"1"[31m
                    [33mplaceholder[31m=[32m"Cant."[31m
                    [33mstyle[31m=[32m"flex: 1 1 0%;"[31m
                    [33mtype[31m=[32m"number"[31m
                    [33mvalue[31m=[32m"1"[31m
                  [36m/>[31m
                  [36m<button[31m
                    [33mclass[31m=[32m"btn-secondary"[31m
                    [33mtype[31m=[32m"button"[31m
                  [36m>[31m
                    [0mA├▒adir[0m
                  [36m</button>[31m
                [36m</div>[31m
                [36m<div[31m
                  [33mclass[31m=[32m"insumos-tags"[31m
                  [33mstyle[31m=[32m"display: grid; grid-template-columns: 1fr 1fr; gap: 10px; margin-top: 15px;"[31m
                [36m>[31m
                  [36m<p[31m
                    [33mclass[31m=[32m"subtitle full-width"[31m
                  [36m>[31m
                    [0mNo hay insumos a├▒adidos a la receta t├⌐cnica.[0m
                  [36m</p>[31m
                [36m</div>[31m
              [36m</div>[31m
              [36m<div[31m
                [33mclass[31m=[32m"form-actions full-width"[31m
                [33mstyle[31m=[32m"margin-top: 20px;"[31m
              [36m>[31m
                [36m<button[31m
                  [33mclass[31m=[32m"btn-secondary"[31m
                  [33mtype[31m=[32m"button"[31m
                [36m>[31m
                  [0mCancelar[0m
                [36m</button>[31m
                [36m<button[31m
                  [33mclass[31m=[32m"btn-primary"[31m
                  [33mtype[31m=[32m"submit"[31m
                [36m>[31m
                  [0mGuardar Servicio[0m
                [36m</button>[31m
              [36m</div>[31m
            [36m</form>[31m
          [36m</div>[31m
        [36m</div>[31m
      [36m</main>[31m
    [36m</div>[31m
  [36m</div>[31m
[36m</body>[31m

Ignored nodes: comments, script, style
[36m<html>[31m
  [36m<head />[31m
  [36m<body>[31m
    [36m<div>[31m
      [36m<div[31m
        [33mclass[31m=[32m"layout-container"[31m
      [36m>[31m
        [36m<nav[31m
          [33mclass[31m=[32m"sidebar"[31m
        [36m>[31m
          [36m<div[31m
            [33mclass[31m=[32m"logo"[31m
          [36m>[31m
            [0mM├⌐dica[0m
            [36m<span>[31m
              [0mERP[0m
            [36m</span>[31m
          [36m</div>[31m
          [36m<ul[31m
            [33mclass[31m=[32m"nav-links"[31m
          [36m>[31m
            [36m<li[31m
              [33mclass[31m=[32m""[31m
            [36m>[31m
              [0mDashboard[0m
            [36m</li>[31m
            [36m<li[31m
              [33mclass[31m=[32m""[31m
            [36m>[31m
              [0mPacientes[0m
            [36m</li>[31m
            [36m<li[31m
              [33mclass[31m=[32m""[31m
            [36m>[31m
              [0mM├⌐dicos[0m
            [36m</li>[31m
            [36m<li[31m
              [33mclass[31m=[32m"active"[31m
            [36m>[31m
              [0mServicios[0m
            [36m</li>[31m
            [36m<li[31m
              [33mclass[31m=[32m""[31m
            [36m>[31m
              [0mFacturaci├│n[0m
            [36m</li>[31m
            [36m<li>[31m
              [0mInventario[0m
            [36m</li>[31m
            [36m<li>[31m
              [0mLiquidaci├│n[0m
            [36m</li>[31m
          [36m</ul>[31m
        [36m</nav>[31m
        [36m<main[31m
          [33mclass[31m=[32m"main-content"[31m
        [36m>[31m
          [36m<header[31m
            [33mclass[31m=[32m"topbar"[31m
          [36m>[31m
            [36m<div[31m
              [33mstyle[31m=[32m"display: flex; align-items: center; gap: 16px;"[31m
            [36m>[31m
              [36m<h2>[31m
                [0mGesti├│n de Servicios[0m
              [36m</h2>[31m
            [36m</div>[31m
            [36m<div[31m
              [33mclass[31m=[32m"user-profile"[31m
            [36m>[31m
              [36m<button[31m
                [33mclass[31m=[32m"theme-toggle"[31m
              [36m>[31m
                [0mΓÿÇ∩╕Å Modo Claro[0m
              [36m</button>[31m
              [36m<div[31m
                [33mclass[31m=[32m"avatar"[31m
              [36m>[31m
                [0mAD[0m
              [36m</div>[31m
              [36m<span>[31m
                [0mAdministrador[0m
              [36m</span>[31m
            [36m</div>[31m
          [36m</header>[31m
          [36m<div[31m
            [33mclass[31m=[32m"patient-list animate-in"[31m
          [36m>[31m
            [36m<div[31m
              [33mclass[31m=[32m"search-bar-container"[31m
            [36m>[31m
              [36m<div[31m
                [33mclass[31m=[32m"search-input-wrapper"[31m
                [33mstyle[31m=[32m"flex: 1 1 0%; position: relative;"[31m
              [36m>[31m
                [36m<input[31m
                  [33mclass[31m=[32m"search-input glassmorphism"[31m
                  [33mplaceholder[31m=[32m"Buscar por servicio o m├⌐dico..."[31m
                  [33mstyle[31m=[32m"width: 100%; border-radius: 12px;"[31m
                  [33mtype[31m=[32m"text"[31m
                  [33mvalue[31m=[32m""[31m
                [36m/>[31m
              [36m</div>[31m
              [36m<button[31m
                [33mclass[31m=[32m"btn-primary"[31m
              [36m>[31m
                [36m<span>[31m
                  [0m+[0m
                [36m</span>[31m
                [0m Nuevo Servicio[0m
              [36m</button>[31m
            [36m</div>[31m
            [36m<div[31m
              [33mclass[31m=[32m"table-wrapper glassmorphism"[31m
            [36m>[31m
              [36m<table[31m
                [33mclass[31m=[32m"modern-table"[31m
              [36m>[31m
                [36m<thead>[31m
                  [36m<tr>[31m
                    [36m<th>[31m
                      [0mServicio[0m
                    [36m</th>[31m
                    [36m<th>[31m
                      [0mPrecio (USD)[0m
                    [36m</th>[31m
                    [36m<th>[31m
                      [0mEstatus IVA[0m
                    [36m</th>[31m
                    [36m<th>[31m
                      [0mM├⌐dico Defecto[0m
                    [36m</th>[31m
                    [36m<th>[31m
                      [0mInsumos[0m
                    [36m</th>[31m
                    [36m<th>[31m
                      [0mAcciones[0m
                    [36m</th>[31m
                  [36m</tr>[31m
                [36m</thead>[31m
                [36m<tbody>[31m
                  [36m<tr>[31m
                    [36m<td>[31m
                      [36m<div[31m
                        [33mstyle[31m=[32m"display: flex; align-items: center; gap: 12px;"[31m
                      [36m>[31m
                        [36m<div[31m
                          [33mclass[31m=[32m"avatar"[31m
                          [33mstyle[31m=[32m"width: 32px; height: 32px; font-size: 0.8rem;"[31m
                        [36m>[31m
                          [0mCO[0m
                        [36m</div>[31m
                        [36m<span[31m
                          [33mstyle[31m=[32m"font-weight: 600;"[31m
                        [36m>[31m
                          [0mConsulta General[0m
                        [36m</span>[31m
                      [36m</div>[31m
                    [36m</td>[31m
                    [36m<td>[31m
                      [36m<span[31m
                        [33mclass[31m=[32m"text-cyan"[31m
                        [33mstyle[31m=[32m"font-weight: 700;"[31m
                      [36m>[31m
                        [0m$[0m
                        [0m30.00[0m
                      [36m</span>[31m
                    [36m</td>[31m
                    [36m<td>[31m
                      [36m<span[31m
                        [33mclass[31m=[32m"status-badge active"[31m
                      [36m>[31m
                        [0mExento[0m
                      [36m</span>[31m
                    [36m</td>[31m
                    [36m<td>[31m
                      [36m<div[31m
                        [33mstyle[31m=[32m"display: flex; flex-direction: column;"[31m
                      [36m>[31m
                        [36m<span[31m
                          [33mstyle[31m=[32m"font-size: 0.9rem;"[31m
                        [36m>[31m
                          [0mNo asignado[0m
                        [36m</span>[31m
                      [36m</div>[31m
                    [36m</td>[31m
                    [36m<td>[31m
                      [36m<div[31m
                        [33mclass[31m=[32m"tooltip-container"[31m
                      [36m>[31m
                        [36m<span[31m
                          [33mclass[31m=[32m"commission-badge"[31m
                        [36m>[31m
                          [0m0[0m
                          [0m ├¡tems[0m
                        [36m</span>[31m
                      [36m</div>[31m
                    [36m</td>[31m
                    [36m<td>[31m
                      [36m<div[31m
                        [33mclass[31m=[32m"action-buttons"[31m
                      [36m>[31m
                        [36m<button[31m
                          [33mclass[31m=[32m"btn-view"[31m
                          [33mtitle[31m=[32m"Editar"[31m
                        [36m>[31m
                          [0mΓ£Å∩╕Å[0m
                        [36m</button>[31m
                        [36m<button[31m
                          [33mclass[31m=[32m"btn-delete"[31m
                          [33mtitle[31m=[32m"Eliminar"[31m
                        [36m>[31m
                          [0m≡ƒùæ∩╕Å[0m
                        [36m</button>[31m
                      [36m</div>[31m
                    [36m</td>[31m
                  [36m</tr>[31m
                  [36m<tr>[31m
                    [36m<td>[31m
                      [36m<div[31m
                        [33mstyle[31m=[32m"display: flex; align-items: center; gap: 12px;"[31m
                      [36m>[31m
                        [36m<div[31m
                          [33mclass[31m=[32m"avatar"[31m
                          [33mstyle[31m=[32m"width: 32px; height: 32px; font-size: 0.8rem;"[31m
                        [36m>[31m
                          [0mEL[0m
                        [36m</div>[31m
                        [36m<span[31m
                          [33mstyle[31m=[32m"font-weight: 600;"[31m
                        [36m>[31m
                          [0mElectrocardiograma[0m
                        [36m</span>[31m
                      [36m</div>[31m
                    [36m</td>[31m
                    [36m<td>[31m
                      [36m<span[31m
                        [33mclass[31m=[32m"text-cyan"[31m
                        [33mstyle[31m=[32m"font-weight: 700;"[31m
                      [36m>[31m
                        [0m$[0m
                        [0m50.00[0m
                      [36m</span>[31m
                    [36m</td>[31m
                    [36m<td>[31m
                      [36m<span[31m
                        [33mclass[31m=[32m"status-badge inactive"[31m
                      [36m>[31m
                        [0mIVA 16%[0m
                      [36m</span>[31m
                    [36m</td>[31m
                    [36m<td>[31m
                      [36m<div[31m
                        [33mstyle[31m=[32m"display: flex; flex-direction: column;"[31m
                      [36m>[31m
                        [36m<span[31m
                          [33mstyle[31m=[32m"font-size: 0.9rem;"[31m
                        [36m>[31m
                          [0mNo asignado[0m
                        [36m</span>[31m
                      [36m</div>[31m
                    [36m</td>[31m
                    [36m<td>[31m
                      [36m<div[31m
                        [33mclass[31m=[32m"tooltip-container"[31m
                      [36m>[31m
                        [36m<span[31m
                          [33mclass[31m=[32m"commission-badge"[31m
                        [36m>[31m
                          [0m1[0m
                          [0m ├¡tems[0m
                        [36m</span>[31m
                        [36m<div[31m
                          [33mclass[31m=[32m"tooltip-content glassmorphism"[31m
                        [36m>[31m
                          [36m<div[31m
                            [33mstyle[31m=[32m"font-weight: bold; border-bottom: 1px solid var(--border-color); margin-bottom: 5px; padding-bottom: 3px;"[31m
                          [36m>[31m
                            [0mReceta T├⌐cnica[0m
                          [36m</div>[31m
                          [36m<div[31m
                            [33mstyle[31m=[32m"font-size: 0.8rem; display: flex; justify-content: space-between; gap: 10px;"[31m
                          [36m>[31m
                            [36m<span />[31m
                            [36m<span[31m
                              [33mstyle[31m=[32m"font-weight: bold; color: var(--accent-cyan);"[31m
                            [36m>[31m
                              [0mx[0m
                              [0m1[0m
                            [36m</span>[31m
                          [36m</div>[31m
                        [36m</div>[31m
                      [36m</div>[31m
                    [36m</td>[31m
                    [36m<td>[31m
                      [36m<div[31m
                        [33mclass[31m=[32m"action-buttons"[31m
                      [36m>[31m
                        [36m<button[31m
                          [33mclass[31m=[32m"btn-view"[31m
                          [33mtitle[31m=[32m"Editar"[31m
                        [36m>[31m
                          [0mΓ£Å∩╕Å[0m
                        [36m</button>[31m
                        [36m<button[31m
                          [33mclass[31m=[32m"btn-delete"[31m
                          [33mtitle[31m=[32m"Eliminar"[31m
                        [36m>[31m
                          [0m≡ƒùæ∩╕Å[0m
                        [36m</button>[31m
                      [36m</div>[31m
                    [36m</td>[31m
                  [36m</tr>[31m
                [36m</tbody>[31m
              [36m</table>[31m
            [36m</div>[31m
          [36m</div>[31m
          [36m<div[31m
            [33mclass[31m=[32m"patient-form-overlay glassmorphism animate-in"[31m
          [36m>[31m
            [36m<div[31m
              [33mclass[31m=[32m"patient-form-modal container-card"[31m
              [33mstyle[31m=[32m"max-width: 700px;"[31m
            [36m>[31m
              [36m<h3>[31m
                [0mNuevo Servicio M├⌐dico[0m
              [36m</h3>[31m
              [36m<p[31m
                [33mclass[31m=[32m"subtitle"[31m
              [36m>[31m
                [0mConfigure el precio y la receta t├⌐cnica del servicio.[0m
              [36m</p>[31m
              [36m<form[31m
                [33mclass[31m=[32m"patient-form-grid"[31m
              [36m>[31m
                [36m<div[31m
                  [33mclass[31m=[32m"form-group full-width"[31m
                [36m>[31m
                  [36m<label>[31m
                    [0mNombre del Servicio *[0m
                  [36m</label>[31m
                  [36m<input[31m
                    [33mname[31m=[32m"nombre"[31m
                    [33mplaceholder[31m=[32m"Ej. Consulta Especializada"[31m
                    [33mrequired[31m=[32m""[31m
                    [33mtype[31m=[32m"text"[31m
                    [33mvalue[31m=[32m""[31m
                  [36m/>[31m
                [36m</div>[31m
                [36m<div[31m
                  [33mclass[31m=[32m"form-group"[31m
                [36m>[31m
                  [36m<label>[31m
                    [0mPrecio (USD) *[0m
                  [36m</label>[31m
                  [36m<input[31m
                    [33mname[31m=[32m"precio_usd"[31m
                    [33mplaceholder[31m=[32m"0.00"[31m
                    [33mrequired[31m=[32m""[31m
                    [33mstep[31m=[32m"0.01"[31m
                    [33mtype[31m=[32m"number"[31m
                    [33mvalue[31m=[32m""[31m
                  [36m/>[31m
                [36m</div>[31m
                [36m<div[31m
                  [33mclass[31m=[32m"form-group"[31m
                [36m>[31m
                  [36m<label>[31m
                    [0mM├⌐dico por defecto[0m
                  [36m</label>[31m
                  [36m<select[31m
                    [33mname[31m=[32m"id_medico_defecto"[31m
                  [36m>[31m
                    [36m<option[31m
                      [33mvalue[31m=[32m""[31m
                    [36m>[31m
                      [0mSeleccione un m├⌐dico...[0m
                    [36m</option>[31m
                    [36m<option[31m
                      [33mvalue[31m=[32m"1"[31m
                    [36m>[31m
                      [0mDr. Gregory House[0m
                    [36m</option>[31m
                    [36m<option[31m
                      [33mvalue[31m=[32m"2"[31m
                    [36m>[31m
                      [0mDra. Allison Cameron[0m
                    [36m</option>[31m
                  [36m</select>[31m
                [36m</div>[31m
                [36m<div[31m
                  [33mclass[31m=[32m"form-group full-width"[31m
                  [33mstyle[31m=[32m"display: flex; align-items: center; gap: 10px;"[31m
                [36m>[31m
                  [36m<input[31m
                    [33mchecked[31m=[32m""[31m
                    [33mid[31m=[32m"es_exento"[31m
                    [33mname[31m=[32m"es_exento"[31m
                    [33mtype[31m=[32m"checkbox"[31m
                  [36m/>[31m
                  [36m<label[31m
                    [33mfor[31m=[32m"es_exento"[31m
                    [33mstyle[31m=[32m"cursor: pointer; margin-bottom: 0px;"[31m
                  [36m>[31m
                    [0mServicio Exento de IVA[0m
                  [36m</label>[31m
                [36m</div>[31m
                [36m<hr[31m
                  [33mclass[31m=[32m"full-width"[31m
                  [33mstyle[31m=[32m"margin: 15px 0px; border-top: 1px solid var(--border-color); border-right: 0px; border-bottom: 0px; border-left: 0px; border-image: none;"[31m
                [36m/>[31m
                [36m<div[31m
                  [33mclass[31m=[32m"full-width"[31m
                [36m>[31m
                  [36m<h4>[31m
                    [0mInsumos Asociados (Receta T├⌐cnica)[0m
                  [36m</h4>[31m
                  [36m<div[31m
                    [33mstyle[31m=[32m"display: flex; gap: 10px; margin-top: 10px;"[31m
                  [36m>[31m
                    [36m<select[31m
                      [33mstyle[31m=[32m"flex: 2 1 0%;"[31m
                    [36m>[31m
                      [36m<option[31m
                        [33mvalue[31m=[32m""[31m
                      [36m>[31m
                        [0mSeleccionar Insumo...[0m
                      [36m</option>[31m
                      [36m<option[31m
                        [33mvalue[31m=[32m"1"[31m
                      [36m>[31m
                        [0mGuantes de L├ítex[0m
                        [0m ([0m
                        [0mPar[0m
                        [0m)[0m
                      [36m</option>[31m
                      [36m<option[31m
                        [33mvalue[31m=[32m"2"[31m
                      [36m>[31m
                        [0mJeringa 5ml[0m
                        [0m ([0m
                        [0mUnidad[0m
                        [0m)[0m
                      [36m</option>[31m
                    [36m</select>[31m
                    [36m<input[31m
                      [33mmin[31m=[32m"1"[31m
                      [33mplaceholder[31m=[32m"Cant."[31m
                      [33mstyle[31m=[32m"flex: 1 1 0%;"[31m
                      [33mtype[31m=[32m"number"[31m
                      [33mvalue[31m=[32m"1"[31m
                    [36m/>[31m
                    [36m<button[31m
                      [33mclass[31m=[32m"btn-secondary"[31m
                      [33mtype[31m=[32m"button"[31m
                    [36m>[31m
                      [0mA├▒adir[0m
                    [36m</button>[31m
                  [36m</div>[31m
                  [36m<div[31m
                    [33mclass[31m=[32m"insumos-tags"[31m
                    [33mstyle[31m=[32m"display: grid; grid-template-columns: 1fr 1fr; gap: 10px; margin-top: 15px;"[31m
                  [36m>[31m
                    [36m<p[31m
                      [33mclass[31m=[32m"subtitle full-width"[31m
                    [36m>[31m
                      [0mNo hay insumos a├▒adidos a la receta t├⌐cnica.[0m
                    [36m</p>[31m
                  [36m</div>[31m
                [36m</div>[31m
                [36m<div[31m
                  [33mclass[31m=[32m"form-actions full-width"[31m
                  [33mstyle[31m=[32m"margin-top: 20px;"[31m
                [36m>[31m
                  [36m<button[31m
                    [33mclass[31m=[32m"btn-secondary"[31m
                    [33mtype[31m=[32m"button"[31m
                  [36m>[31m
                    [0mCancelar[0m
                  [36m</button>[31m
                  [36m<button[31m
                    [33mclass[31m=[32m"btn-primary"[31m
                    [33mtype[31m=[32m"submit"[31m
                  [36m>[31m
                    [0mGuardar Servicio[0m
                  [36m</button>[31m
                [36m</div>[31m
              [36m</form>[31m
            [36m</div>[31m
          [36m</div>[31m
        [36m</main>[31m
      [36m</div>[31m
    [36m</div>[31m
  [36m</body>[31m
[36m</html>[31m[39m
[31m   [33mΓ¥»[31m tests/integration/services.integration.test.jsx[2m > [22mServices Integration Tests[2m > [22mshould load doctors in form dropdown[39m
[31m     ΓåÆ Unable to find an element with the text: Registrar Nuevo Servicio. This could be because the text is broken up by multiple elements. In this case, you can provide a function for your text matcher to make your matcher more flexible.

Ignored nodes: comments, script, style
[36m<body>[31m
  [36m<div>[31m
    [36m<div[31m
      [33mclass[31m=[32m"layout-container"[31m
    [36m>[31m
      [36m<nav[31m
        [33mclass[31m=[32m"sidebar"[31m
      [36m>[31m
        [36m<div[31m
          [33mclass[31m=[32m"logo"[31m
        [36m>[31m
          [0mM├⌐dica[0m
          [36m<span>[31m
            [0mERP[0m
          [36m</span>[31m
        [36m</div>[31m
        [36m<ul[31m
          [33mclass[31m=[32m"nav-links"[31m
        [36m>[31m
          [36m<li[31m
            [33mclass[31m=[32m""[31m
          [36m>[31m
            [0mDashboard[0m
          [36m</li>[31m
          [36m<li[31m
            [33mclass[31m=[32m""[31m
          [36m>[31m
            [0mPacientes[0m
          [36m</li>[31m
          [36m<li[31m
            [33mclass[31m=[32m""[31m
          [36m>[31m
            [0mM├⌐dicos[0m
          [36m</li>[31m
          [36m<li[31m
            [33mclass[31m=[32m"active"[31m
          [36m>[31m
            [0mServicios[0m
          [36m</li>[31m
          [36m<li[31m
            [33mclass[31m=[32m""[31m
          [36m>[31m
            [0mFacturaci├│n[0m
          [36m</li>[31m
          [36m<li>[31m
            [0mInventario[0m
          [36m</li>[31m
          [36m<li>[31m
            [0mLiquidaci├│n[0m
          [36m</li>[31m
        [36m</ul>[31m
      [36m</nav>[31m
      [36m<main[31m
        [33mclass[31m=[32m"main-content"[31m
      [36m>[31m
        [36m<header[31m
          [33mclass[31m=[32m"topbar"[31m
        [36m>[31m
          [36m<div[31m
            [33mstyle[31m=[32m"display: flex; align-items: center; gap: 16px;"[31m
          [36m>[31m
            [36m<h2>[31m
              [0mGesti├│n de Servicios[0m
            [36m</h2>[31m
          [36m</div>[31m
          [36m<div[31m
            [33mclass[31m=[32m"user-profile"[31m
          [36m>[31m
            [36m<button[31m
              [33mclass[31m=[32m"theme-toggle"[31m
            [36m>[31m
              [0mΓÿÇ∩╕Å Modo Claro[0m
            [36m</button>[31m
            [36m<div[31m
              [33mclass[31m=[32m"avatar"[31m
            [36m>[31m
              [0mAD[0m
            [36m</div>[31m
            [36m<span>[31m
              [0mAdministrador[0m
            [36m</span>[31m
          [36m</div>[31m
        [36m</header>[31m
        [36m<div[31m
          [33mclass[31m=[32m"patient-list animate-in"[31m
        [36m>[31m
          [36m<div[31m
            [33mclass[31m=[32m"search-bar-container"[31m
          [36m>[31m
            [36m<div[31m
              [33mclass[31m=[32m"search-input-wrapper"[31m
              [33mstyle[31m=[32m"flex: 1 1 0%; position: relative;"[31m
            [36m>[31m
              [36m<input[31m
                [33mclass[31m=[32m"search-input glassmorphism"[31m
                [33mplaceholder[31m=[32m"Buscar por servicio o m├⌐dico..."[31m
                [33mstyle[31m=[32m"width: 100%; border-radius: 12px;"[31m
                [33mtype[31m=[32m"text"[31m
                [33mvalue[31m=[32m""[31m
              [36m/>[31m
            [36m</div>[31m
            [36m<button[31m
              [33mclass[31m=[32m"btn-primary"[31m
            [36m>[31m
              [36m<span>[31m
                [0m+[0m
              [36m</span>[31m
              [0m Nuevo Servicio[0m
            [36m</button>[31m
          [36m</div>[31m
          [36m<div[31m
            [33mclass[31m=[32m"table-wrapper glassmorphism"[31m
          [36m>[31m
            [36m<table[31m
              [33mclass[31m=[32m"modern-table"[31m
            [36m>[31m
              [36m<thead>[31m
                [36m<tr>[31m
                  [36m<th>[31m
                    [0mServicio[0m
                  [36m</th>[31m
                  [36m<th>[31m
                    [0mPrecio (USD)[0m
                  [36m</th>[31m
                  [36m<th>[31m
                    [0mEstatus IVA[0m
                  [36m</th>[31m
                  [36m<th>[31m
                    [0mM├⌐dico Defecto[0m
                  [36m</th>[31m
                  [36m<th>[31m
                    [0mInsumos[0m
                  [36m</th>[31m
                  [36m<th>[31m
                    [0mAcciones[0m
                  [36m</th>[31m
                [36m</tr>[31m
              [36m</thead>[31m
              [36m<tbody>[31m
                [36m<tr>[31m
                  [36m<td>[31m
                    [36m<div[31m
                      [33mstyle[31m=[32m"display: flex; align-items: center; gap: 12px;"[31m
                    [36m>[31m
                      [36m<div[31m
                        [33mclass[31m=[32m"avatar"[31m
                        [33mstyle[31m=[32m"width: 32px; height: 32px; font-size: 0.8rem;"[31m
                      [36m>[31m
                        [0mCO[0m
                      [36m</div>[31m
                      [36m<span[31m
                        [33mstyle[31m=[32m"font-weight: 600;"[31m
                      [36m>[31m
                        [0mConsulta General[0m
                      [36m</span>[31m
                    [36m</div>[31m
                  [36m</td>[31m
                  [36m<td>[31m
                    [36m<span[31m
                      [33mclass[31m=[32m"text-cyan"[31m
                      [33mstyle[31m=[32m"font-weight: 700;"[31m
                    [36m>[31m
                      [0m$[0m
                      [0m30.00[0m
                    [36m</span>[31m
                  [36m</td>[31m
                  [36m<td>[31m
                    [36m<span[31m
                      [33mclass[31m=[32m"status-badge active"[31m
                    [36m>[31m
                      [0mExento[0m
                    [36m</span>[31m
                  [36m</td>[31m
                  [36m<td>[31m
                    [36m<div[31m
                      [33mstyle[31m=[32m"display: flex; flex-direction: column;"[31m
                    [36m>[31m
                      [36m<span[31m
                        [33mstyle[31m=[32m"font-size: 0.9rem;"[31m
                      [36m>[31m
                        [0mNo asignado[0m
                      [36m</span>[31m
                    [36m</div>[31m
                  [36m</td>[31m
                  [36m<td>[31m
                    [36m<div[31m
                      [33mclass[31m=[32m"tooltip-container"[31m
                    [36m>[31m
                      [36m<span[31m
                        [33mclass[31m=[32m"commission-badge"[31m
                      [36m>[31m
                        [0m0[0m
                        [0m ├¡tems[0m
                      [36m</span>[31m
                    [36m</div>[31m
                  [36m</td>[31m
                  [36m<td>[31m
                    [36m<div[31m
                      [33mclass[31m=[32m"action-buttons"[31m
                    [36m>[31m
                      [36m<button[31m
                        [33mclass[31m=[32m"btn-view"[31m
                        [33mtitle[31m=[32m"Editar"[31m
                      [36m>[31m
                        [0mΓ£Å∩╕Å[0m
                      [36m</button>[31m
                      [36m<button[31m
                        [33mclass[31m=[32m"btn-delete"[31m
                        [33mtitle[31m=[32m"Eliminar"[31m
                      [36m>[31m
                        [0m≡ƒùæ∩╕Å[0m
                      [36m</button>[31m
                    [36m</div>[31m
                  [36m</td>[31m
                [36m</tr>[31m
                [36m<tr>[31m
                  [36m<td>[31m
                    [36m<div[31m
                      [33mstyle[31m=[32m"display: flex; align-items: center; gap: 12px;"[31m
                    [36m>[31m
                      [36m<div[31m
                        [33mclass[31m=[32m"avatar"[31m
                        [33mstyle[31m=[32m"width: 32px; height: 32px; font-size: 0.8rem;"[31m
                      [36m>[31m
                        [0mEL[0m
                      [36m</div>[31m
                      [36m<span[31m
                        [33mstyle[31m=[32m"font-weight: 600;"[31m
                      [36m>[31m
                        [0mElectrocardiograma[0m
                      [36m</span>[31m
                    [36m</div>[31m
                  [36m</td>[31m
                  [36m<td>[31m
                    [36m<span[31m
                      [33mclass[31m=[32m"text-cyan"[31m
                      [33mstyle[31m=[32m"font-weight: 700;"[31m
                    [36m>[31m
                      [0m$[0m
                      [0m50.00[0m
                    [36m</span>[31m
                  [36m</td>[31m
                  [36m<td>[31m
                    [36m<span[31m
                      [33mclass[31m=[32m"status-badge inactive"[31m
                    [36m>[31m
                      [0mIVA 16%[0m
                    [36m</span>[31m
                  [36m</td>[31m
                  [36m<td>[31m
                    [36m<div[31m
                      [33mstyle[31m=[32m"display: flex; flex-direction: column;"[31m
                    [36m>[31m
                      [36m<span[31m
                        [33mstyle[31m=[32m"font-size: 0.9rem;"[31m
                      [36m>[31m
                        [0mNo asignado[0m
                      [36m</span>[31m
                    [36m</div>[31m
                  [36m</td>[31m
                  [36m<td>[31m
                    [36m<div[31m
                      [33mclass[31m=[32m"tooltip-container"[31m
                    [36m>[31m
                      [36m<span[31m
                        [33mclass[31m=[32m"commission-badge"[31m
                      [36m>[31m
                        [0m1[0m
                        [0m ├¡tems[0m
                      [36m</span>[31m
                      [36m<div[31m
                        [33mclass[31m=[32m"tooltip-content glassmorphism"[31m
                      [36m>[31m
                        [36m<div[31m
                          [33mstyle[31m=[32m"font-weight: bold; border-bottom: 1px solid var(--border-color); margin-bottom: 5px; padding-bottom: 3px;"[31m
                        [36m>[31m
                          [0mReceta T├⌐cnica[0m
                        [36m</div>[31m
                        [36m<div[31m
                          [33mstyle[31m=[32m"font-size: 0.8rem; display: flex; justify-content: space-between; gap: 10px;"[31m
                        [36m>[31m
                          [36m<span />[31m
                          [36m<span[31m
                            [33mstyle[31m=[32m"font-weight: bold; color: var(--accent-cyan);"[31m
                          [36m>[31m
                            [0mx[0m
                            [0m1[0m
                          [36m</span>[31m
                        [36m</div>[31m
                      [36m</div>[31m
                    [36m</div>[31m
                  [36m</td>[31m
                  [36m<td>[31m
                    [36m<div[31m
                      [33mclass[31m=[32m"action-buttons"[31m
                    [36m>[31m
                      [36m<button[31m
                        [33mclass[31m=[32m"btn-view"[31m
                        [33mtitle[31m=[32m"Editar"[31m
                      [36m>[31m
                        [0mΓ£Å∩╕Å[0m
                      [36m</button>[31m
                      [36m<button[31m
                        [33mclass[31m=[32m"btn-delete"[31m
                        [33mtitle[31m=[32m"Eliminar"[31m
                      [36m>[31m
                        [0m≡ƒùæ∩╕Å[0m
                      [36m</button>[31m
                    [36m</div>[31m
                  [36m</td>[31m
                [36m</tr>[31m
              [36m</tbody>[31m
            [36m</table>[31m
          [36m</div>[31m
        [36m</div>[31m
        [36m<div[31m
          [33mclass[31m=[32m"patient-form-overlay glassmorphism animate-in"[31m
        [36m>[31m
          [36m<div[31m
            [33mclass[31m=[32m"patient-form-modal container-card"[31m
            [33mstyle[31m=[32m"max-width: 700px;"[31m
          [36m>[31m
            [36m<h3>[31m
              [0mNuevo Servicio M├⌐dico[0m
            [36m</h3>[31m
            [36m<p[31m
              [33mclass[31m=[32m"subtitle"[31m
            [36m>[31m
              [0mConfigure el precio y la receta t├⌐cnica del servicio.[0m
            [36m</p>[31m
            [36m<form[31m
              [33mclass[31m=[32m"patient-form-grid"[31m
            [36m>[31m
              [36m<div[31m
                [33mclass[31m=[32m"form-group full-width"[31m
              [36m>[31m
                [36m<label>[31m
                  [0mNombre del Servicio *[0m
                [36m</label>[31m
                [36m<input[31m
                  [33mname[31m=[32m"nombre"[31m
                  [33mplaceholder[31m=[32m"Ej. Consulta Especializada"[31m
                  [33mrequired[31m=[32m""[31m
                  [33mtype[31m=[32m"text"[31m
                  [33mvalue[31m=[32m""[31m
                [36m/>[31m
              [36m</div>[31m
              [36m<div[31m
                [33mclass[31m=[32m"form-group"[31m
              [36m>[31m
                [36m<label>[31m
                  [0mPrecio (USD) *[0m
                [36m</label>[31m
                [36m<input[31m
                  [33mname[31m=[32m"precio_usd"[31m
                  [33mplaceholder[31m=[32m"0.00"[31m
                  [33mrequired[31m=[32m""[31m
                  [33mstep[31m=[32m"0.01"[31m
                  [33mtype[31m=[32m"number"[31m
                  [33mvalue[31m=[32m""[31m
                [36m/>[31m
              [36m</div>[31m
              [36m<div[31m
                [33mclass[31m=[32m"form-group"[31m
              [36m>[31m
                [36m<label>[31m
                  [0mM├⌐dico por defecto[0m
                [36m</label>[31m
                [36m<select[31m
                  [33mname[31m=[32m"id_medico_defecto"[31m
                [36m>[31m
                  [36m<option[31m
                    [33mvalue[31m=[32m""[31m
                  [36m>[31m
                    [0mSeleccione un m├⌐dico...[0m
                  [36m</option>[31m
                  [36m<option[31m
                    [33mvalue[31m=[32m"1"[31m
                  [36m>[31m
                    [0mDr. Gregory House[0m
                  [36m</option>[31m
                  [36m<option[31m
                    [33mvalue[31m=[32m"2"[31m
                  [36m>[31m
                    [0mDra. Allison Cameron[0m
                  [36m</option>[31m
                [36m</select>[31m
              [36m</div>[31m
              [36m<div[31m
                [33mclass[31m=[32m"form-group full-width"[31m
                [33mstyle[31m=[32m"display: flex; align-items: center; gap: 10px;"[31m
              [36m>[31m
                [36m<input[31m
                  [33mchecked[31m=[32m""[31m
                  [33mid[31m=[32m"es_exento"[31m
                  [33mname[31m=[32m"es_exento"[31m
                  [33mtype[31m=[32m"checkbox"[31m
                [36m/>[31m
                [36m<label[31m
                  [33mfor[31m=[32m"es_exento"[31m
                  [33mstyle[31m=[32m"cursor: pointer; margin-bottom: 0px;"[31m
                [36m>[31m
                  [0mServicio Exento de IVA[0m
                [36m</label>[31m
              [36m</div>[31m
              [36m<hr[31m
                [33mclass[31m=[32m"full-width"[31m
                [33mstyle[31m=[32m"margin: 15px 0px; border-top: 1px solid var(--border-color); border-right: 0px; border-bottom: 0px; border-left: 0px; border-image: none;"[31m
              [36m/>[31m
              [36m<div[31m
                [33mclass[31m=[32m"full-width"[31m
              [36m>[31m
                [36m<h4>[31m
                  [0mInsumos Asociados (Receta T├⌐cnica)[0m
                [36m</h4>[31m
                [36m<div[31m
                  [33mstyle[31m=[32m"display: flex; gap: 10px; margin-top: 10px;"[31m
                [36m>[31m
                  [36m<select[31m
                    [33mstyle[31m=[32m"flex: 2 1 0%;"[31m
                  [36m>[31m
                    [36m<option[31m
                      [33mvalue[31m=[32m""[31m
                    [36m>[31m
                      [0mSeleccionar Insumo...[0m
                    [36m</option>[31m
                    [36m<option[31m
                      [33mvalue[31m=[32m"1"[31m
                    [36m>[31m
                      [0mGuantes de L├ítex[0m
                      [0m ([0m
                      [0mPar[0m
                      [0m)[0m
                    [36m</option>[31m
                    [36m<option[31m
                      [33mvalue[31m=[32m"2"[31m
                    [36m>[31m
                      [0mJeringa 5ml[0m
                      [0m ([0m
                      [0mUnidad[0m
                      [0m)[0m
                    [36m</option>[31m
                  [36m</select>[31m
                  [36m<input[31m
                    [33mmin[31m=[32m"1"[31m
                    [33mplaceholder[31m=[32m"Cant."[31m
                    [33mstyle[31m=[32m"flex: 1 1 0%;"[31m
                    [33mtype[31m=[32m"number"[31m
                    [33mvalue[31m=[32m"1"[31m
                  [36m/>[31m
                  [36m<button[31m
                    [33mclass[31m=[32m"btn-secondary"[31m
                    [33mtype[31m=[32m"button"[31m
                  [36m>[31m
                    [0mA├▒adir[0m
                  [36m</button>[31m
                [36m</div>[31m
                [36m<div[31m
                  [33mclass[31m=[32m"insumos-tags"[31m
                  [33mstyle[31m=[32m"display: grid; grid-template-columns: 1fr 1fr; gap: 10px; margin-top: 15px;"[31m
                [36m>[31m
                  [36m<p[31m
                    [33mclass[31m=[32m"subtitle full-width"[31m
                  [36m>[31m
                    [0mNo hay insumos a├▒adidos a la receta t├⌐cnica.[0m
                  [36m</p>[31m
                [36m</div>[31m
              [36m</div>[31m
              [36m<div[31m
                [33mclass[31m=[32m"form-actions full-width"[31m
                [33mstyle[31m=[32m"margin-top: 20px;"[31m
              [36m>[31m
                [36m<button[31m
                  [33mclass[31m=[32m"btn-secondary"[31m
                  [33mtype[31m=[32m"button"[31m
                [36m>[31m
                  [0mCancelar[0m
                [36m</button>[31m
                [36m<button[31m
                  [33mclass[31m=[32m"btn-primary"[31m
                  [33mtype[31m=[32m"submit"[31m
                [36m>[31m
                  [0mGuardar Servicio[0m
                [36m</button>[31m
              [36m</div>[31m
            [36m</form>[31m
          [36m</div>[31m
        [36m</div>[31m
      [36m</main>[31m
    [36m</div>[31m
  [36m</div>[31m
[36m</body>[31m

Ignored nodes: comments, script, style
[36m<html>[31m
  [36m<head />[31m
  [36m<body>[31m
    [36m<div>[31m
      [36m<div[31m
        [33mclass[31m=[32m"layout-container"[31m
      [36m>[31m
        [36m<nav[31m
          [33mclass[31m=[32m"sidebar"[31m
        [36m>[31m
          [36m<div[31m
            [33mclass[31m=[32m"logo"[31m
          [36m>[31m
            [0mM├⌐dica[0m
            [36m<span>[31m
              [0mERP[0m
            [36m</span>[31m
          [36m</div>[31m
          [36m<ul[31m
            [33mclass[31m=[32m"nav-links"[31m
          [36m>[31m
            [36m<li[31m
              [33mclass[31m=[32m""[31m
            [36m>[31m
              [0mDashboard[0m
            [36m</li>[31m
            [36m<li[31m
              [33mclass[31m=[32m""[31m
            [36m>[31m
              [0mPacientes[0m
            [36m</li>[31m
            [36m<li[31m
              [33mclass[31m=[32m""[31m
            [36m>[31m
              [0mM├⌐dicos[0m
            [36m</li>[31m
            [36m<li[31m
              [33mclass[31m=[32m"active"[31m
            [36m>[31m
              [0mServicios[0m
            [36m</li>[31m
            [36m<li[31m
              [33mclass[31m=[32m""[31m
            [36m>[31m
              [0mFacturaci├│n[0m
            [36m</li>[31m
            [36m<li>[31m
              [0mInventario[0m
            [36m</li>[31m
            [36m<li>[31m
              [0mLiquidaci├│n[0m
            [36m</li>[31m
          [36m</ul>[31m
        [36m</nav>[31m
        [36m<main[31m
          [33mclass[31m=[32m"main-content"[31m
        [36m>[31m
          [36m<header[31m
            [33mclass[31m=[32m"topbar"[31m
          [36m>[31m
            [36m<div[31m
              [33mstyle[31m=[32m"display: flex; align-items: center; gap: 16px;"[31m
            [36m>[31m
              [36m<h2>[31m
                [0mGesti├│n de Servicios[0m
              [36m</h2>[31m
            [36m</div>[31m
            [36m<div[31m
              [33mclass[31m=[32m"user-profile"[31m
            [36m>[31m
              [36m<button[31m
                [33mclass[31m=[32m"theme-toggle"[31m
              [36m>[31m
                [0mΓÿÇ∩╕Å Modo Claro[0m
              [36m</button>[31m
              [36m<div[31m
                [33mclass[31m=[32m"avatar"[31m
              [36m>[31m
                [0mAD[0m
              [36m</div>[31m
              [36m<span>[31m
                [0mAdministrador[0m
              [36m</span>[31m
            [36m</div>[31m
          [36m</header>[31m
          [36m<div[31m
            [33mclass[31m=[32m"patient-list animate-in"[31m
          [36m>[31m
            [36m<div[31m
              [33mclass[31m=[32m"search-bar-container"[31m
            [36m>[31m
              [36m<div[31m
                [33mclass[31m=[32m"search-input-wrapper"[31m
                [33mstyle[31m=[32m"flex: 1 1 0%; position: relative;"[31m
              [36m>[31m
                [36m<input[31m
                  [33mclass[31m=[32m"search-input glassmorphism"[31m
                  [33mplaceholder[31m=[32m"Buscar por servicio o m├⌐dico..."[31m
                  [33mstyle[31m=[32m"width: 100%; border-radius: 12px;"[31m
                  [33mtype[31m=[32m"text"[31m
                  [33mvalue[31m=[32m""[31m
                [36m/>[31m
              [36m</div>[31m
              [36m<button[31m
                [33mclass[31m=[32m"btn-primary"[31m
              [36m>[31m
                [36m<span>[31m
                  [0m+[0m
                [36m</span>[31m
                [0m Nuevo Servicio[0m
              [36m</button>[31m
            [36m</div>[31m
            [36m<div[31m
              [33mclass[31m=[32m"table-wrapper glassmorphism"[31m
            [36m>[31m
              [36m<table[31m
                [33mclass[31m=[32m"modern-table"[31m
              [36m>[31m
                [36m<thead>[31m
                  [36m<tr>[31m
                    [36m<th>[31m
                      [0mServicio[0m
                    [36m</th>[31m
                    [36m<th>[31m
                      [0mPrecio (USD)[0m
                    [36m</th>[31m
                    [36m<th>[31m
                      [0mEstatus IVA[0m
                    [36m</th>[31m
                    [36m<th>[31m
                      [0mM├⌐dico Defecto[0m
                    [36m</th>[31m
                    [36m<th>[31m
                      [0mInsumos[0m
                    [36m</th>[31m
                    [36m<th>[31m
                      [0mAcciones[0m
                    [36m</th>[31m
                  [36m</tr>[31m
                [36m</thead>[31m
                [36m<tbody>[31m
                  [36m<tr>[31m
                    [36m<td>[31m
                      [36m<div[31m
                        [33mstyle[31m=[32m"display: flex; align-items: center; gap: 12px;"[31m
                      [36m>[31m
                        [36m<div[31m
                          [33mclass[31m=[32m"avatar"[31m
                          [33mstyle[31m=[32m"width: 32px; height: 32px; font-size: 0.8rem;"[31m
                        [36m>[31m
                          [0mCO[0m
                        [36m</div>[31m
                        [36m<span[31m
                          [33mstyle[31m=[32m"font-weight: 600;"[31m
                        [36m>[31m
                          [0mConsulta General[0m
                        [36m</span>[31m
                      [36m</div>[31m
                    [36m</td>[31m
                    [36m<td>[31m
                      [36m<span[31m
                        [33mclass[31m=[32m"text-cyan"[31m
                        [33mstyle[31m=[32m"font-weight: 700;"[31m
                      [36m>[31m
                        [0m$[0m
                        [0m30.00[0m
                      [36m</span>[31m
                    [36m</td>[31m
                    [36m<td>[31m
                      [36m<span[31m
                        [33mclass[31m=[32m"status-badge active"[31m
                      [36m>[31m
                        [0mExento[0m
                      [36m</span>[31m
                    [36m</td>[31m
                    [36m<td>[31m
                      [36m<div[31m
                        [33mstyle[31m=[32m"display: flex; flex-direction: column;"[31m
                      [36m>[31m
                        [36m<span[31m
                          [33mstyle[31m=[32m"font-size: 0.9rem;"[31m
                        [36m>[31m
                          [0mNo asignado[0m
                        [36m</span>[31m
                      [36m</div>[31m
                    [36m</td>[31m
                    [36m<td>[31m
                      [36m<div[31m
                        [33mclass[31m=[32m"tooltip-container"[31m
                      [36m>[31m
                        [36m<span[31m
                          [33mclass[31m=[32m"commission-badge"[31m
                        [36m>[31m
                          [0m0[0m
                          [0m ├¡tems[0m
                        [36m</span>[31m
                      [36m</div>[31m
                    [36m</td>[31m
                    [36m<td>[31m
                      [36m<div[31m
                        [33mclass[31m=[32m"action-buttons"[31m
                      [36m>[31m
                        [36m<button[31m
                          [33mclass[31m=[32m"btn-view"[31m
                          [33mtitle[31m=[32m"Editar"[31m
                        [36m>[31m
                          [0mΓ£Å∩╕Å[0m
                        [36m</button>[31m
                        [36m<button[31m
                          [33mclass[31m=[32m"btn-delete"[31m
                          [33mtitle[31m=[32m"Eliminar"[31m
                        [36m>[31m
                          [0m≡ƒùæ∩╕Å[0m
                        [36m</button>[31m
                      [36m</div>[31m
                    [36m</td>[31m
                  [36m</tr>[31m
                  [36m<tr>[31m
                    [36m<td>[31m
                      [36m<div[31m
                        [33mstyle[31m=[32m"display: flex; align-items: center; gap: 12px;"[31m
                      [36m>[31m
                        [36m<div[31m
                          [33mclass[31m=[32m"avatar"[31m
                          [33mstyle[31m=[32m"width: 32px; height: 32px; font-size: 0.8rem;"[31m
                        [36m>[31m
                          [0mEL[0m
                        [36m</div>[31m
                        [36m<span[31m
                          [33mstyle[31m=[32m"font-weight: 600;"[31m
                        [36m>[31m
                          [0mElectrocardiograma[0m
                        [36m</span>[31m
                      [36m</div>[31m
                    [36m</td>[31m
                    [36m<td>[31m
                      [36m<span[31m
                        [33mclass[31m=[32m"text-cyan"[31m
                        [33mstyle[31m=[32m"font-weight: 700;"[31m
                      [36m>[31m
                        [0m$[0m
                        [0m50.00[0m
                      [36m</span>[31m
                    [36m</td>[31m
                    [36m<td>[31m
                      [36m<span[31m
                        [33mclass[31m=[32m"status-badge inactive"[31m
                      [36m>[31m
                        [0mIVA 16%[0m
                      [36m</span>[31m
                    [36m</td>[31m
                    [36m<td>[31m
                      [36m<div[31m
                        [33mstyle[31m=[32m"display: flex; flex-direction: column;"[31m
                      [36m>[31m
                        [36m<span[31m
                          [33mstyle[31m=[32m"font-size: 0.9rem;"[31m
                        [36m>[31m
                          [0mNo asignado[0m
                        [36m</span>[31m
                      [36m</div>[31m
                    [36m</td>[31m
                    [36m<td>[31m
                      [36m<div[31m
                        [33mclass[31m=[32m"tooltip-container"[31m
                      [36m>[31m
                        [36m<span[31m
                          [33mclass[31m=[32m"commission-badge"[31m
                        [36m>[31m
                          [0m1[0m
                          [0m ├¡tems[0m
                        [36m</span>[31m
                        [36m<div[31m
                          [33mclass[31m=[32m"tooltip-content glassmorphism"[31m
                        [36m>[31m
                          [36m<div[31m
                            [33mstyle[31m=[32m"font-weight: bold; border-bottom: 1px solid var(--border-color); margin-bottom: 5px; padding-bottom: 3px;"[31m
                          [36m>[31m
                            [0mReceta T├⌐cnica[0m
                          [36m</div>[31m
                          [36m<div[31m
                            [33mstyle[31m=[32m"font-size: 0.8rem; display: flex; justify-content: space-between; gap: 10px;"[31m
                          [36m>[31m
                            [36m<span />[31m
                            [36m<span[31m
                              [33mstyle[31m=[32m"font-weight: bold; color: var(--accent-cyan);"[31m
                            [36m>[31m
                              [0mx[0m
                              [0m1[0m
                            [36m</span>[31m
                          [36m</div>[31m
                        [36m</div>[31m
                      [36m</div>[31m
                    [36m</td>[31m
                    [36m<td>[31m
                      [36m<div[31m
                        [33mclass[31m=[32m"action-buttons"[31m
                      [36m>[31m
                        [36m<button[31m
                          [33mclass[31m=[32m"btn-view"[31m
                          [33mtitle[31m=[32m"Editar"[31m
                        [36m>[31m
                          [0mΓ£Å∩╕Å[0m
                        [36m</button>[31m
                        [36m<button[31m
                          [33mclass[31m=[32m"btn-delete"[31m
                          [33mtitle[31m=[32m"Eliminar"[31m
                        [36m>[31m
                          [0m≡ƒùæ∩╕Å[0m
                        [36m</button>[31m
                      [36m</div>[31m
                    [36m</td>[31m
                  [36m</tr>[31m
                [36m</tbody>[31m
              [36m</table>[31m
            [36m</div>[31m
          [36m</div>[31m
          [36m<div[31m
            [33mclass[31m=[32m"patient-form-overlay glassmorphism animate-in"[31m
          [36m>[31m
            [36m<div[31m
              [33mclass[31m=[32m"patient-form-modal container-card"[31m
              [33mstyle[31m=[32m"max-width: 700px;"[31m
            [36m>[31m
              [36m<h3>[31m
                [0mNuevo Servicio M├⌐dico[0m
              [36m</h3>[31m
              [36m<p[31m
                [33mclass[31m=[32m"subtitle"[31m
              [36m>[31m
                [0mConfigure el precio y la receta t├⌐cnica del servicio.[0m
              [36m</p>[31m
              [36m<form[31m
                [33mclass[31m=[32m"patient-form-grid"[31m
              [36m>[31m
                [36m<div[31m
                  [33mclass[31m=[32m"form-group full-width"[31m
                [36m>[31m
                  [36m<label>[31m
                    [0mNombre del Servicio *[0m
                  [36m</label>[31m
                  [36m<input[31m
                    [33mname[31m=[32m"nombre"[31m
                    [33mplaceholder[31m=[32m"Ej. Consulta Especializada"[31m
                    [33mrequired[31m=[32m""[31m
                    [33mtype[31m=[32m"text"[31m
                    [33mvalue[31m=[32m""[31m
                  [36m/>[31m
                [36m</div>[31m
                [36m<div[31m
                  [33mclass[31m=[32m"form-group"[31m
                [36m>[31m
                  [36m<label>[31m
                    [0mPrecio (USD) *[0m
                  [36m</label>[31m
                  [36m<input[31m
                    [33mname[31m=[32m"precio_usd"[31m
                    [33mplaceholder[31m=[32m"0.00"[31m
                    [33mrequired[31m=[32m""[31m
                    [33mstep[31m=[32m"0.01"[31m
                    [33mtype[31m=[32m"number"[31m
                    [33mvalue[31m=[32m""[31m
                  [36m/>[31m
                [36m</div>[31m
                [36m<div[31m
                  [33mclass[31m=[32m"form-group"[31m
                [36m>[31m
                  [36m<label>[31m
                    [0mM├⌐dico por defecto[0m
                  [36m</label>[31m
                  [36m<select[31m
                    [33mname[31m=[32m"id_medico_defecto"[31m
                  [36m>[31m
                    [36m<option[31m
                      [33mvalue[31m=[32m""[31m
                    [36m>[31m
                      [0mSeleccione un m├⌐dico...[0m
                    [36m</option>[31m
                    [36m<option[31m
                      [33mvalue[31m=[32m"1"[31m
                    [36m>[31m
                      [0mDr. Gregory House[0m
                    [36m</option>[31m
                    [36m<option[31m
                      [33mvalue[31m=[32m"2"[31m
                    [36m>[31m
                      [0mDra. Allison Cameron[0m
                    [36m</option>[31m
                  [36m</select>[31m
                [36m</div>[31m
                [36m<div[31m
                  [33mclass[31m=[32m"form-group full-width"[31m
                  [33mstyle[31m=[32m"display: flex; align-items: center; gap: 10px;"[31m
                [36m>[31m
                  [36m<input[31m
                    [33mchecked[31m=[32m""[31m
                    [33mid[31m=[32m"es_exento"[31m
                    [33mname[31m=[32m"es_exento"[31m
                    [33mtype[31m=[32m"checkbox"[31m
                  [36m/>[31m
                  [36m<label[31m
                    [33mfor[31m=[32m"es_exento"[31m
                    [33mstyle[31m=[32m"cursor: pointer; margin-bottom: 0px;"[31m
                  [36m>[31m
                    [0mServicio Exento de IVA[0m
                  [36m</label>[31m
                [36m</div>[31m
                [36m<hr[31m
                  [33mclass[31m=[32m"full-width"[31m
                  [33mstyle[31m=[32m"margin: 15px 0px; border-top: 1px solid var(--border-color); border-right: 0px; border-bottom: 0px; border-left: 0px; border-image: none;"[31m
                [36m/>[31m
                [36m<div[31m
                  [33mclass[31m=[32m"full-width"[31m
                [36m>[31m
                  [36m<h4>[31m
                    [0mInsumos Asociados (Receta T├⌐cnica)[0m
                  [36m</h4>[31m
                  [36m<div[31m
                    [33mstyle[31m=[32m"display: flex; gap: 10px; margin-top: 10px;"[31m
                  [36m>[31m
                    [36m<select[31m
                      [33mstyle[31m=[32m"flex: 2 1 0%;"[31m
                    [36m>[31m
                      [36m<option[31m
                        [33mvalue[31m=[32m""[31m
                      [36m>[31m
                        [0mSeleccionar Insumo...[0m
                      [36m</option>[31m
                      [36m<option[31m
                        [33mvalue[31m=[32m"1"[31m
                      [36m>[31m
                        [0mGuantes de L├ítex[0m
                        [0m ([0m
                        [0mPar[0m
                        [0m)[0m
                      [36m</option>[31m
                      [36m<option[31m
                        [33mvalue[31m=[32m"2"[31m
                      [36m>[31m
                        [0mJeringa 5ml[0m
                        [0m ([0m
                        [0mUnidad[0m
                        [0m)[0m
                      [36m</option>[31m
                    [36m</select>[31m
                    [36m<input[31m
                      [33mmin[31m=[32m"1"[31m
                      [33mplaceholder[31m=[32m"Cant."[31m
                      [33mstyle[31m=[32m"flex: 1 1 0%;"[31m
                      [33mtype[31m=[32m"number"[31m
                      [33mvalue[31m=[32m"1"[31m
                    [36m/>[31m
                    [36m<button[31m
                      [33mclass[31m=[32m"btn-secondary"[31m
                      [33mtype[31m=[32m"button"[31m
                    [36m>[31m
                      [0mA├▒adir[0m
                    [36m</button>[31m
                  [36m</div>[31m
                  [36m<div[31m
                    [33mclass[31m=[32m"insumos-tags"[31m
                    [33mstyle[31m=[32m"display: grid; grid-template-columns: 1fr 1fr; gap: 10px; margin-top: 15px;"[31m
                  [36m>[31m
                    [36m<p[31m
                      [33mclass[31m=[32m"subtitle full-width"[31m
                    [36m>[31m
                      [0mNo hay insumos a├▒adidos a la receta t├⌐cnica.[0m
                    [36m</p>[31m
                  [36m</div>[31m
                [36m</div>[31m
                [36m<div[31m
                  [33mclass[31m=[32m"form-actions full-width"[31m
                  [33mstyle[31m=[32m"margin-top: 20px;"[31m
                [36m>[31m
                  [36m<button[31m
                    [33mclass[31m=[32m"btn-secondary"[31m
                    [33mtype[31m=[32m"button"[31m
                  [36m>[31m
                    [0mCancelar[0m
                  [36m</button>[31m
                  [36m<button[31m
                    [33mclass[31m=[32m"btn-primary"[31m
                    [33mtype[31m=[32m"submit"[31m
                  [36m>[31m
                    [0mGuardar Servicio[0m
                  [36m</button>[31m
                [36m</div>[31m
              [36m</form>[31m
            [36m</div>[31m
          [36m</div>[31m
        [36m</main>[31m
      [36m</div>[31m
    [36m</div>[31m
  [36m</body>[31m
[36m</html>[31m[39m
[31m   [33mΓ¥»[31m tests/integration/services.integration.test.jsx[2m > [22mServices Integration Tests[2m > [22mshould toggle IVA exemption checkbox[39m
[31m     ΓåÆ Unable to find an element with the text: Exento de IVA. This could be because the text is broken up by multiple elements. In this case, you can provide a function for your text matcher to make your matcher more flexible.

Ignored nodes: comments, script, style
[36m<body>[31m
  [36m<div>[31m
    [36m<div[31m
      [33mclass[31m=[32m"layout-container"[31m
    [36m>[31m
      [36m<nav[31m
        [33mclass[31m=[32m"sidebar"[31m
      [36m>[31m
        [36m<div[31m
          [33mclass[31m=[32m"logo"[31m
        [36m>[31m
          [0mM├⌐dica[0m
          [36m<span>[31m
            [0mERP[0m
          [36m</span>[31m
        [36m</div>[31m
        [36m<ul[31m
          [33mclass[31m=[32m"nav-links"[31m
        [36m>[31m
          [36m<li[31m
            [33mclass[31m=[32m""[31m
          [36m>[31m
            [0mDashboard[0m
          [36m</li>[31m
          [36m<li[31m
            [33mclass[31m=[32m""[31m
          [36m>[31m
            [0mPacientes[0m
          [36m</li>[31m
          [36m<li[31m
            [33mclass[31m=[32m""[31m
          [36m>[31m
            [0mM├⌐dicos[0m
          [36m</li>[31m
          [36m<li[31m
            [33mclass[31m=[32m"active"[31m
          [36m>[31m
            [0mServicios[0m
          [36m</li>[31m
          [36m<li[31m
            [33mclass[31m=[32m""[31m
          [36m>[31m
            [0mFacturaci├│n[0m
          [36m</li>[31m
          [36m<li>[31m
            [0mInventario[0m
          [36m</li>[31m
          [36m<li>[31m
            [0mLiquidaci├│n[0m
          [36m</li>[31m
        [36m</ul>[31m
      [36m</nav>[31m
      [36m<main[31m
        [33mclass[31m=[32m"main-content"[31m
      [36m>[31m
        [36m<header[31m
          [33mclass[31m=[32m"topbar"[31m
        [36m>[31m
          [36m<div[31m
            [33mstyle[31m=[32m"display: flex; align-items: center; gap: 16px;"[31m
          [36m>[31m
            [36m<h2>[31m
              [0mGesti├│n de Servicios[0m
            [36m</h2>[31m
          [36m</div>[31m
          [36m<div[31m
            [33mclass[31m=[32m"user-profile"[31m
          [36m>[31m
            [36m<button[31m
              [33mclass[31m=[32m"theme-toggle"[31m
            [36m>[31m
              [0mΓÿÇ∩╕Å Modo Claro[0m
            [36m</button>[31m
            [36m<div[31m
              [33mclass[31m=[32m"avatar"[31m
            [36m>[31m
              [0mAD[0m
            [36m</div>[31m
            [36m<span>[31m
              [0mAdministrador[0m
            [36m</span>[31m
          [36m</div>[31m
        [36m</header>[31m
        [36m<div[31m
          [33mclass[31m=[32m"patient-list animate-in"[31m
        [36m>[31m
          [36m<div[31m
            [33mclass[31m=[32m"search-bar-container"[31m
          [36m>[31m
            [36m<div[31m
              [33mclass[31m=[32m"search-input-wrapper"[31m
              [33mstyle[31m=[32m"flex: 1 1 0%; position: relative;"[31m
            [36m>[31m
              [36m<input[31m
                [33mclass[31m=[32m"search-input glassmorphism"[31m
                [33mplaceholder[31m=[32m"Buscar por servicio o m├⌐dico..."[31m
                [33mstyle[31m=[32m"width: 100%; border-radius: 12px;"[31m
                [33mtype[31m=[32m"text"[31m
                [33mvalue[31m=[32m""[31m
              [36m/>[31m
            [36m</div>[31m
            [36m<button[31m
              [33mclass[31m=[32m"btn-primary"[31m
            [36m>[31m
              [36m<span>[31m
                [0m+[0m
              [36m</span>[31m
              [0m Nuevo Servicio[0m
            [36m</button>[31m
          [36m</div>[31m
          [36m<div[31m
            [33mclass[31m=[32m"table-wrapper glassmorphism"[31m
          [36m>[31m
            [36m<table[31m
              [33mclass[31m=[32m"modern-table"[31m
            [36m>[31m
              [36m<thead>[31m
                [36m<tr>[31m
                  [36m<th>[31m
                    [0mServicio[0m
                  [36m</th>[31m
                  [36m<th>[31m
                    [0mPrecio (USD)[0m
                  [36m</th>[31m
                  [36m<th>[31m
                    [0mEstatus IVA[0m
                  [36m</th>[31m
                  [36m<th>[31m
                    [0mM├⌐dico Defecto[0m
                  [36m</th>[31m
                  [36m<th>[31m
                    [0mInsumos[0m
                  [36m</th>[31m
                  [36m<th>[31m
                    [0mAcciones[0m
                  [36m</th>[31m
                [36m</tr>[31m
              [36m</thead>[31m
              [36m<tbody>[31m
                [36m<tr>[31m
                  [36m<td>[31m
                    [36m<div[31m
                      [33mstyle[31m=[32m"display: flex; align-items: center; gap: 12px;"[31m
                    [36m>[31m
                      [36m<div[31m
                        [33mclass[31m=[32m"avatar"[31m
                        [33mstyle[31m=[32m"width: 32px; height: 32px; font-size: 0.8rem;"[31m
                      [36m>[31m
                        [0mCO[0m
                      [36m</div>[31m
                      [36m<span[31m
                        [33mstyle[31m=[32m"font-weight: 600;"[31m
                      [36m>[31m
                        [0mConsulta General[0m
                      [36m</span>[31m
                    [36m</div>[31m
                  [36m</td>[31m
                  [36m<td>[31m
                    [36m<span[31m
                      [33mclass[31m=[32m"text-cyan"[31m
                      [33mstyle[31m=[32m"font-weight: 700;"[31m
                    [36m>[31m
                      [0m$[0m
                      [0m30.00[0m
                    [36m</span>[31m
                  [36m</td>[31m
                  [36m<td>[31m
                    [36m<span[31m
                      [33mclass[31m=[32m"status-badge active"[31m
                    [36m>[31m
                      [0mExento[0m
                    [36m</span>[31m
                  [36m</td>[31m
                  [36m<td>[31m
                    [36m<div[31m
                      [33mstyle[31m=[32m"display: flex; flex-direction: column;"[31m
                    [36m>[31m
                      [36m<span[31m
                        [33mstyle[31m=[32m"font-size: 0.9rem;"[31m
                      [36m>[31m
                        [0mNo asignado[0m
                      [36m</span>[31m
                    [36m</div>[31m
                  [36m</td>[31m
                  [36m<td>[31m
                    [36m<div[31m
                      [33mclass[31m=[32m"tooltip-container"[31m
                    [36m>[31m
                      [36m<span[31m
                        [33mclass[31m=[32m"commission-badge"[31m
                      [36m>[31m
                        [0m0[0m
                        [0m ├¡tems[0m
                      [36m</span>[31m
                    [36m</div>[31m
                  [36m</td>[31m
                  [36m<td>[31m
                    [36m<div[31m
                      [33mclass[31m=[32m"action-buttons"[31m
                    [36m>[31m
                      [36m<button[31m
                        [33mclass[31m=[32m"btn-view"[31m
                        [33mtitle[31m=[32m"Editar"[31m
                      [36m>[31m
                        [0mΓ£Å∩╕Å[0m
                      [36m</button>[31m
                      [36m<button[31m
                        [33mclass[31m=[32m"btn-delete"[31m
                        [33mtitle[31m=[32m"Eliminar"[31m
                      [36m>[31m
                        [0m≡ƒùæ∩╕Å[0m
                      [36m</button>[31m
                    [36m</div>[31m
                  [36m</td>[31m
                [36m</tr>[31m
                [36m<tr>[31m
                  [36m<td>[31m
                    [36m<div[31m
                      [33mstyle[31m=[32m"display: flex; align-items: center; gap: 12px;"[31m
                    [36m>[31m
                      [36m<div[31m
                        [33mclass[31m=[32m"avatar"[31m
                        [33mstyle[31m=[32m"width: 32px; height: 32px; font-size: 0.8rem;"[31m
                      [36m>[31m
                        [0mEL[0m
                      [36m</div>[31m
                      [36m<span[31m
                        [33mstyle[31m=[32m"font-weight: 600;"[31m
                      [36m>[31m
                        [0mElectrocardiograma[0m
                      [36m</span>[31m
                    [36m</div>[31m
                  [36m</td>[31m
                  [36m<td>[31m
                    [36m<span[31m
                      [33mclass[31m=[32m"text-cyan"[31m
                      [33mstyle[31m=[32m"font-weight: 700;"[31m
                    [36m>[31m
                      [0m$[0m
                      [0m50.00[0m
                    [36m</span>[31m
                  [36m</td>[31m
                  [36m<td>[31m
                    [36m<span[31m
                      [33mclass[31m=[32m"status-badge inactive"[31m
                    [36m>[31m
                      [0mIVA 16%[0m
                    [36m</span>[31m
                  [36m</td>[31m
                  [36m<td>[31m
                    [36m<div[31m
                      [33mstyle[31m=[32m"display: flex; flex-direction: column;"[31m
                    [36m>[31m
                      [36m<span[31m
                        [33mstyle[31m=[32m"font-size: 0.9rem;"[31m
                      [36m>[31m
                        [0mNo asignado[0m
                      [36m</span>[31m
                    [36m</div>[31m
                  [36m</td>[31m
                  [36m<td>[31m
                    [36m<div[31m
                      [33mclass[31m=[32m"tooltip-container"[31m
                    [36m>[31m
                      [36m<span[31m
                        [33mclass[31m=[32m"commission-badge"[31m
                      [36m>[31m
                        [0m1[0m
                        [0m ├¡tems[0m
                      [36m</span>[31m
                      [36m<div[31m
                        [33mclass[31m=[32m"tooltip-content glassmorphism"[31m
                      [36m>[31m
                        [36m<div[31m
                          [33mstyle[31m=[32m"font-weight: bold; border-bottom: 1px solid var(--border-color); margin-bottom: 5px; padding-bottom: 3px;"[31m
                        [36m>[31m
                          [0mReceta T├⌐cnica[0m
                        [36m</div>[31m
                        [36m<div[31m
                          [33mstyle[31m=[32m"font-size: 0.8rem; display: flex; justify-content: space-between; gap: 10px;"[31m
                        [36m>[31m
                          [36m<span />[31m
                          [36m<span[31m
                            [33mstyle[31m=[32m"font-weight: bold; color: var(--accent-cyan);"[31m
                          [36m>[31m
                            [0mx[0m
                            [0m1[0m
                          [36m</span>[31m
                        [36m</div>[31m
                      [36m</div>[31m
                    [36m</div>[31m
                  [36m</td>[31m
                  [36m<td>[31m
                    [36m<div[31m
                      [33mclass[31m=[32m"action-buttons"[31m
                    [36m>[31m
                      [36m<button[31m
                        [33mclass[31m=[32m"btn-view"[31m
                        [33mtitle[31m=[32m"Editar"[31m
                      [36m>[31m
                        [0mΓ£Å∩╕Å[0m
                      [36m</button>[31m
                      [36m<button[31m
                        [33mclass[31m=[32m"btn-delete"[31m
                        [33mtitle[31m=[32m"Eliminar"[31m
                      [36m>[31m
                        [0m≡ƒùæ∩╕Å[0m
                      [36m</button>[31m
                    [36m</div>[31m
                  [36m</td>[31m
                [36m</tr>[31m
              [36m</tbody>[31m
            [36m</table>[31m
          [36m</div>[31m
        [36m</div>[31m
        [36m<div[31m
          [33mclass[31m=[32m"patient-form-overlay glassmorphism animate-in"[31m
        [36m>[31m
          [36m<div[31m
            [33mclass[31m=[32m"patient-form-modal container-card"[31m
            [33mstyle[31m=[32m"max-width: 700px;"[31m
          [36m>[31m
            [36m<h3>[31m
              [0mNuevo Servicio M├⌐dico[0m
            [36m</h3>[31m
            [36m<p[31m
              [33mclass[31m=[32m"subtitle"[31m
            [36m>[31m
              [0mConfigure el precio y la receta t├⌐cnica del servicio.[0m
            [36m</p>[31m
            [36m<form[31m
              [33mclass[31m=[32m"patient-form-grid"[31m
            [36m>[31m
              [36m<div[31m
                [33mclass[31m=[32m"form-group full-width"[31m
              [36m>[31m
                [36m<label>[31m
                  [0mNombre del Servicio *[0m
                [36m</label>[31m
                [36m<input[31m
                  [33mname[31m=[32m"nombre"[31m
                  [33mplaceholder[31m=[32m"Ej. Consulta Especializada"[31m
                  [33mrequired[31m=[32m""[31m
                  [33mtype[31m=[32m"text"[31m
                  [33mvalue[31m=[32m""[31m
                [36m/>[31m
              [36m</div>[31m
              [36m<div[31m
                [33mclass[31m=[32m"form-group"[31m
              [36m>[31m
                [36m<label>[31m
                  [0mPrecio (USD) *[0m
                [36m</label>[31m
                [36m<input[31m
                  [33mname[31m=[32m"precio_usd"[31m
                  [33mplaceholder[31m=[32m"0.00"[31m
                  [33mrequired[31m=[32m""[31m
                  [33mstep[31m=[32m"0.01"[31m
                  [33mtype[31m=[32m"number"[31m
                  [33mvalue[31m=[32m""[31m
                [36m/>[31m
              [36m</div>[31m
              [36m<div[31m
                [33mclass[31m=[32m"form-group"[31m
              [36m>[31m
                [36m<label>[31m
                  [0mM├⌐dico por defecto[0m
                [36m</label>[31m
                [36m<select[31m
                  [33mname[31m=[32m"id_medico_defecto"[31m
                [36m>[31m
                  [36m<option[31m
                    [33mvalue[31m=[32m""[31m
                  [36m>[31m
                    [0mSeleccione un m├⌐dico...[0m
                  [36m</option>[31m
                  [36m<option[31m
                    [33mvalue[31m=[32m"1"[31m
                  [36m>[31m
                    [0mDr. Gregory House[0m
                  [36m</option>[31m
                  [36m<option[31m
                    [33mvalue[31m=[32m"2"[31m
                  [36m>[31m
                    [0mDra. Allison Cameron[0m
                  [36m</option>[31m
                [36m</select>[31m
              [36m</div>[31m
              [36m<div[31m
                [33mclass[31m=[32m"form-group full-width"[31m
                [33mstyle[31m=[32m"display: flex; align-items: center; gap: 10px;"[31m
              [36m>[31m
                [36m<input[31m
                  [33mchecked[31m=[32m""[31m
                  [33mid[31m=[32m"es_exento"[31m
                  [33mname[31m=[32m"es_exento"[31m
                  [33mtype[31m=[32m"checkbox"[31m
                [36m/>[31m
                [36m<label[31m
                  [33mfor[31m=[32m"es_exento"[31m
                  [33mstyle[31m=[32m"cursor: pointer; margin-bottom: 0px;"[31m
                [36m>[31m
                  [0mServicio Exento de IVA[0m
                [36m</label>[31m
              [36m</div>[31m
              [36m<hr[31m
                [33mclass[31m=[32m"full-width"[31m
                [33mstyle[31m=[32m"margin: 15px 0px; border-top: 1px solid var(--border-color); border-right: 0px; border-bottom: 0px; border-left: 0px; border-image: none;"[31m
              [36m/>[31m
              [36m<div[31m
                [33mclass[31m=[32m"full-width"[31m
              [36m>[31m
                [36m<h4>[31m
                  [0mInsumos Asociados (Receta T├⌐cnica)[0m
                [36m</h4>[31m
                [36m<div[31m
                  [33mstyle[31m=[32m"display: flex; gap: 10px; margin-top: 10px;"[31m
                [36m>[31m
                  [36m<select[31m
                    [33mstyle[31m=[32m"flex: 2 1 0%;"[31m
                  [36m>[31m
                    [36m<option[31m
                      [33mvalue[31m=[32m""[31m
                    [36m>[31m
                      [0mSeleccionar Insumo...[0m
                    [36m</option>[31m
                    [36m<option[31m
                      [33mvalue[31m=[32m"1"[31m
                    [36m>[31m
                      [0mGuantes de L├ítex[0m
                      [0m ([0m
                      [0mPar[0m
                      [0m)[0m
                    [36m</option>[31m
                    [36m<option[31m
                      [33mvalue[31m=[32m"2"[31m
                    [36m>[31m
                      [0mJeringa 5ml[0m
                      [0m ([0m
                      [0mUnidad[0m
                      [0m)[0m
                    [36m</option>[31m
                  [36m</select>[31m
                  [36m<input[31m
                    [33mmin[31m=[32m"1"[31m
                    [33mplaceholder[31m=[32m"Cant."[31m
                    [33mstyle[31m=[32m"flex: 1 1 0%;"[31m
                    [33mtype[31m=[32m"number"[31m
                    [33mvalue[31m=[32m"1"[31m
                  [36m/>[31m
                  [36m<button[31m
                    [33mclass[31m=[32m"btn-secondary"[31m
                    [33mtype[31m=[32m"button"[31m
                  [36m>[31m
                    [0mA├▒adir[0m
                  [36m</button>[31m
                [36m</div>[31m
                [36m<div[31m
                  [33mclass[31m=[32m"insumos-tags"[31m
                  [33mstyle[31m=[32m"display: grid; grid-template-columns: 1fr 1fr; gap: 10px; margin-top: 15px;"[31m
                [36m>[31m
                  [36m<p[31m
                    [33mclass[31m=[32m"subtitle full-width"[31m
                  [36m>[31m
                    [0mNo hay insumos a├▒adidos a la receta t├⌐cnica.[0m
                  [36m</p>[31m
                [36m</div>[31m
              [36m</div>[31m
              [36m<div[31m
                [33mclass[31m=[32m"form-actions full-width"[31m
                [33mstyle[31m=[32m"margin-top: 20px;"[31m
              [36m>[31m
                [36m<button[31m
                  [33mclass[31m=[32m"btn-secondary"[31m
                  [33mtype[31m=[32m"button"[31m
                [36m>[31m
                  [0mCancelar[0m
                [36m</button>[31m
                [36m<button[31m
                  [33mclass[31m=[32m"btn-primary"[31m
                  [33mtype[31m=[32m"submit"[31m
                [36m>[31m
                  [0mGuardar Servicio[0m
                [36m</button>[31m
              [36m</div>[31m
            [36m</form>[31m
          [36m</div>[31m
        [36m</div>[31m
      [36m</main>[31m
    [36m</div>[31m
  [36m</div>[31m
[36m</body>[31m

Ignored nodes: comments, script, style
[36m<html>[31m
  [36m<head />[31m
  [36m<body>[31m
    [36m<div>[31m
      [36m<div[31m
        [33mclass[31m=[32m"layout-container"[31m
      [36m>[31m
        [36m<nav[31m
          [33mclass[31m=[32m"sidebar"[31m
        [36m>[31m
          [36m<div[31m
            [33mclass[31m=[32m"logo"[31m
          [36m>[31m
            [0mM├⌐dica[0m
            [36m<span>[31m
              [0mERP[0m
            [36m</span>[31m
          [36m</div>[31m
          [36m<ul[31m
            [33mclass[31m=[32m"nav-links"[31m
          [36m>[31m
            [36m<li[31m
              [33mclass[31m=[32m""[31m
            [36m>[31m
              [0mDashboard[0m
            [36m</li>[31m
            [36m<li[31m
              [33mclass[31m=[32m""[31m
            [36m>[31m
              [0mPacientes[0m
            [36m</li>[31m
            [36m<li[31m
              [33mclass[31m=[32m""[31m
            [36m>[31m
              [0mM├⌐dicos[0m
            [36m</li>[31m
            [36m<li[31m
              [33mclass[31m=[32m"active"[31m
            [36m>[31m
              [0mServicios[0m
            [36m</li>[31m
            [36m<li[31m
              [33mclass[31m=[32m""[31m
            [36m>[31m
              [0mFacturaci├│n[0m
            [36m</li>[31m
            [36m<li>[31m
              [0mInventario[0m
            [36m</li>[31m
            [36m<li>[31m
              [0mLiquidaci├│n[0m
            [36m</li>[31m
          [36m</ul>[31m
        [36m</nav>[31m
        [36m<main[31m
          [33mclass[31m=[32m"main-content"[31m
        [36m>[31m
          [36m<header[31m
            [33mclass[31m=[32m"topbar"[31m
          [36m>[31m
            [36m<div[31m
              [33mstyle[31m=[32m"display: flex; align-items: center; gap: 16px;"[31m
            [36m>[31m
              [36m<h2>[31m
                [0mGesti├│n de Servicios[0m
              [36m</h2>[31m
            [36m</div>[31m
            [36m<div[31m
              [33mclass[31m=[32m"user-profile"[31m
            [36m>[31m
              [36m<button[31m
                [33mclass[31m=[32m"theme-toggle"[31m
              [36m>[31m
                [0mΓÿÇ∩╕Å Modo Claro[0m
              [36m</button>[31m
              [36m<div[31m
                [33mclass[31m=[32m"avatar"[31m
              [36m>[31m
                [0mAD[0m
              [36m</div>[31m
              [36m<span>[31m
                [0mAdministrador[0m
              [36m</span>[31m
            [36m</div>[31m
          [36m</header>[31m
          [36m<div[31m
            [33mclass[31m=[32m"patient-list animate-in"[31m
          [36m>[31m
            [36m<div[31m
              [33mclass[31m=[32m"search-bar-container"[31m
            [36m>[31m
              [36m<div[31m
                [33mclass[31m=[32m"search-input-wrapper"[31m
                [33mstyle[31m=[32m"flex: 1 1 0%; position: relative;"[31m
              [36m>[31m
                [36m<input[31m
                  [33mclass[31m=[32m"search-input glassmorphism"[31m
                  [33mplaceholder[31m=[32m"Buscar por servicio o m├⌐dico..."[31m
                  [33mstyle[31m=[32m"width: 100%; border-radius: 12px;"[31m
                  [33mtype[31m=[32m"text"[31m
                  [33mvalue[31m=[32m""[31m
                [36m/>[31m
              [36m</div>[31m
              [36m<button[31m
                [33mclass[31m=[32m"btn-primary"[31m
              [36m>[31m
                [36m<span>[31m
                  [0m+[0m
                [36m</span>[31m
                [0m Nuevo Servicio[0m
              [36m</button>[31m
            [36m</div>[31m
            [36m<div[31m
              [33mclass[31m=[32m"table-wrapper glassmorphism"[31m
            [36m>[31m
              [36m<table[31m
                [33mclass[31m=[32m"modern-table"[31m
              [36m>[31m
                [36m<thead>[31m
                  [36m<tr>[31m
                    [36m<th>[31m
                      [0mServicio[0m
                    [36m</th>[31m
                    [36m<th>[31m
                      [0mPrecio (USD)[0m
                    [36m</th>[31m
                    [36m<th>[31m
                      [0mEstatus IVA[0m
                    [36m</th>[31m
                    [36m<th>[31m
                      [0mM├⌐dico Defecto[0m
                    [36m</th>[31m
                    [36m<th>[31m
                      [0mInsumos[0m
                    [36m</th>[31m
                    [36m<th>[31m
                      [0mAcciones[0m
                    [36m</th>[31m
                  [36m</tr>[31m
                [36m</thead>[31m
                [36m<tbody>[31m
                  [36m<tr>[31m
                    [36m<td>[31m
                      [36m<div[31m
                        [33mstyle[31m=[32m"display: flex; align-items: center; gap: 12px;"[31m
                      [36m>[31m
                        [36m<div[31m
                          [33mclass[31m=[32m"avatar"[31m
                          [33mstyle[31m=[32m"width: 32px; height: 32px; font-size: 0.8rem;"[31m
                        [36m>[31m
                          [0mCO[0m
                        [36m</div>[31m
                        [36m<span[31m
                          [33mstyle[31m=[32m"font-weight: 600;"[31m
                        [36m>[31m
                          [0mConsulta General[0m
                        [36m</span>[31m
                      [36m</div>[31m
                    [36m</td>[31m
                    [36m<td>[31m
                      [36m<span[31m
                        [33mclass[31m=[32m"text-cyan"[31m
                        [33mstyle[31m=[32m"font-weight: 700;"[31m
                      [36m>[31m
                        [0m$[0m
                        [0m30.00[0m
                      [36m</span>[31m
                    [36m</td>[31m
                    [36m<td>[31m
                      [36m<span[31m
                        [33mclass[31m=[32m"status-badge active"[31m
                      [36m>[31m
                        [0mExento[0m
                      [36m</span>[31m
                    [36m</td>[31m
                    [36m<td>[31m
                      [36m<div[31m
                        [33mstyle[31m=[32m"display: flex; flex-direction: column;"[31m
                      [36m>[31m
                        [36m<span[31m
                          [33mstyle[31m=[32m"font-size: 0.9rem;"[31m
                        [36m>[31m
                          [0mNo asignado[0m
                        [36m</span>[31m
                      [36m</div>[31m
                    [36m</td>[31m
                    [36m<td>[31m
                      [36m<div[31m
                        [33mclass[31m=[32m"tooltip-container"[31m
                      [36m>[31m
                        [36m<span[31m
                          [33mclass[31m=[32m"commission-badge"[31m
                        [36m>[31m
                          [0m0[0m
                          [0m ├¡tems[0m
                        [36m</span>[31m
                      [36m</div>[31m
                    [36m</td>[31m
                    [36m<td>[31m
                      [36m<div[31m
                        [33mclass[31m=[32m"action-buttons"[31m
                      [36m>[31m
                        [36m<button[31m
                          [33mclass[31m=[32m"btn-view"[31m
                          [33mtitle[31m=[32m"Editar"[31m
                        [36m>[31m
                          [0mΓ£Å∩╕Å[0m
                        [36m</button>[31m
                        [36m<button[31m
                          [33mclass[31m=[32m"btn-delete"[31m
                          [33mtitle[31m=[32m"Eliminar"[31m
                        [36m>[31m
                          [0m≡ƒùæ∩╕Å[0m
                        [36m</button>[31m
                      [36m</div>[31m
                    [36m</td>[31m
                  [36m</tr>[31m
                  [36m<tr>[31m
                    [36m<td>[31m
                      [36m<div[31m
                        [33mstyle[31m=[32m"display: flex; align-items: center; gap: 12px;"[31m
                      [36m>[31m
                        [36m<div[31m
                          [33mclass[31m=[32m"avatar"[31m
                          [33mstyle[31m=[32m"width: 32px; height: 32px; font-size: 0.8rem;"[31m
                        [36m>[31m
                          [0mEL[0m
                        [36m</div>[31m
                        [36m<span[31m
                          [33mstyle[31m=[32m"font-weight: 600;"[31m
                        [36m>[31m
                          [0mElectrocardiograma[0m
                        [36m</span>[31m
                      [36m</div>[31m
                    [36m</td>[31m
                    [36m<td>[31m
                      [36m<span[31m
                        [33mclass[31m=[32m"text-cyan"[31m
                        [33mstyle[31m=[32m"font-weight: 700;"[31m
                      [36m>[31m
                        [0m$[0m
                        [0m50.00[0m
                      [36m</span>[31m
                    [36m</td>[31m
                    [36m<td>[31m
                      [36m<span[31m
                        [33mclass[31m=[32m"status-badge inactive"[31m
                      [36m>[31m
                        [0mIVA 16%[0m
                      [36m</span>[31m
                    [36m</td>[31m
                    [36m<td>[31m
                      [36m<div[31m
                        [33mstyle[31m=[32m"display: flex; flex-direction: column;"[31m
                      [36m>[31m
                        [36m<span[31m
                          [33mstyle[31m=[32m"font-size: 0.9rem;"[31m
                        [36m>[31m
                          [0mNo asignado[0m
                        [36m</span>[31m
                      [36m</div>[31m
                    [36m</td>[31m
                    [36m<td>[31m
                      [36m<div[31m
                        [33mclass[31m=[32m"tooltip-container"[31m
                      [36m>[31m
                        [36m<span[31m
                          [33mclass[31m=[32m"commission-badge"[31m
                        [36m>[31m
                          [0m1[0m
                          [0m ├¡tems[0m
                        [36m</span>[31m
                        [36m<div[31m
                          [33mclass[31m=[32m"tooltip-content glassmorphism"[31m
                        [36m>[31m
                          [36m<div[31m
                            [33mstyle[31m=[32m"font-weight: bold; border-bottom: 1px solid var(--border-color); margin-bottom: 5px; padding-bottom: 3px;"[31m
                          [36m>[31m
                            [0mReceta T├⌐cnica[0m
                          [36m</div>[31m
                          [36m<div[31m
                            [33mstyle[31m=[32m"font-size: 0.8rem; display: flex; justify-content: space-between; gap: 10px;"[31m
                          [36m>[31m
                            [36m<span />[31m
                            [36m<span[31m
                              [33mstyle[31m=[32m"font-weight: bold; color: var(--accent-cyan);"[31m
                            [36m>[31m
                              [0mx[0m
                              [0m1[0m
                            [36m</span>[31m
                          [36m</div>[31m
                        [36m</div>[31m
                      [36m</div>[31m
                    [36m</td>[31m
                    [36m<td>[31m
                      [36m<div[31m
                        [33mclass[31m=[32m"action-buttons"[31m
                      [36m>[31m
                        [36m<button[31m
                          [33mclass[31m=[32m"btn-view"[31m
                          [33mtitle[31m=[32m"Editar"[31m
                        [36m>[31m
                          [0mΓ£Å∩╕Å[0m
                        [36m</button>[31m
                        [36m<button[31m
                          [33mclass[31m=[32m"btn-delete"[31m
                          [33mtitle[31m=[32m"Eliminar"[31m
                        [36m>[31m
                          [0m≡ƒùæ∩╕Å[0m
                        [36m</button>[31m
                      [36m</div>[31m
                    [36m</td>[31m
                  [36m</tr>[31m
                [36m</tbody>[31m
              [36m</table>[31m
            [36m</div>[31m
          [36m</div>[31m
          [36m<div[31m
            [33mclass[31m=[32m"patient-form-overlay glassmorphism animate-in"[31m
          [36m>[31m
            [36m<div[31m
              [33mclass[31m=[32m"patient-form-modal container-card"[31m
              [33mstyle[31m=[32m"max-width: 700px;"[31m
            [36m>[31m
              [36m<h3>[31m
                [0mNuevo Servicio M├⌐dico[0m
              [36m</h3>[31m
              [36m<p[31m
                [33mclass[31m=[32m"subtitle"[31m
              [36m>[31m
                [0mConfigure el precio y la receta t├⌐cnica del servicio.[0m
              [36m</p>[31m
              [36m<form[31m
                [33mclass[31m=[32m"patient-form-grid"[31m
              [36m>[31m
                [36m<div[31m
                  [33mclass[31m=[32m"form-group full-width"[31m
                [36m>[31m
                  [36m<label>[31m
                    [0mNombre del Servicio *[0m
                  [36m</label>[31m
                  [36m<input[31m
                    [33mname[31m=[32m"nombre"[31m
                    [33mplaceholder[31m=[32m"Ej. Consulta Especializada"[31m
                    [33mrequired[31m=[32m""[31m
                    [33mtype[31m=[32m"text"[31m
                    [33mvalue[31m=[32m""[31m
                  [36m/>[31m
                [36m</div>[31m
                [36m<div[31m
                  [33mclass[31m=[32m"form-group"[31m
                [36m>[31m
                  [36m<label>[31m
                    [0mPrecio (USD) *[0m
                  [36m</label>[31m
                  [36m<input[31m
                    [33mname[31m=[32m"precio_usd"[31m
                    [33mplaceholder[31m=[32m"0.00"[31m
                    [33mrequired[31m=[32m""[31m
                    [33mstep[31m=[32m"0.01"[31m
                    [33mtype[31m=[32m"number"[31m
                    [33mvalue[31m=[32m""[31m
                  [36m/>[31m
                [36m</div>[31m
                [36m<div[31m
                  [33mclass[31m=[32m"form-group"[31m
                [36m>[31m
                  [36m<label>[31m
                    [0mM├⌐dico por defecto[0m
                  [36m</label>[31m
                  [36m<select[31m
                    [33mname[31m=[32m"id_medico_defecto"[31m
                  [36m>[31m
                    [36m<option[31m
                      [33mvalue[31m=[32m""[31m
                    [36m>[31m
                      [0mSeleccione un m├⌐dico...[0m
                    [36m</option>[31m
                    [36m<option[31m
                      [33mvalue[31m=[32m"1"[31m
                    [36m>[31m
                      [0mDr. Gregory House[0m
                    [36m</option>[31m
                    [36m<option[31m
                      [33mvalue[31m=[32m"2"[31m
                    [36m>[31m
                      [0mDra. Allison Cameron[0m
                    [36m</option>[31m
                  [36m</select>[31m
                [36m</div>[31m
                [36m<div[31m
                  [33mclass[31m=[32m"form-group full-width"[31m
                  [33mstyle[31m=[32m"display: flex; align-items: center; gap: 10px;"[31m
                [36m>[31m
                  [36m<input[31m
                    [33mchecked[31m=[32m""[31m
                    [33mid[31m=[32m"es_exento"[31m
                    [33mname[31m=[32m"es_exento"[31m
                    [33mtype[31m=[32m"checkbox"[31m
                  [36m/>[31m
                  [36m<label[31m
                    [33mfor[31m=[32m"es_exento"[31m
                    [33mstyle[31m=[32m"cursor: pointer; margin-bottom: 0px;"[31m
                  [36m>[31m
                    [0mServicio Exento de IVA[0m
                  [36m</label>[31m
                [36m</div>[31m
                [36m<hr[31m
                  [33mclass[31m=[32m"full-width"[31m
                  [33mstyle[31m=[32m"margin: 15px 0px; border-top: 1px solid var(--border-color); border-right: 0px; border-bottom: 0px; border-left: 0px; border-image: none;"[31m
                [36m/>[31m
                [36m<div[31m
                  [33mclass[31m=[32m"full-width"[31m
                [36m>[31m
                  [36m<h4>[31m
                    [0mInsumos Asociados (Receta T├⌐cnica)[0m
                  [36m</h4>[31m
                  [36m<div[31m
                    [33mstyle[31m=[32m"display: flex; gap: 10px; margin-top: 10px;"[31m
                  [36m>[31m
                    [36m<select[31m
                      [33mstyle[31m=[32m"flex: 2 1 0%;"[31m
                    [36m>[31m
                      [36m<option[31m
                        [33mvalue[31m=[32m""[31m
                      [36m>[31m
                        [0mSeleccionar Insumo...[0m
                      [36m</option>[31m
                      [36m<option[31m
                        [33mvalue[31m=[32m"1"[31m
                      [36m>[31m
                        [0mGuantes de L├ítex[0m
                        [0m ([0m
                        [0mPar[0m
                        [0m)[0m
                      [36m</option>[31m
                      [36m<option[31m
                        [33mvalue[31m=[32m"2"[31m
                      [36m>[31m
                        [0mJeringa 5ml[0m
                        [0m ([0m
                        [0mUnidad[0m
                        [0m)[0m
                      [36m</option>[31m
                    [36m</select>[31m
                    [36m<input[31m
                      [33mmin[31m=[32m"1"[31m
                      [33mplaceholder[31m=[32m"Cant."[31m
                      [33mstyle[31m=[32m"flex: 1 1 0%;"[31m
                      [33mtype[31m=[32m"number"[31m
                      [33mvalue[31m=[32m"1"[31m
                    [36m/>[31m
                    [36m<button[31m
                      [33mclass[31m=[32m"btn-secondary"[31m
                      [33mtype[31m=[32m"button"[31m
                    [36m>[31m
                      [0mA├▒adir[0m
                    [36m</button>[31m
                  [36m</div>[31m
                  [36m<div[31m
                    [33mclass[31m=[32m"insumos-tags"[31m
                    [33mstyle[31m=[32m"display: grid; grid-template-columns: 1fr 1fr; gap: 10px; margin-top: 15px;"[31m
                  [36m>[31m
                    [36m<p[31m
                      [33mclass[31m=[32m"subtitle full-width"[31m
                    [36m>[31m
                      [0mNo hay insumos a├▒adidos a la receta t├⌐cnica.[0m
                    [36m</p>[31m
                  [36m</div>[31m
                [36m</div>[31m
                [36m<div[31m
                  [33mclass[31m=[32m"form-actions full-width"[31m
                  [33mstyle[31m=[32m"margin-top: 20px;"[31m
                [36m>[31m
                  [36m<button[31m
                    [33mclass[31m=[32m"btn-secondary"[31m
                    [33mtype[31m=[32m"button"[31m
                  [36m>[31m
                    [0mCancelar[0m
                  [36m</button>[31m
                  [36m<button[31m
                    [33mclass[31m=[32m"btn-primary"[31m
                    [33mtype[31m=[32m"submit"[31m
                  [36m>[31m
                    [0mGuardar Servicio[0m
                  [36m</button>[31m
                [36m</div>[31m
              [36m</form>[31m
            [36m</div>[31m
          [36m</div>[31m
        [36m</main>[31m
      [36m</div>[31m
    [36m</div>[31m
  [36m</body>[31m
[36m</html>[31m[39m
[31m   [33mΓ¥»[31m tests/integration/services.integration.test.jsx[2m > [22mServices Integration Tests[2m > [22mshould cancel form and return to list[39m
[31m     ΓåÆ Unable to find an element with the text: Registrar Nuevo Servicio. This could be because the text is broken up by multiple elements. In this case, you can provide a function for your text matcher to make your matcher more flexible.

Ignored nodes: comments, script, style
[36m<body>[31m
  [36m<div>[31m
    [36m<div[31m
      [33mclass[31m=[32m"layout-container"[31m
    [36m>[31m
      [36m<nav[31m
        [33mclass[31m=[32m"sidebar"[31m
      [36m>[31m
        [36m<div[31m
          [33mclass[31m=[32m"logo"[31m
        [36m>[31m
          [0mM├⌐dica[0m
          [36m<span>[31m
            [0mERP[0m
          [36m</span>[31m
        [36m</div>[31m
        [36m<ul[31m
          [33mclass[31m=[32m"nav-links"[31m
        [36m>[31m
          [36m<li[31m
            [33mclass[31m=[32m""[31m
          [36m>[31m
            [0mDashboard[0m
          [36m</li>[31m
          [36m<li[31m
            [33mclass[31m=[32m""[31m
          [36m>[31m
            [0mPacientes[0m
          [36m</li>[31m
          [36m<li[31m
            [33mclass[31m=[32m""[31m
          [36m>[31m
            [0mM├⌐dicos[0m
          [36m</li>[31m
          [36m<li[31m
            [33mclass[31m=[32m"active"[31m
          [36m>[31m
            [0mServicios[0m
          [36m</li>[31m
          [36m<li[31m
            [33mclass[31m=[32m""[31m
          [36m>[31m
            [0mFacturaci├│n[0m
          [36m</li>[31m
          [36m<li>[31m
            [0mInventario[0m
          [36m</li>[31m
          [36m<li>[31m
            [0mLiquidaci├│n[0m
          [36m</li>[31m
        [36m</ul>[31m
      [36m</nav>[31m
      [36m<main[31m
        [33mclass[31m=[32m"main-content"[31m
      [36m>[31m
        [36m<header[31m
          [33mclass[31m=[32m"topbar"[31m
        [36m>[31m
          [36m<div[31m
            [33mstyle[31m=[32m"display: flex; align-items: center; gap: 16px;"[31m
          [36m>[31m
            [36m<h2>[31m
              [0mGesti├│n de Servicios[0m
            [36m</h2>[31m
          [36m</div>[31m
          [36m<div[31m
            [33mclass[31m=[32m"user-profile"[31m
          [36m>[31m
            [36m<button[31m
              [33mclass[31m=[32m"theme-toggle"[31m
            [36m>[31m
              [0mΓÿÇ∩╕Å Modo Claro[0m
            [36m</button>[31m
            [36m<div[31m
              [33mclass[31m=[32m"avatar"[31m
            [36m>[31m
              [0mAD[0m
            [36m</div>[31m
            [36m<span>[31m
              [0mAdministrador[0m
            [36m</span>[31m
          [36m</div>[31m
        [36m</header>[31m
        [36m<div[31m
          [33mclass[31m=[32m"patient-list animate-in"[31m
        [36m>[31m
          [36m<div[31m
            [33mclass[31m=[32m"search-bar-container"[31m
          [36m>[31m
            [36m<div[31m
              [33mclass[31m=[32m"search-input-wrapper"[31m
              [33mstyle[31m=[32m"flex: 1 1 0%; position: relative;"[31m
            [36m>[31m
              [36m<input[31m
                [33mclass[31m=[32m"search-input glassmorphism"[31m
                [33mplaceholder[31m=[32m"Buscar por servicio o m├⌐dico..."[31m
                [33mstyle[31m=[32m"width: 100%; border-radius: 12px;"[31m
                [33mtype[31m=[32m"text"[31m
                [33mvalue[31m=[32m""[31m
              [36m/>[31m
            [36m</div>[31m
            [36m<button[31m
              [33mclass[31m=[32m"btn-primary"[31m
            [36m>[31m
              [36m<span>[31m
                [0m+[0m
              [36m</span>[31m
              [0m Nuevo Servicio[0m
            [36m</button>[31m
          [36m</div>[31m
          [36m<div[31m
            [33mclass[31m=[32m"table-wrapper glassmorphism"[31m
          [36m>[31m
            [36m<table[31m
              [33mclass[31m=[32m"modern-table"[31m
            [36m>[31m
              [36m<thead>[31m
                [36m<tr>[31m
                  [36m<th>[31m
                    [0mServicio[0m
                  [36m</th>[31m
                  [36m<th>[31m
                    [0mPrecio (USD)[0m
                  [36m</th>[31m
                  [36m<th>[31m
                    [0mEstatus IVA[0m
                  [36m</th>[31m
                  [36m<th>[31m
                    [0mM├⌐dico Defecto[0m
                  [36m</th>[31m
                  [36m<th>[31m
                    [0mInsumos[0m
                  [36m</th>[31m
                  [36m<th>[31m
                    [0mAcciones[0m
                  [36m</th>[31m
                [36m</tr>[31m
              [36m</thead>[31m
              [36m<tbody>[31m
                [36m<tr>[31m
                  [36m<td>[31m
                    [36m<div[31m
                      [33mstyle[31m=[32m"display: flex; align-items: center; gap: 12px;"[31m
                    [36m>[31m
                      [36m<div[31m
                        [33mclass[31m=[32m"avatar"[31m
                        [33mstyle[31m=[32m"width: 32px; height: 32px; font-size: 0.8rem;"[31m
                      [36m>[31m
                        [0mCO[0m
                      [36m</div>[31m
                      [36m<span[31m
                        [33mstyle[31m=[32m"font-weight: 600;"[31m
                      [36m>[31m
                        [0mConsulta General[0m
                      [36m</span>[31m
                    [36m</div>[31m
                  [36m</td>[31m
                  [36m<td>[31m
                    [36m<span[31m
                      [33mclass[31m=[32m"text-cyan"[31m
                      [33mstyle[31m=[32m"font-weight: 700;"[31m
                    [36m>[31m
                      [0m$[0m
                      [0m30.00[0m
                    [36m</span>[31m
                  [36m</td>[31m
                  [36m<td>[31m
                    [36m<span[31m
                      [33mclass[31m=[32m"status-badge active"[31m
                    [36m>[31m
                      [0mExento[0m
                    [36m</span>[31m
                  [36m</td>[31m
                  [36m<td>[31m
                    [36m<div[31m
                      [33mstyle[31m=[32m"display: flex; flex-direction: column;"[31m
                    [36m>[31m
                      [36m<span[31m
                        [33mstyle[31m=[32m"font-size: 0.9rem;"[31m
                      [36m>[31m
                        [0mNo asignado[0m
                      [36m</span>[31m
                    [36m</div>[31m
                  [36m</td>[31m
                  [36m<td>[31m
                    [36m<div[31m
                      [33mclass[31m=[32m"tooltip-container"[31m
                    [36m>[31m
                      [36m<span[31m
                        [33mclass[31m=[32m"commission-badge"[31m
                      [36m>[31m
                        [0m0[0m
                        [0m ├¡tems[0m
                      [36m</span>[31m
                    [36m</div>[31m
                  [36m</td>[31m
                  [36m<td>[31m
                    [36m<div[31m
                      [33mclass[31m=[32m"action-buttons"[31m
                    [36m>[31m
                      [36m<button[31m
                        [33mclass[31m=[32m"btn-view"[31m
                        [33mtitle[31m=[32m"Editar"[31m
                      [36m>[31m
                        [0mΓ£Å∩╕Å[0m
                      [36m</button>[31m
                      [36m<button[31m
                        [33mclass[31m=[32m"btn-delete"[31m
                        [33mtitle[31m=[32m"Eliminar"[31m
                      [36m>[31m
                        [0m≡ƒùæ∩╕Å[0m
                      [36m</button>[31m
                    [36m</div>[31m
                  [36m</td>[31m
                [36m</tr>[31m
                [36m<tr>[31m
                  [36m<td>[31m
                    [36m<div[31m
                      [33mstyle[31m=[32m"display: flex; align-items: center; gap: 12px;"[31m
                    [36m>[31m
                      [36m<div[31m
                        [33mclass[31m=[32m"avatar"[31m
                        [33mstyle[31m=[32m"width: 32px; height: 32px; font-size: 0.8rem;"[31m
                      [36m>[31m
                        [0mEL[0m
                      [36m</div>[31m
                      [36m<span[31m
                        [33mstyle[31m=[32m"font-weight: 600;"[31m
                      [36m>[31m
                        [0mElectrocardiograma[0m
                      [36m</span>[31m
                    [36m</div>[31m
                  [36m</td>[31m
                  [36m<td>[31m
                    [36m<span[31m
                      [33mclass[31m=[32m"text-cyan"[31m
                      [33mstyle[31m=[32m"font-weight: 700;"[31m
                    [36m>[31m
                      [0m$[0m
                      [0m50.00[0m
                    [36m</span>[31m
                  [36m</td>[31m
                  [36m<td>[31m
                    [36m<span[31m
                      [33mclass[31m=[32m"status-badge inactive"[31m
                    [36m>[31m
                      [0mIVA 16%[0m
                    [36m</span>[31m
                  [36m</td>[31m
                  [36m<td>[31m
                    [36m<div[31m
                      [33mstyle[31m=[32m"display: flex; flex-direction: column;"[31m
                    [36m>[31m
                      [36m<span[31m
                        [33mstyle[31m=[32m"font-size: 0.9rem;"[31m
                      [36m>[31m
                        [0mNo asignado[0m
                      [36m</span>[31m
                    [36m</div>[31m
                  [36m</td>[31m
                  [36m<td>[31m
                    [36m<div[31m
                      [33mclass[31m=[32m"tooltip-container"[31m
                    [36m>[31m
                      [36m<span[31m
                        [33mclass[31m=[32m"commission-badge"[31m
                      [36m>[31m
                        [0m1[0m
                        [0m ├¡tems[0m
                      [36m</span>[31m
                      [36m<div[31m
                        [33mclass[31m=[32m"tooltip-content glassmorphism"[31m
                      [36m>[31m
                        [36m<div[31m
                          [33mstyle[31m=[32m"font-weight: bold; border-bottom: 1px solid var(--border-color); margin-bottom: 5px; padding-bottom: 3px;"[31m
                        [36m>[31m
                          [0mReceta T├⌐cnica[0m
                        [36m</div>[31m
                        [36m<div[31m
                          [33mstyle[31m=[32m"font-size: 0.8rem; display: flex; justify-content: space-between; gap: 10px;"[31m
                        [36m>[31m
                          [36m<span />[31m
                          [36m<span[31m
                            [33mstyle[31m=[32m"font-weight: bold; color: var(--accent-cyan);"[31m
                          [36m>[31m
                            [0mx[0m
                            [0m1[0m
                          [36m</span>[31m
                        [36m</div>[31m
                      [36m</div>[31m
                    [36m</div>[31m
                  [36m</td>[31m
                  [36m<td>[31m
                    [36m<div[31m
                      [33mclass[31m=[32m"action-buttons"[31m
                    [36m>[31m
                      [36m<button[31m
                        [33mclass[31m=[32m"btn-view"[31m
                        [33mtitle[31m=[32m"Editar"[31m
                      [36m>[31m
                        [0mΓ£Å∩╕Å[0m
                      [36m</button>[31m
                      [36m<button[31m
                        [33mclass[31m=[32m"btn-delete"[31m
                        [33mtitle[31m=[32m"Eliminar"[31m
                      [36m>[31m
                        [0m≡ƒùæ∩╕Å[0m
                      [36m</button>[31m
                    [36m</div>[31m
                  [36m</td>[31m
                [36m</tr>[31m
              [36m</tbody>[31m
            [36m</table>[31m
          [36m</div>[31m
        [36m</div>[31m
        [36m<div[31m
          [33mclass[31m=[32m"patient-form-overlay glassmorphism animate-in"[31m
        [36m>[31m
          [36m<div[31m
            [33mclass[31m=[32m"patient-form-modal container-card"[31m
            [33mstyle[31m=[32m"max-width: 700px;"[31m
          [36m>[31m
            [36m<h3>[31m
              [0mNuevo Servicio M├⌐dico[0m
            [36m</h3>[31m
            [36m<p[31m
              [33mclass[31m=[32m"subtitle"[31m
            [36m>[31m
              [0mConfigure el precio y la receta t├⌐cnica del servicio.[0m
            [36m</p>[31m
            [36m<form[31m
              [33mclass[31m=[32m"patient-form-grid"[31m
            [36m>[31m
              [36m<div[31m
                [33mclass[31m=[32m"form-group full-width"[31m
              [36m>[31m
                [36m<label>[31m
                  [0mNombre del Servicio *[0m
                [36m</label>[31m
                [36m<input[31m
                  [33mname[31m=[32m"nombre"[31m
                  [33mplaceholder[31m=[32m"Ej. Consulta Especializada"[31m
                  [33mrequired[31m=[32m""[31m
                  [33mtype[31m=[32m"text"[31m
                  [33mvalue[31m=[32m""[31m
                [36m/>[31m
              [36m</div>[31m
              [36m<div[31m
                [33mclass[31m=[32m"form-group"[31m
              [36m>[31m
                [36m<label>[31m
                  [0mPrecio (USD) *[0m
                [36m</label>[31m
                [36m<input[31m
                  [33mname[31m=[32m"precio_usd"[31m
                  [33mplaceholder[31m=[32m"0.00"[31m
                  [33mrequired[31m=[32m""[31m
                  [33mstep[31m=[32m"0.01"[31m
                  [33mtype[31m=[32m"number"[31m
                  [33mvalue[31m=[32m""[31m
                [36m/>[31m
              [36m</div>[31m
              [36m<div[31m
                [33mclass[31m=[32m"form-group"[31m
              [36m>[31m
                [36m<label>[31m
                  [0mM├⌐dico por defecto[0m
                [36m</label>[31m
                [36m<select[31m
                  [33mname[31m=[32m"id_medico_defecto"[31m
                [36m>[31m
                  [36m<option[31m
                    [33mvalue[31m=[32m""[31m
                  [36m>[31m
                    [0mSeleccione un m├⌐dico...[0m
                  [36m</option>[31m
                  [36m<option[31m
                    [33mvalue[31m=[32m"1"[31m
                  [36m>[31m
                    [0mDr. Gregory House[0m
                  [36m</option>[31m
                  [36m<option[31m
                    [33mvalue[31m=[32m"2"[31m
                  [36m>[31m
                    [0mDra. Allison Cameron[0m
                  [36m</option>[31m
                [36m</select>[31m
              [36m</div>[31m
              [36m<div[31m
                [33mclass[31m=[32m"form-group full-width"[31m
                [33mstyle[31m=[32m"display: flex; align-items: center; gap: 10px;"[31m
              [36m>[31m
                [36m<input[31m
                  [33mchecked[31m=[32m""[31m
                  [33mid[31m=[32m"es_exento"[31m
                  [33mname[31m=[32m"es_exento"[31m
                  [33mtype[31m=[32m"checkbox"[31m
                [36m/>[31m
                [36m<label[31m
                  [33mfor[31m=[32m"es_exento"[31m
                  [33mstyle[31m=[32m"cursor: pointer; margin-bottom: 0px;"[31m
                [36m>[31m
                  [0mServicio Exento de IVA[0m
                [36m</label>[31m
              [36m</div>[31m
              [36m<hr[31m
                [33mclass[31m=[32m"full-width"[31m
                [33mstyle[31m=[32m"margin: 15px 0px; border-top: 1px solid var(--border-color); border-right: 0px; border-bottom: 0px; border-left: 0px; border-image: none;"[31m
              [36m/>[31m
              [36m<div[31m
                [33mclass[31m=[32m"full-width"[31m
              [36m>[31m
                [36m<h4>[31m
                  [0mInsumos Asociados (Receta T├⌐cnica)[0m
                [36m</h4>[31m
                [36m<div[31m
                  [33mstyle[31m=[32m"display: flex; gap: 10px; margin-top: 10px;"[31m
                [36m>[31m
                  [36m<select[31m
                    [33mstyle[31m=[32m"flex: 2 1 0%;"[31m
                  [36m>[31m
                    [36m<option[31m
                      [33mvalue[31m=[32m""[31m
                    [36m>[31m
                      [0mSeleccionar Insumo...[0m
                    [36m</option>[31m
                    [36m<option[31m
                      [33mvalue[31m=[32m"1"[31m
                    [36m>[31m
                      [0mGuantes de L├ítex[0m
                      [0m ([0m
                      [0mPar[0m
                      [0m)[0m
                    [36m</option>[31m
                    [36m<option[31m
                      [33mvalue[31m=[32m"2"[31m
                    [36m>[31m
                      [0mJeringa 5ml[0m
                      [0m ([0m
                      [0mUnidad[0m
                      [0m)[0m
                    [36m</option>[31m
                  [36m</select>[31m
                  [36m<input[31m
                    [33mmin[31m=[32m"1"[31m
                    [33mplaceholder[31m=[32m"Cant."[31m
                    [33mstyle[31m=[32m"flex: 1 1 0%;"[31m
                    [33mtype[31m=[32m"number"[31m
                    [33mvalue[31m=[32m"1"[31m
                  [36m/>[31m
                  [36m<button[31m
                    [33mclass[31m=[32m"btn-secondary"[31m
                    [33mtype[31m=[32m"button"[31m
                  [36m>[31m
                    [0mA├▒adir[0m
                  [36m</button>[31m
                [36m</div>[31m
                [36m<div[31m
                  [33mclass[31m=[32m"insumos-tags"[31m
                  [33mstyle[31m=[32m"display: grid; grid-template-columns: 1fr 1fr; gap: 10px; margin-top: 15px;"[31m
                [36m>[31m
                  [36m<p[31m
                    [33mclass[31m=[32m"subtitle full-width"[31m
                  [36m>[31m
                    [0mNo hay insumos a├▒adidos a la receta t├⌐cnica.[0m
                  [36m</p>[31m
                [36m</div>[31m
              [36m</div>[31m
              [36m<div[31m
                [33mclass[31m=[32m"form-actions full-width"[31m
                [33mstyle[31m=[32m"margin-top: 20px;"[31m
              [36m>[31m
                [36m<button[31m
                  [33mclass[31m=[32m"btn-secondary"[31m
                  [33mtype[31m=[32m"button"[31m
                [36m>[31m
                  [0mCancelar[0m
                [36m</button>[31m
                [36m<button[31m
                  [33mclass[31m=[32m"btn-primary"[31m
                  [33mtype[31m=[32m"submit"[31m
                [36m>[31m
                  [0mGuardar Servicio[0m
                [36m</button>[31m
              [36m</div>[31m
            [36m</form>[31m
          [36m</div>[31m
        [36m</div>[31m
      [36m</main>[31m
    [36m</div>[31m
  [36m</div>[31m
[36m</body>[31m

Ignored nodes: comments, script, style
[36m<html>[31m
  [36m<head />[31m
  [36m<body>[31m
    [36m<div>[31m
      [36m<div[31m
        [33mclass[31m=[32m"layout-container"[31m
      [36m>[31m
        [36m<nav[31m
          [33mclass[31m=[32m"sidebar"[31m
        [36m>[31m
          [36m<div[31m
            [33mclass[31m=[32m"logo"[31m
          [36m>[31m
            [0mM├⌐dica[0m
            [36m<span>[31m
              [0mERP[0m
            [36m</span>[31m
          [36m</div>[31m
          [36m<ul[31m
            [33mclass[31m=[32m"nav-links"[31m
          [36m>[31m
            [36m<li[31m
              [33mclass[31m=[32m""[31m
            [36m>[31m
              [0mDashboard[0m
            [36m</li>[31m
            [36m<li[31m
              [33mclass[31m=[32m""[31m
            [36m>[31m
              [0mPacientes[0m
            [36m</li>[31m
            [36m<li[31m
              [33mclass[31m=[32m""[31m
            [36m>[31m
              [0mM├⌐dicos[0m
            [36m</li>[31m
            [36m<li[31m
              [33mclass[31m=[32m"active"[31m
            [36m>[31m
              [0mServicios[0m
            [36m</li>[31m
            [36m<li[31m
              [33mclass[31m=[32m""[31m
            [36m>[31m
              [0mFacturaci├│n[0m
            [36m</li>[31m
            [36m<li>[31m
              [0mInventario[0m
            [36m</li>[31m
            [36m<li>[31m
              [0mLiquidaci├│n[0m
            [36m</li>[31m
          [36m</ul>[31m
        [36m</nav>[31m
        [36m<main[31m
          [33mclass[31m=[32m"main-content"[31m
        [36m>[31m
          [36m<header[31m
            [33mclass[31m=[32m"topbar"[31m
          [36m>[31m
            [36m<div[31m
              [33mstyle[31m=[32m"display: flex; align-items: center; gap: 16px;"[31m
            [36m>[31m
              [36m<h2>[31m
                [0mGesti├│n de Servicios[0m
              [36m</h2>[31m
            [36m</div>[31m
            [36m<div[31m
              [33mclass[31m=[32m"user-profile"[31m
            [36m>[31m
              [36m<button[31m
                [33mclass[31m=[32m"theme-toggle"[31m
              [36m>[31m
                [0mΓÿÇ∩╕Å Modo Claro[0m
              [36m</button>[31m
              [36m<div[31m
                [33mclass[31m=[32m"avatar"[31m
              [36m>[31m
                [0mAD[0m
              [36m</div>[31m
              [36m<span>[31m
                [0mAdministrador[0m
              [36m</span>[31m
            [36m</div>[31m
          [36m</header>[31m
          [36m<div[31m
            [33mclass[31m=[32m"patient-list animate-in"[31m
          [36m>[31m
            [36m<div[31m
              [33mclass[31m=[32m"search-bar-container"[31m
            [36m>[31m
              [36m<div[31m
                [33mclass[31m=[32m"search-input-wrapper"[31m
                [33mstyle[31m=[32m"flex: 1 1 0%; position: relative;"[31m
              [36m>[31m
                [36m<input[31m
                  [33mclass[31m=[32m"search-input glassmorphism"[31m
                  [33mplaceholder[31m=[32m"Buscar por servicio o m├⌐dico..."[31m
                  [33mstyle[31m=[32m"width: 100%; border-radius: 12px;"[31m
                  [33mtype[31m=[32m"text"[31m
                  [33mvalue[31m=[32m""[31m
                [36m/>[31m
              [36m</div>[31m
              [36m<button[31m
                [33mclass[31m=[32m"btn-primary"[31m
              [36m>[31m
                [36m<span>[31m
                  [0m+[0m
                [36m</span>[31m
                [0m Nuevo Servicio[0m
              [36m</button>[31m
            [36m</div>[31m
            [36m<div[31m
              [33mclass[31m=[32m"table-wrapper glassmorphism"[31m
            [36m>[31m
              [36m<table[31m
                [33mclass[31m=[32m"modern-table"[31m
              [36m>[31m
                [36m<thead>[31m
                  [36m<tr>[31m
                    [36m<th>[31m
                      [0mServicio[0m
                    [36m</th>[31m
                    [36m<th>[31m
                      [0mPrecio (USD)[0m
                    [36m</th>[31m
                    [36m<th>[31m
                      [0mEstatus IVA[0m
                    [36m</th>[31m
                    [36m<th>[31m
                      [0mM├⌐dico Defecto[0m
                    [36m</th>[31m
                    [36m<th>[31m
                      [0mInsumos[0m
                    [36m</th>[31m
                    [36m<th>[31m
                      [0mAcciones[0m
                    [36m</th>[31m
                  [36m</tr>[31m
                [36m</thead>[31m
                [36m<tbody>[31m
                  [36m<tr>[31m
                    [36m<td>[31m
                      [36m<div[31m
                        [33mstyle[31m=[32m"display: flex; align-items: center; gap: 12px;"[31m
                      [36m>[31m
                        [36m<div[31m
                          [33mclass[31m=[32m"avatar"[31m
                          [33mstyle[31m=[32m"width: 32px; height: 32px; font-size: 0.8rem;"[31m
                        [36m>[31m
                          [0mCO[0m
                        [36m</div>[31m
                        [36m<span[31m
                          [33mstyle[31m=[32m"font-weight: 600;"[31m
                        [36m>[31m
                          [0mConsulta General[0m
                        [36m</span>[31m
                      [36m</div>[31m
                    [36m</td>[31m
                    [36m<td>[31m
                      [36m<span[31m
                        [33mclass[31m=[32m"text-cyan"[31m
                        [33mstyle[31m=[32m"font-weight: 700;"[31m
                      [36m>[31m
                        [0m$[0m
                        [0m30.00[0m
                      [36m</span>[31m
                    [36m</td>[31m
                    [36m<td>[31m
                      [36m<span[31m
                        [33mclass[31m=[32m"status-badge active"[31m
                      [36m>[31m
                        [0mExento[0m
                      [36m</span>[31m
                    [36m</td>[31m
                    [36m<td>[31m
                      [36m<div[31m
                        [33mstyle[31m=[32m"display: flex; flex-direction: column;"[31m
                      [36m>[31m
                        [36m<span[31m
                          [33mstyle[31m=[32m"font-size: 0.9rem;"[31m
                        [36m>[31m
                          [0mNo asignado[0m
                        [36m</span>[31m
                      [36m</div>[31m
                    [36m</td>[31m
                    [36m<td>[31m
                      [36m<div[31m
                        [33mclass[31m=[32m"tooltip-container"[31m
                      [36m>[31m
                        [36m<span[31m
                          [33mclass[31m=[32m"commission-badge"[31m
                        [36m>[31m
                          [0m0[0m
                          [0m ├¡tems[0m
                        [36m</span>[31m
                      [36m</div>[31m
                    [36m</td>[31m
                    [36m<td>[31m
                      [36m<div[31m
                        [33mclass[31m=[32m"action-buttons"[31m
                      [36m>[31m
                        [36m<button[31m
                          [33mclass[31m=[32m"btn-view"[31m
                          [33mtitle[31m=[32m"Editar"[31m
                        [36m>[31m
                          [0mΓ£Å∩╕Å[0m
                        [36m</button>[31m
                        [36m<button[31m
                          [33mclass[31m=[32m"btn-delete"[31m
                          [33mtitle[31m=[32m"Eliminar"[31m
                        [36m>[31m
                          [0m≡ƒùæ∩╕Å[0m
                        [36m</button>[31m
                      [36m</div>[31m
                    [36m</td>[31m
                  [36m</tr>[31m
                  [36m<tr>[31m
                    [36m<td>[31m
                      [36m<div[31m
                        [33mstyle[31m=[32m"display: flex; align-items: center; gap: 12px;"[31m
                      [36m>[31m
                        [36m<div[31m
                          [33mclass[31m=[32m"avatar"[31m
                          [33mstyle[31m=[32m"width: 32px; height: 32px; font-size: 0.8rem;"[31m
                        [36m>[31m
                          [0mEL[0m
                        [36m</div>[31m
                        [36m<span[31m
                          [33mstyle[31m=[32m"font-weight: 600;"[31m
                        [36m>[31m
                          [0mElectrocardiograma[0m
                        [36m</span>[31m
                      [36m</div>[31m
                    [36m</td>[31m
                    [36m<td>[31m
                      [36m<span[31m
                        [33mclass[31m=[32m"text-cyan"[31m
                        [33mstyle[31m=[32m"font-weight: 700;"[31m
                      [36m>[31m
                        [0m$[0m
                        [0m50.00[0m
                      [36m</span>[31m
                    [36m</td>[31m
                    [36m<td>[31m
                      [36m<span[31m
                        [33mclass[31m=[32m"status-badge inactive"[31m
                      [36m>[31m
                        [0mIVA 16%[0m
                      [36m</span>[31m
                    [36m</td>[31m
                    [36m<td>[31m
                      [36m<div[31m
                        [33mstyle[31m=[32m"display: flex; flex-direction: column;"[31m
                      [36m>[31m
                        [36m<span[31m
                          [33mstyle[31m=[32m"font-size: 0.9rem;"[31m
                        [36m>[31m
                          [0mNo asignado[0m
                        [36m</span>[31m
                      [36m</div>[31m
                    [36m</td>[31m
                    [36m<td>[31m
                      [36m<div[31m
                        [33mclass[31m=[32m"tooltip-container"[31m
                      [36m>[31m
                        [36m<span[31m
                          [33mclass[31m=[32m"commission-badge"[31m
                        [36m>[31m
                          [0m1[0m
                          [0m ├¡tems[0m
                        [36m</span>[31m
                        [36m<div[31m
                          [33mclass[31m=[32m"tooltip-content glassmorphism"[31m
                        [36m>[31m
                          [36m<div[31m
                            [33mstyle[31m=[32m"font-weight: bold; border-bottom: 1px solid var(--border-color); margin-bottom: 5px; padding-bottom: 3px;"[31m
                          [36m>[31m
                            [0mReceta T├⌐cnica[0m
                          [36m</div>[31m
                          [36m<div[31m
                            [33mstyle[31m=[32m"font-size: 0.8rem; display: flex; justify-content: space-between; gap: 10px;"[31m
                          [36m>[31m
                            [36m<span />[31m
                            [36m<span[31m
                              [33mstyle[31m=[32m"font-weight: bold; color: var(--accent-cyan);"[31m
                            [36m>[31m
                              [0mx[0m
                              [0m1[0m
                            [36m</span>[31m
                          [36m</div>[31m
                        [36m</div>[31m
                      [36m</div>[31m
                    [36m</td>[31m
                    [36m<td>[31m
                      [36m<div[31m
                        [33mclass[31m=[32m"action-buttons"[31m
                      [36m>[31m
                        [36m<button[31m
                          [33mclass[31m=[32m"btn-view"[31m
                          [33mtitle[31m=[32m"Editar"[31m
                        [36m>[31m
                          [0mΓ£Å∩╕Å[0m
                        [36m</button>[31m
                        [36m<button[31m
                          [33mclass[31m=[32m"btn-delete"[31m
                          [33mtitle[31m=[32m"Eliminar"[31m
                        [36m>[31m
                          [0m≡ƒùæ∩╕Å[0m
                        [36m</button>[31m
                      [36m</div>[31m
                    [36m</td>[31m
                  [36m</tr>[31m
                [36m</tbody>[31m
              [36m</table>[31m
            [36m</div>[31m
          [36m</div>[31m
          [36m<div[31m
            [33mclass[31m=[32m"patient-form-overlay glassmorphism animate-in"[31m
          [36m>[31m
            [36m<div[31m
              [33mclass[31m=[32m"patient-form-modal container-card"[31m
              [33mstyle[31m=[32m"max-width: 700px;"[31m
            [36m>[31m
              [36m<h3>[31m
                [0mNuevo Servicio M├⌐dico[0m
              [36m</h3>[31m
              [36m<p[31m
                [33mclass[31m=[32m"subtitle"[31m
              [36m>[31m
                [0mConfigure el precio y la receta t├⌐cnica del servicio.[0m
              [36m</p>[31m
              [36m<form[31m
                [33mclass[31m=[32m"patient-form-grid"[31m
              [36m>[31m
                [36m<div[31m
                  [33mclass[31m=[32m"form-group full-width"[31m
                [36m>[31m
                  [36m<label>[31m
                    [0mNombre del Servicio *[0m
                  [36m</label>[31m
                  [36m<input[31m
                    [33mname[31m=[32m"nombre"[31m
                    [33mplaceholder[31m=[32m"Ej. Consulta Especializada"[31m
                    [33mrequired[31m=[32m""[31m
                    [33mtype[31m=[32m"text"[31m
                    [33mvalue[31m=[32m""[31m
                  [36m/>[31m
                [36m</div>[31m
                [36m<div[31m
                  [33mclass[31m=[32m"form-group"[31m
                [36m>[31m
                  [36m<label>[31m
                    [0mPrecio (USD) *[0m
                  [36m</label>[31m
                  [36m<input[31m
                    [33mname[31m=[32m"precio_usd"[31m
                    [33mplaceholder[31m=[32m"0.00"[31m
                    [33mrequired[31m=[32m""[31m
                    [33mstep[31m=[32m"0.01"[31m
                    [33mtype[31m=[32m"number"[31m
                    [33mvalue[31m=[32m""[31m
                  [36m/>[31m
                [36m</div>[31m
                [36m<div[31m
                  [33mclass[31m=[32m"form-group"[31m
                [36m>[31m
                  [36m<label>[31m
                    [0mM├⌐dico por defecto[0m
                  [36m</label>[31m
                  [36m<select[31m
                    [33mname[31m=[32m"id_medico_defecto"[31m
                  [36m>[31m
                    [36m<option[31m
                      [33mvalue[31m=[32m""[31m
                    [36m>[31m
                      [0mSeleccione un m├⌐dico...[0m
                    [36m</option>[31m
                    [36m<option[31m
                      [33mvalue[31m=[32m"1"[31m
                    [36m>[31m
                      [0mDr. Gregory House[0m
                    [36m</option>[31m
                    [36m<option[31m
                      [33mvalue[31m=[32m"2"[31m
                    [36m>[31m
                      [0mDra. Allison Cameron[0m
                    [36m</option>[31m
                  [36m</select>[31m
                [36m</div>[31m
                [36m<div[31m
                  [33mclass[31m=[32m"form-group full-width"[31m
                  [33mstyle[31m=[32m"display: flex; align-items: center; gap: 10px;"[31m
                [36m>[31m
                  [36m<input[31m
                    [33mchecked[31m=[32m""[31m
                    [33mid[31m=[32m"es_exento"[31m
                    [33mname[31m=[32m"es_exento"[31m
                    [33mtype[31m=[32m"checkbox"[31m
                  [36m/>[31m
                  [36m<label[31m
                    [33mfor[31m=[32m"es_exento"[31m
                    [33mstyle[31m=[32m"cursor: pointer; margin-bottom: 0px;"[31m
                  [36m>[31m
                    [0mServicio Exento de IVA[0m
                  [36m</label>[31m
                [36m</div>[31m
                [36m<hr[31m
                  [33mclass[31m=[32m"full-width"[31m
                  [33mstyle[31m=[32m"margin: 15px 0px; border-top: 1px solid var(--border-color); border-right: 0px; border-bottom: 0px; border-left: 0px; border-image: none;"[31m
                [36m/>[31m
                [36m<div[31m
                  [33mclass[31m=[32m"full-width"[31m
                [36m>[31m
                  [36m<h4>[31m
                    [0mInsumos Asociados (Receta T├⌐cnica)[0m
                  [36m</h4>[31m
                  [36m<div[31m
                    [33mstyle[31m=[32m"display: flex; gap: 10px; margin-top: 10px;"[31m
                  [36m>[31m
                    [36m<select[31m
                      [33mstyle[31m=[32m"flex: 2 1 0%;"[31m
                    [36m>[31m
                      [36m<option[31m
                        [33mvalue[31m=[32m""[31m
                      [36m>[31m
                        [0mSeleccionar Insumo...[0m
                      [36m</option>[31m
                      [36m<option[31m
                        [33mvalue[31m=[32m"1"[31m
                      [36m>[31m
                        [0mGuantes de L├ítex[0m
                        [0m ([0m
                        [0mPar[0m
                        [0m)[0m
                      [36m</option>[31m
                      [36m<option[31m
                        [33mvalue[31m=[32m"2"[31m
                      [36m>[31m
                        [0mJeringa 5ml[0m
                        [0m ([0m
                        [0mUnidad[0m
                        [0m)[0m
                      [36m</option>[31m
                    [36m</select>[31m
                    [36m<input[31m
                      [33mmin[31m=[32m"1"[31m
                      [33mplaceholder[31m=[32m"Cant."[31m
                      [33mstyle[31m=[32m"flex: 1 1 0%;"[31m
                      [33mtype[31m=[32m"number"[31m
                      [33mvalue[31m=[32m"1"[31m
                    [36m/>[31m
                    [36m<button[31m
                      [33mclass[31m=[32m"btn-secondary"[31m
                      [33mtype[31m=[32m"button"[31m
                    [36m>[31m
                      [0mA├▒adir[0m
                    [36m</button>[31m
                  [36m</div>[31m
                  [36m<div[31m
                    [33mclass[31m=[32m"insumos-tags"[31m
                    [33mstyle[31m=[32m"display: grid; grid-template-columns: 1fr 1fr; gap: 10px; margin-top: 15px;"[31m
                  [36m>[31m
                    [36m<p[31m
                      [33mclass[31m=[32m"subtitle full-width"[31m
                    [36m>[31m
                      [0mNo hay insumos a├▒adidos a la receta t├⌐cnica.[0m
                    [36m</p>[31m
                  [36m</div>[31m
                [36m</div>[31m
                [36m<div[31m
                  [33mclass[31m=[32m"form-actions full-width"[31m
                  [33mstyle[31m=[32m"margin-top: 20px;"[31m
                [36m>[31m
                  [36m<button[31m
                    [33mclass[31m=[32m"btn-secondary"[31m
                    [33mtype[31m=[32m"button"[31m
                  [36m>[31m
                    [0mCancelar[0m
                  [36m</button>[31m
                  [36m<button[31m
                    [33mclass[31m=[32m"btn-primary"[31m
                    [33mtype[31m=[32m"submit"[31m
                  [36m>[31m
                    [0mGuardar Servicio[0m
                  [36m</button>[31m
                [36m</div>[31m
              [36m</form>[31m
            [36m</div>[31m
          [36m</div>[31m
        [36m</main>[31m
      [36m</div>[31m
    [36m</div>[31m
  [36m</body>[31m
[36m</html>[31m[39m
[31m   [33mΓ¥»[31m tests/integration/services.integration.test.jsx[2m > [22mServices Integration Tests[2m > [22mshould show insumos count in services list[39m
[31m     ΓåÆ Unable to find an element with the text: Sin insumos. This could be because the text is broken up by multiple elements. In this case, you can provide a function for your text matcher to make your matcher more flexible.

Ignored nodes: comments, script, style
[36m<body>[31m
  [36m<div>[31m
    [36m<div[31m
      [33mclass[31m=[32m"layout-container"[31m
    [36m>[31m
      [36m<nav[31m
        [33mclass[31m=[32m"sidebar"[31m
      [36m>[31m
        [36m<div[31m
          [33mclass[31m=[32m"logo"[31m
        [36m>[31m
          [0mM├⌐dica[0m
          [36m<span>[31m
            [0mERP[0m
          [36m</span>[31m
        [36m</div>[31m
        [36m<ul[31m
          [33mclass[31m=[32m"nav-links"[31m
        [36m>[31m
          [36m<li[31m
            [33mclass[31m=[32m""[31m
          [36m>[31m
            [0mDashboard[0m
          [36m</li>[31m
          [36m<li[31m
            [33mclass[31m=[32m""[31m
          [36m>[31m
            [0mPacientes[0m
          [36m</li>[31m
          [36m<li[31m
            [33mclass[31m=[32m""[31m
          [36m>[31m
            [0mM├⌐dicos[0m
          [36m</li>[31m
          [36m<li[31m
            [33mclass[31m=[32m"active"[31m
          [36m>[31m
            [0mServicios[0m
          [36m</li>[31m
          [36m<li[31m
            [33mclass[31m=[32m""[31m
          [36m>[31m
            [0mFacturaci├│n[0m
          [36m</li>[31m
          [36m<li>[31m
            [0mInventario[0m
          [36m</li>[31m
          [36m<li>[31m
            [0mLiquidaci├│n[0m
          [36m</li>[31m
        [36m</ul>[31m
      [36m</nav>[31m
      [36m<main[31m
        [33mclass[31m=[32m"main-content"[31m
      [36m>[31m
        [36m<header[31m
          [33mclass[31m=[32m"topbar"[31m
        [36m>[31m
          [36m<div[31m
            [33mstyle[31m=[32m"display: flex; align-items: center; gap: 16px;"[31m
          [36m>[31m
            [36m<h2>[31m
              [0mGesti├│n de Servicios[0m
            [36m</h2>[31m
          [36m</div>[31m
          [36m<div[31m
            [33mclass[31m=[32m"user-profile"[31m
          [36m>[31m
            [36m<button[31m
              [33mclass[31m=[32m"theme-toggle"[31m
            [36m>[31m
              [0mΓÿÇ∩╕Å Modo Claro[0m
            [36m</button>[31m
            [36m<div[31m
              [33mclass[31m=[32m"avatar"[31m
            [36m>[31m
              [0mAD[0m
            [36m</div>[31m
            [36m<span>[31m
              [0mAdministrador[0m
            [36m</span>[31m
          [36m</div>[31m
        [36m</header>[31m
        [36m<div[31m
          [33mclass[31m=[32m"patient-list animate-in"[31m
        [36m>[31m
          [36m<div[31m
            [33mclass[31m=[32m"search-bar-container"[31m
          [36m>[31m
            [36m<div[31m
              [33mclass[31m=[32m"search-input-wrapper"[31m
              [33mstyle[31m=[32m"flex: 1 1 0%; position: relative;"[31m
            [36m>[31m
              [36m<input[31m
                [33mclass[31m=[32m"search-input glassmorphism"[31m
                [33mplaceholder[31m=[32m"Buscar por servicio o m├⌐dico..."[31m
                [33mstyle[31m=[32m"width: 100%; border-radius: 12px;"[31m
                [33mtype[31m=[32m"text"[31m
                [33mvalue[31m=[32m""[31m
              [36m/>[31m
            [36m</div>[31m
            [36m<button[31m
              [33mclass[31m=[32m"btn-primary"[31m
            [36m>[31m
              [36m<span>[31m
                [0m+[0m
              [36m</span>[31m
              [0m Nuevo Servicio[0m
            [36m</button>[31m
          [36m</div>[31m
          [36m<div[31m
            [33mclass[31m=[32m"table-wrapper glassmorphism"[31m
          [36m>[31m
            [36m<table[31m
              [33mclass[31m=[32m"modern-table"[31m
            [36m>[31m
              [36m<thead>[31m
                [36m<tr>[31m
                  [36m<th>[31m
                    [0mServicio[0m
                  [36m</th>[31m
                  [36m<th>[31m
                    [0mPrecio (USD)[0m
                  [36m</th>[31m
                  [36m<th>[31m
                    [0mEstatus IVA[0m
                  [36m</th>[31m
                  [36m<th>[31m
                    [0mM├⌐dico Defecto[0m
                  [36m</th>[31m
                  [36m<th>[31m
                    [0mInsumos[0m
                  [36m</th>[31m
                  [36m<th>[31m
                    [0mAcciones[0m
                  [36m</th>[31m
                [36m</tr>[31m
              [36m</thead>[31m
              [36m<tbody>[31m
                [36m<tr>[31m
                  [36m<td>[31m
                    [36m<div[31m
                      [33mstyle[31m=[32m"display: flex; align-items: center; gap: 12px;"[31m
                    [36m>[31m
                      [36m<div[31m
                        [33mclass[31m=[32m"avatar"[31m
                        [33mstyle[31m=[32m"width: 32px; height: 32px; font-size: 0.8rem;"[31m
                      [36m>[31m
                        [0mCO[0m
                      [36m</div>[31m
                      [36m<span[31m
                        [33mstyle[31m=[32m"font-weight: 600;"[31m
                      [36m>[31m
                        [0mConsulta General[0m
                      [36m</span>[31m
                    [36m</div>[31m
                  [36m</td>[31m
                  [36m<td>[31m
                    [36m<span[31m
                      [33mclass[31m=[32m"text-cyan"[31m
                      [33mstyle[31m=[32m"font-weight: 700;"[31m
                    [36m>[31m
                      [0m$[0m
                      [0m30.00[0m
                    [36m</span>[31m
                  [36m</td>[31m
                  [36m<td>[31m
                    [36m<span[31m
                      [33mclass[31m=[32m"status-badge active"[31m
                    [36m>[31m
                      [0mExento[0m
                    [36m</span>[31m
                  [36m</td>[31m
                  [36m<td>[31m
                    [36m<div[31m
                      [33mstyle[31m=[32m"display: flex; flex-direction: column;"[31m
                    [36m>[31m
                      [36m<span[31m
                        [33mstyle[31m=[32m"font-size: 0.9rem;"[31m
                      [36m>[31m
                        [0mNo asignado[0m
                      [36m</span>[31m
                    [36m</div>[31m
                  [36m</td>[31m
                  [36m<td>[31m
                    [36m<div[31m
                      [33mclass[31m=[32m"tooltip-container"[31m
                    [36m>[31m
                      [36m<span[31m
                        [33mclass[31m=[32m"commission-badge"[31m
                      [36m>[31m
                        [0m0[0m
                        [0m ├¡tems[0m
                      [36m</span>[31m
                    [36m</div>[31m
                  [36m</td>[31m
                  [36m<td>[31m
                    [36m<div[31m
                      [33mclass[31m=[32m"action-buttons"[31m
                    [36m>[31m
                      [36m<button[31m
                        [33mclass[31m=[32m"btn-view"[31m
                        [33mtitle[31m=[32m"Editar"[31m
                      [36m>[31m
                        [0mΓ£Å∩╕Å[0m
                      [36m</button>[31m
                      [36m<button[31m
                        [33mclass[31m=[32m"btn-delete"[31m
                        [33mtitle[31m=[32m"Eliminar"[31m
                      [36m>[31m
                        [0m≡ƒùæ∩╕Å[0m
                      [36m</button>[31m
                    [36m</div>[31m
                  [36m</td>[31m
                [36m</tr>[31m
                [36m<tr>[31m
                  [36m<td>[31m
                    [36m<div[31m
                      [33mstyle[31m=[32m"display: flex; align-items: center; gap: 12px;"[31m
                    [36m>[31m
                      [36m<div[31m
                        [33mclass[31m=[32m"avatar"[31m
                        [33mstyle[31m=[32m"width: 32px; height: 32px; font-size: 0.8rem;"[31m
                      [36m>[31m
                        [0mEL[0m
                      [36m</div>[31m
                      [36m<span[31m
                        [33mstyle[31m=[32m"font-weight: 600;"[31m
                      [36m>[31m
                        [0mElectrocardiograma[0m
                      [36m</span>[31m
                    [36m</div>[31m
                  [36m</td>[31m
                  [36m<td>[31m
                    [36m<span[31m
                      [33mclass[31m=[32m"text-cyan"[31m
                      [33mstyle[31m=[32m"font-weight: 700;"[31m
                    [36m>[31m
                      [0m$[0m
                      [0m50.00[0m
                    [36m</span>[31m
                  [36m</td>[31m
                  [36m<td>[31m
                    [36m<span[31m
                      [33mclass[31m=[32m"status-badge inactive"[31m
                    [36m>[31m
                      [0mIVA 16%[0m
                    [36m</span>[31m
                  [36m</td>[31m
                  [36m<td>[31m
                    [36m<div[31m
                      [33mstyle[31m=[32m"display: flex; flex-direction: column;"[31m
                    [36m>[31m
                      [36m<span[31m
                        [33mstyle[31m=[32m"font-size: 0.9rem;"[31m
                      [36m>[31m
                        [0mNo asignado[0m
                      [36m</span>[31m
                    [36m</div>[31m
                  [36m</td>[31m
                  [36m<td>[31m
                    [36m<div[31m
                      [33mclass[31m=[32m"tooltip-container"[31m
                    [36m>[31m
                      [36m<span[31m
                        [33mclass[31m=[32m"commission-badge"[31m
                      [36m>[31m
                        [0m1[0m
                        [0m ├¡tems[0m
                      [36m</span>[31m
                      [36m<div[31m
                        [33mclass[31m=[32m"tooltip-content glassmorphism"[31m
                      [36m>[31m
                        [36m<div[31m
                          [33mstyle[31m=[32m"font-weight: bold; border-bottom: 1px solid var(--border-color); margin-bottom: 5px; padding-bottom: 3px;"[31m
                        [36m>[31m
                          [0mReceta T├⌐cnica[0m
                        [36m</div>[31m
                        [36m<div[31m
                          [33mstyle[31m=[32m"font-size: 0.8rem; display: flex; justify-content: space-between; gap: 10px;"[31m
                        [36m>[31m
                          [36m<span />[31m
                          [36m<span[31m
                            [33mstyle[31m=[32m"font-weight: bold; color: var(--accent-cyan);"[31m
                          [36m>[31m
                            [0mx[0m
                            [0m1[0m
                          [36m</span>[31m
                        [36m</div>[31m
                      [36m</div>[31m
                    [36m</div>[31m
                  [36m</td>[31m
                  [36m<td>[31m
                    [36m<div[31m
                      [33mclass[31m=[32m"action-buttons"[31m
                    [36m>[31m
                      [36m<button[31m
                        [33mclass[31m=[32m"btn-view"[31m
                        [33mtitle[31m=[32m"Editar"[31m
                      [36m>[31m
                        [0mΓ£Å∩╕Å[0m
                      [36m</button>[31m
                      [36m<button[31m
                        [33mclass[31m=[32m"btn-delete"[31m
                        [33mtitle[31m=[32m"Eliminar"[31m
                      [36m>[31m
                        [0m≡ƒùæ∩╕Å[0m
                      [36m</button>[31m
                    [36m</div>[31m
                  [36m</td>[31m
                [36m</tr>[31m
              [36m</tbody>[31m
            [36m</table>[31m
          [36m</div>[31m
        [36m</div>[31m
      [36m</main>[31m
    [36m</div>[31m
  [36m</div>[31m
[36m</body>[31m

Ignored nodes: comments, script, style
[36m<html>[31m
  [36m<head />[31m
  [36m<body>[31m
    [36m<div>[31m
      [36m<div[31m
        [33mclass[31m=[32m"layout-container"[31m
      [36m>[31m
        [36m<nav[31m
          [33mclass[31m=[32m"sidebar"[31m
        [36m>[31m
          [36m<div[31m
            [33mclass[31m=[32m"logo"[31m
          [36m>[31m
            [0mM├⌐dica[0m
            [36m<span>[31m
              [0mERP[0m
            [36m</span>[31m
          [36m</div>[31m
          [36m<ul[31m
            [33mclass[31m=[32m"nav-links"[31m
          [36m>[31m
            [36m<li[31m
              [33mclass[31m=[32m""[31m
            [36m>[31m
              [0mDashboard[0m
            [36m</li>[31m
            [36m<li[31m
              [33mclass[31m=[32m""[31m
            [36m>[31m
              [0mPacientes[0m
            [36m</li>[31m
            [36m<li[31m
              [33mclass[31m=[32m""[31m
            [36m>[31m
              [0mM├⌐dicos[0m
            [36m</li>[31m
            [36m<li[31m
              [33mclass[31m=[32m"active"[31m
            [36m>[31m
              [0mServicios[0m
            [36m</li>[31m
            [36m<li[31m
              [33mclass[31m=[32m""[31m
            [36m>[31m
              [0mFacturaci├│n[0m
            [36m</li>[31m
            [36m<li>[31m
              [0mInventario[0m
            [36m</li>[31m
            [36m<li>[31m
              [0mLiquidaci├│n[0m
            [36m</li>[31m
          [36m</ul>[31m
        [36m</nav>[31m
        [36m<main[31m
          [33mclass[31m=[32m"main-content"[31m
        [36m>[31m
          [36m<header[31m
            [33mclass[31m=[32m"topbar"[31m
          [36m>[31m
            [36m<div[31m
              [33mstyle[31m=[32m"display: flex; align-items: center; gap: 16px;"[31m
            [36m>[31m
              [36m<h2>[31m
                [0mGesti├│n de Servicios[0m
              [36m</h2>[31m
            [36m</div>[31m
            [36m<div[31m
              [33mclass[31m=[32m"user-profile"[31m
            [36m>[31m
              [36m<button[31m
                [33mclass[31m=[32m"theme-toggle"[31m
              [36m>[31m
                [0mΓÿÇ∩╕Å Modo Claro[0m
              [36m</button>[31m
              [36m<div[31m
                [33mclass[31m=[32m"avatar"[31m
              [36m>[31m
                [0mAD[0m
              [36m</div>[31m
              [36m<span>[31m
                [0mAdministrador[0m
              [36m</span>[31m
            [36m</div>[31m
          [36m</header>[31m
          [36m<div[31m
            [33mclass[31m=[32m"patient-list animate-in"[31m
          [36m>[31m
            [36m<div[31m
              [33mclass[31m=[32m"search-bar-container"[31m
            [36m>[31m
              [36m<div[31m
                [33mclass[31m=[32m"search-input-wrapper"[31m
                [33mstyle[31m=[32m"flex: 1 1 0%; position: relative;"[31m
              [36m>[31m
                [36m<input[31m
                  [33mclass[31m=[32m"search-input glassmorphism"[31m
                  [33mplaceholder[31m=[32m"Buscar por servicio o m├⌐dico..."[31m
                  [33mstyle[31m=[32m"width: 100%; border-radius: 12px;"[31m
                  [33mtype[31m=[32m"text"[31m
                  [33mvalue[31m=[32m""[31m
                [36m/>[31m
              [36m</div>[31m
              [36m<button[31m
                [33mclass[31m=[32m"btn-primary"[31m
              [36m>[31m
                [36m<span>[31m
                  [0m+[0m
                [36m</span>[31m
                [0m Nuevo Servicio[0m
              [36m</button>[31m
            [36m</div>[31m
            [36m<div[31m
              [33mclass[31m=[32m"table-wrapper glassmorphism"[31m
            [36m>[31m
              [36m<table[31m
                [33mclass[31m=[32m"modern-table"[31m
              [36m>[31m
                [36m<thead>[31m
                  [36m<tr>[31m
                    [36m<th>[31m
                      [0mServicio[0m
                    [36m</th>[31m
                    [36m<th>[31m
                      [0mPrecio (USD)[0m
                    [36m</th>[31m
                    [36m<th>[31m
                      [0mEstatus IVA[0m
                    [36m</th>[31m
                    [36m<th>[31m
                      [0mM├⌐dico Defecto[0m
                    [36m</th>[31m
                    [36m<th>[31m
                      [0mInsumos[0m
                    [36m</th>[31m
                    [36m<th>[31m
                      [0mAcciones[0m
                    [36m</th>[31m
                  [36m</tr>[31m
                [36m</thead>[31m
                [36m<tbody>[31m
                  [36m<tr>[31m
                    [36m<td>[31m
                      [36m<div[31m
                        [33mstyle[31m=[32m"display: flex; align-items: center; gap: 12px;"[31m
                      [36m>[31m
                        [36m<div[31m
                          [33mclass[31m=[32m"avatar"[31m
                          [33mstyle[31m=[32m"width: 32px; height: 32px; font-size: 0.8rem;"[31m
                        [36m>[31m
                          [0mCO[0m
                        [36m</div>[31m
                        [36m<span[31m
                          [33mstyle[31m=[32m"font-weight: 600;"[31m
                        [36m>[31m
                          [0mConsulta General[0m
                        [36m</span>[31m
                      [36m</div>[31m
                    [36m</td>[31m
                    [36m<td>[31m
                      [36m<span[31m
                        [33mclass[31m=[32m"text-cyan"[31m
                        [33mstyle[31m=[32m"font-weight: 700;"[31m
                      [36m>[31m
                        [0m$[0m
                        [0m30.00[0m
                      [36m</span>[31m
                    [36m</td>[31m
                    [36m<td>[31m
                      [36m<span[31m
                        [33mclass[31m=[32m"status-badge active"[31m
                      [36m>[31m
                        [0mExento[0m
                      [36m</span>[31m
                    [36m</td>[31m
                    [36m<td>[31m
                      [36m<div[31m
                        [33mstyle[31m=[32m"display: flex; flex-direction: column;"[31m
                      [36m>[31m
                        [36m<span[31m
                          [33mstyle[31m=[32m"font-size: 0.9rem;"[31m
                        [36m>[31m
                          [0mNo asignado[0m
                        [36m</span>[31m
                      [36m</div>[31m
                    [36m</td>[31m
                    [36m<td>[31m
                      [36m<div[31m
                        [33mclass[31m=[32m"tooltip-container"[31m
                      [36m>[31m
                        [36m<span[31m
                          [33mclass[31m=[32m"commission-badge"[31m
                        [36m>[31m
                          [0m0[0m
                          [0m ├¡tems[0m
                        [36m</span>[31m
                      [36m</div>[31m
                    [36m</td>[31m
                    [36m<td>[31m
                      [36m<div[31m
                        [33mclass[31m=[32m"action-buttons"[31m
                      [36m>[31m
                        [36m<button[31m
                          [33mclass[31m=[32m"btn-view"[31m
                          [33mtitle[31m=[32m"Editar"[31m
                        [36m>[31m
                          [0mΓ£Å∩╕Å[0m
                        [36m</button>[31m
                        [36m<button[31m
                          [33mclass[31m=[32m"btn-delete"[31m
                          [33mtitle[31m=[32m"Eliminar"[31m
                        [36m>[31m
                          [0m≡ƒùæ∩╕Å[0m
                        [36m</button>[31m
                      [36m</div>[31m
                    [36m</td>[31m
                  [36m</tr>[31m
                  [36m<tr>[31m
                    [36m<td>[31m
                      [36m<div[31m
                        [33mstyle[31m=[32m"display: flex; align-items: center; gap: 12px;"[31m
                      [36m>[31m
                        [36m<div[31m
                          [33mclass[31m=[32m"avatar"[31m
                          [33mstyle[31m=[32m"width: 32px; height: 32px; font-size: 0.8rem;"[31m
                        [36m>[31m
                          [0mEL[0m
                        [36m</div>[31m
                        [36m<span[31m
                          [33mstyle[31m=[32m"font-weight: 600;"[31m
                        [36m>[31m
                          [0mElectrocardiograma[0m
                        [36m</span>[31m
                      [36m</div>[31m
                    [36m</td>[31m
                    [36m<td>[31m
                      [36m<span[31m
                        [33mclass[31m=[32m"text-cyan"[31m
                        [33mstyle[31m=[32m"font-weight: 700;"[31m
                      [36m>[31m
                        [0m$[0m
                        [0m50.00[0m
                      [36m</span>[31m
                    [36m</td>[31m
                    [36m<td>[31m
                      [36m<span[31m
                        [33mclass[31m=[32m"status-badge inactive"[31m
                      [36m>[31m
                        [0mIVA 16%[0m
                      [36m</span>[31m
                    [36m</td>[31m
                    [36m<td>[31m
                      [36m<div[31m
                        [33mstyle[31m=[32m"display: flex; flex-direction: column;"[31m
                      [36m>[31m
                        [36m<span[31m
                          [33mstyle[31m=[32m"font-size: 0.9rem;"[31m
                        [36m>[31m
                          [0mNo asignado[0m
                        [36m</span>[31m
                      [36m</div>[31m
                    [36m</td>[31m
                    [36m<td>[31m
                      [36m<div[31m
                        [33mclass[31m=[32m"tooltip-container"[31m
                      [36m>[31m
                        [36m<span[31m
                          [33mclass[31m=[32m"commission-badge"[31m
                        [36m>[31m
                          [0m1[0m
                          [0m ├¡tems[0m
                        [36m</span>[31m
                        [36m<div[31m
                          [33mclass[31m=[32m"tooltip-content glassmorphism"[31m
                        [36m>[31m
                          [36m<div[31m
                            [33mstyle[31m=[32m"font-weight: bold; border-bottom: 1px solid var(--border-color); margin-bottom: 5px; padding-bottom: 3px;"[31m
                          [36m>[31m
                            [0mReceta T├⌐cnica[0m
                          [36m</div>[31m
                          [36m<div[31m
                            [33mstyle[31m=[32m"font-size: 0.8rem; display: flex; justify-content: space-between; gap: 10px;"[31m
                          [36m>[31m
                            [36m<span />[31m
                            [36m<span[31m
                              [33mstyle[31m=[32m"font-weight: bold; color: var(--accent-cyan);"[31m
                            [36m>[31m
                              [0mx[0m
                              [0m1[0m
                            [36m</span>[31m
                          [36m</div>[31m
                        [36m</div>[31m
                      [36m</div>[31m
                    [36m</td>[31m
                    [36m<td>[31m
                      [36m<div[31m
                        [33mclass[31m=[32m"action-buttons"[31m
                      [36m>[31m
                        [36m<button[31m
                          [33mclass[31m=[32m"btn-view"[31m
                          [33mtitle[31m=[32m"Editar"[31m
                        [36m>[31m
                          [0mΓ£Å∩╕Å[0m
                        [36m</button>[31m
                        [36m<button[31m
                          [33mclass[31m=[32m"btn-delete"[31m
                          [33mtitle[31m=[32m"Eliminar"[31m
                        [36m>[31m
                          [0m≡ƒùæ∩╕Å[0m
                        [36m</button>[31m
                      [36m</div>[31m
                    [36m</td>[31m
                  [36m</tr>[31m
                [36m</tbody>[31m
              [36m</table>[31m
            [36m</div>[31m
          [36m</div>[31m
        [36m</main>[31m
      [36m</div>[31m
    [36m</div>[31m
  [36m</body>[31m
[36m</html>[31m[39m
 [32mΓ£ô[39m tests/unit/App.test.jsx [2m ([22m[2m3 tests[22m[2m)[22m[33m 1268[2mms[22m[39m
 [33mΓ¥»[39m tests/integration/persistence.test.js [2m ([22m[2m1 test[22m [2m|[22m [31m1 failed[39m[2m)[22m[90m 22[2mms[22m[39m
[31m   [33mΓ¥»[31m tests/integration/persistence.test.js[2m > [22mSQLite Local Persistence[2m > [22mshould insert a client and verify it persists after reconnection[39m
[31m     ΓåÆ Cannot read properties of null (reading 'exec')[39m
 [32mΓ£ô[39m tests/unit/accounting.test.js [2m ([22m[2m3 tests[22m[2m)[22m[90m 13[2mms[22m[39m
 [33mΓ¥»[39m tests/integration/auth.test.js [2m ([22m[2m3 tests[22m [2m|[22m [31m3 failed[39m[2m)[22m[90m 18[2mms[22m[39m
[31m   [33mΓ¥»[31m tests/integration/auth.test.js[2m > [22mLocal Authentication System[2m > [22mshould reject incorrect passwords[39m
[31m     ΓåÆ Cannot read properties of null (reading 'exec')[39m
[31m   [33mΓ¥»[31m tests/integration/auth.test.js[2m > [22mLocal Authentication System[2m > [22mshould reject non-registered users[39m
[31m     ΓåÆ Cannot read properties of null (reading 'exec')[39m
[31m   [33mΓ¥»[31m tests/integration/auth.test.js[2m > [22mLocal Authentication System[2m > [22mshould allow access to registered users with correct passwords[39m
[31m     ΓåÆ Cannot read properties of null (reading 'exec')[39m
 [32mΓ£ô[39m src/App.test.jsx [2m ([22m[2m2 tests[22m[2m)[22m[33m 408[2mms[22m[39m

[2m Test Files [22m [1m[31m9 failed[39m[22m[2m | [22m[1m[32m8 passed[39m[22m[90m (17)[39m
[2m      Tests [22m [1m[31m25 failed[39m[22m[2m | [22m[1m[32m47 passed[39m[22m[2m | [22m[33m1 skipped[39m[90m (73)[39m
[2m   Start at [22m 16:42:40
[2m   Duration [22m 33.36s[2m (transform 6.68s, setup 19.94s, collect 12.52s, tests 17.57s, environment 126.70s, prepare 14.13s)[22m

